Reader HAP build-system docs and skills contract: PASS
PASS preparation cancellation remains retired after foreground/visibility recovers; explicit resume remains available
PASS explicit download waits for cancelled preparation claims; ordinary foreground reading stays immediate
PASS durable reading preparation: strict first-readable add, search-body reuse, restart resume, 50-book fairness/current±3, raw-only rebuild, pause/403/resource boundaries, unchanged progress and real RPC cleanup fence
PASS cancel readable add: pre-dispatch/in-flight begin fences, prompt HTTP cancellation, per-book isolation, resumed task guard, newer attempt ownership and strict-add CAS race
app shell safe geometry: PASS
PASS: ArkWeb document DNS pin plus same-host navigation/resource enforcement
PASS: ArkWeb queue and cookie capture retain their admitted session generation
PASS: ArkWeb cookie capture keeps exact admitted host scope
(node:67313) ExperimentalWarning: stripTypeScriptTypes is an experimental feature and might change at any time
(Use `node --trace-warnings ...` to show where the warning was created)
PASS actual resource callbacks: first full match before page-ready, no timeline or refetch
PASS serialized matching preserves callback order across delayed evaluations
PASS source initialization runs once and its real resource event completes capture
PASS an earlier admitted match wins over a later resource-budget terminal marker
PASS terminal cleanup and late callback suppression: timeout
PASS terminal cleanup and late callback suppression: cancel
PASS terminal cleanup and late callback suppression: detach
PASS terminal cleanup and late callback suppression: cookie-generation
PASS terminal cleanup and late callback suppression: network
PASS terminal cleanup and late callback suppression: budget
PASS terminal cleanup and late callback suppression: invalid-matcher
PASS source profiles retain isolated cookie hydration/capture and generation
PASS POST HTML capture, bounded matcher admission and production callback wiring
PASS execution failure is terminal with bounded cleanup: matcher-reject
PASS execution failure is terminal with bounded cleanup: matcher-sync-throw
PASS execution failure is terminal with bounded cleanup: initialization-reject
PASS execution failure is terminal with bounded cleanup: load-throw
PASS late asynchronous matcher completion cannot publish into the next source profile
PASS quotes and executable-looking text in observed URLs remain JSON-encoded data
PASS SDK native callback isolation: old resource/pageEnd/pageBegin/network/detach/attach/actions cannot contaminate a new surface; same new URL is accepted
PASS missing native retirement ACK times out without controller reuse, Host remount or cookie crossover, then recovers after ACK
PASS never-mounted surface cancellation/retirement/recovery: cancel-before-mount
PASS never-mounted surface cancellation/retirement/recovery: timeout-before-mount
PASS never-mounted surface cancellation/retirement/recovery: host-detach-before-mount
PASS controller constructor failure preserves the original error, clears active state and recovers; prior retired surface=false
PASS controller constructor failure preserves the original error, clears active state and recovers; prior retired surface=true
PH76 Host production-path resource capture: 26 scenario groups passed; SDK closure checks are local, native lifecycle timing still requires VM evidence
PASS system route waits for native restore ACK before loading, including public IP literals
PASS system synthetic DNS retains the admitted address pin and Host/TLS hostname
PASS cancel during DIRECT setup: late apply/cleanup ACK is isolated, native configuration serializes and next route restores system
PASS timeout during DIRECT setup: late apply/cleanup ACK is isolated, native configuration serializes and next route restores system
PASS missing cleanup ACK bounds later jobs, retains no expired waiters, and permits recovery only after real cleanup ACK
PASS synchronous proxy apply failure is typed; setup can recover, unconfirmed cleanup blocks all later loads
PASS synchronous proxy remove failure is typed; setup can recover, unconfirmed cleanup blocks all later loads
PASS SDK main-frame failure classification: proxy
PASS SDK main-frame failure classification: 407
PASS SDK main-frame failure classification: TLS
PASS SDK main-frame failure classification: 404
PASS SDK main-frame failure classification: generic-connect
PASS SDK main-frame failure classification: numeric-only
PASS SDK main-frame failure classification: direct407
PASS SDK main-frame failure classification: lookalike-url
PASS pre-load/about:blank/subresource failures cannot poison the main document
PH92 ArkWeb proxy lifecycle/native failure: 16 additional scenario groups passed; no device or native timing acceptance claimed
PASS existing HTML challenge classification precedes ordinary HTTP 401 failure
PASS existing HTML challenge classification precedes ordinary HTTP 403 failure
PASS existing HTML challenge classification precedes ordinary HTTP 429 failure
PASS an ordinary forbidden document stays a source HTTP failure after challenge detection
PASS native detach cancels pending proxy ACK immediately and late configuration is cleaned
PH92 proxy/challenge compatibility: 5 additional scenario groups passed
PASS production blank lifecycle before/after real load never sets page ready, final URL or schedules source initialization (2 scenarios)
(node:67331) ExperimentalWarning: stripTypeScriptTypes is an experimental feature and might change at any time
(Use `node --trace-warnings ...` to show where the warning was created)
PASS diagnostic early fixture, fixed admission, measurement and timer/observer cleanup
PASS early timing uses this run and exact target document: native blank initialization excluded, premature/foreign/incomplete evidence still fails (11 scenarios)
PASS bounded data diagnostics and exact native URI-Base64 admission: tamper/unsupported/malformed/oversized remain denied, no URL or body disclosure
PASS diagnostic rejects incomplete new-surface evidence: missing-resource
PASS diagnostic rejects incomplete new-surface evidence: missing-match
PASS diagnostic rejects incomplete new-surface evidence: reversed
PASS diagnostic rejects incomplete new-surface evidence: wrong-match
PASS diagnostic attributes old resource token during new job: lateOld=false
PASS diagnostic attributes old resource token during new job: lateOld=true
PASS disposing the pilot cancels only owned jobs and clears response timers/observer
PASS diagnostic execution errors retain a failure receipt
PASS actual SDK Host callback: exact main document, tamper rejection, policy-first order and redacted navigation labels
PASS new run rejects previous run main URL and data document
PH76 diagnostic runner: 12 scenario groups plus actual SDK Host callback/default/policy wiring passed; these are local checks, not VM evidence
PASS safe preload diagnostics: 6 native operation receipts and arbitrary-error URL/credential suppression
(node:67443) ExperimentalWarning: stripTypeScriptTypes is an experimental feature and might change at any time
(Use `node --trace-warnings ...` to show where the warning was created)
shared book acquisition lifecycle, identities, and scheduling: PASS
shared detail/TOC/body cancellation: each consumer owns its lifetime; Core cancellation cannot be revived PASS
PH65 registry epoch: five mutation entries success/failure and late list deletion race PASS
R1/R2 cache-refresh separation, original freshness, dispatch consumers and scoped facts: PASS
PASS actual cache handoff: ordinary prefetch preserves other/current books; real mutations invalidate; title projection skips chapter-state scans
Entry catalog reuse: exact admitted projection, cancellation, conversion and external catalog invalidation PASS
PASS real coordinator metadata scheduling: admission, background cap, foreground dispatch and pre-dispatch cancellation
author metadata: 33 shared Core/Host cases, actual search decode/group/shelf/alias/source-switch chains PASS
source-bound @ author: SDK result decode → initial group/relevance → candidate/switch proof, genuine @ and @@/stale/malformed negatives PASS
(node:67583) ExperimentalWarning: stripTypeScriptTypes is an experimental feature and might change at any time
(Use `node --trace-warnings ...` to show where the warning was created)
PH119 standalone BookDirectoryPage actual methods and SDK Builder: PASS
(node:67597) ExperimentalWarning: stripTypeScriptTypes is an experimental feature and might change at any time
(Use `node --trace-warnings ...` to show where the warning was created)
(node:67646) ExperimentalWarning: stripTypeScriptTypes is an experimental feature and might change at any time
(Use `node --trace-warnings ...` to show where the warning was created)
shared metadata: identical 56/55 and transitive 74/73 URL/source sets, rename/remount, no network, synopsis presentation: PASS
book-source production import contract: PASS
(node:67662) ExperimentalWarning: stripTypeScriptTypes is an experimental feature and might change at any time
(Use `node --trace-warnings ...` to show where the warning was created)
PASS 52 production bookshelf timeline/Builder samples; retained detail action actors and real safety gates. Native pixels remain unverified.
(node:67686) ExperimentalWarning: stripTypeScriptTypes is an experimental feature and might change at any time
(Use `node --trace-warnings ...` to show where the warning was created)
bookshelf detail removal: PASS
PASS shelf filters: state/type dimensions and live chips survive gear removal; shared order, legacy data and hidden batch-selection safety
(node:67742) ExperimentalWarning: stripTypeScriptTypes is an experimental feature and might change at any time
(Use `node --trace-warnings ...` to show where the warning was created)
bookshelf management Core ownership contract: PASS
(node:67872) ExperimentalWarning: stripTypeScriptTypes is an experimental feature and might change at any time
(Use `node --trace-warnings ...` to show where the warning was created)
{"name":"manual update bypasses prepared sessions and executes real Gateway detail/TOC","status":"PASS"}
{"name":"manual update also bypasses durable catalog cache after prepared eviction","status":"PASS"}
{"name":"manual request waits for a cache-only in-flight acquisition then refreshes","status":"PASS"}
{"name":"per-book failure/empty results preserve old records, settle flags and continue bounded batch","status":"PASS"}
{"name":"automatic checks retain 10-minute threshold and disabled/local/active-sweep exclusions","status":"PASS"}
{"name":"automatic work waits for settings and yields to reading; manual work stays explicit","status":"PASS"}
{"name":"paged filtered shelf automatic sweep covers offscreen targets and cancels before network","status":"PASS"}
{"name":"automatic catalog projection does not rescan its own new revision","status":"PASS"}
{"name":"multiple force waiters share one refresh after the nonforce admission settles","status":"PASS"}
{"name":"force waiting revalidates cancel before new network work","status":"PASS"}
{"name":"force waiting revalidates close before new network work","status":"PASS"}
{"name":"force waiting revalidates source-delete before new network work","status":"PASS"}
PH60 real Index → Gateway → Coordinator manual catalog refresh and bounded failure recovery PASS
PASS PH60 More: four rows, bounded scrolling geometry, anchored pointer, live progress/theme, empty/background guards and once-only update
(node:67931) ExperimentalWarning: stripTypeScriptTypes is an experimental feature and might change at any time
(Use `node --trace-warnings ...` to show where the warning was created)
(node:67978) ExperimentalWarning: stripTypeScriptTypes is an experimental feature and might change at any time
(Use `node --trace-warnings ...` to show where the warning was created)
PASS shelf pages: bounded first read, independent continue summary, filtered-empty distinction, complete membership, stale revision restart, cancellation and anchor extension
PASS shelf page UI ownership: single request, append, stale generation/runtime rejection, changed revision refresh and duplicate-page rejection
PASS 1001-book forward/backward bounded windows, partial-tail alignment and one-query deep anchor
PASS synchronous native reload cannot overwrite the old visible-book anchor
PASS TXT uses format identity without changing Core metadata
PASS default group retains empty and explicit default identities without mutating legacy groups
PASS three remaining section actions preserve the filter toggle without entering settings or groups
PASS empty shelf uses the same right-aligned three-action header
PASS PH61 progress/source retain equal left/right slots and live progress after row reuse
PASS PH116 detail preview expands up to 20 rows in the outer detail scroll
PASS day: detail metadata shares source typography, label and moving source action
PASS night: detail metadata shares source typography, label and moving source action
PASS PH46/47 original author typography and the entire five-line block align with the cover
PASS missing synopsis is explained without contaminating the metadata projection
PASS empty chapters expose status: 暂无章节信息
PASS empty chapters expose status: 正在读取本地目录…
PASS empty chapters expose status: 目录读取失败，请重试
PASS source name/category/URL remain distinct and login precedes detect (no login)
PASS source name/category/URL remain distinct and login precedes detect (login)
PASS single-book sheet matches cover frame and both layers have straight lower corners
PASS 44vp source SVG stays 44vp in the single-book more action
(node:68050) ExperimentalWarning: stripTypeScriptTypes is an experimental feature and might change at any time
(Use `node --trace-warnings ...` to show where the warning was created)
(node:68094) ExperimentalWarning: stripTypeScriptTypes is an experimental feature and might change at any time
(Use `node --trace-warnings ...` to show where the warning was created)
bookshelf reading entry: PASS (local/remote, info/search, back, cancellation, failure, retry/source switch)
Reader Info production chain: explicit navigation, serialized stop/record/progress, save failure/retry and layered Back PASS
PASS original shelf dispatch: unread/read, local/remote; no snapshot prerequisite or loading overlay; source-switch Back protection. Device first-frame timing is not measured by this test.
(node:68218) ExperimentalWarning: stripTypeScriptTypes is an experimental feature and might change at any time
(Use `node --trace-warnings ...` to show where the warning was created)
(node:68339) ExperimentalWarning: stripTypeScriptTypes is an experimental feature and might change at any time
(Use `node --trace-warnings ...` to show where the warning was created)
bookshelf shared scan: PASS (single scan, fallback, revision fencing, bounded retry)
(node:68400) ExperimentalWarning: stripTypeScriptTypes is an experimental feature and might change at any time
(Use `node --trace-warnings ...` to show where the warning was created)
PASS Core shelf-name DTO, cold source.list failure, rename/delete/source identity, legacy field compatibility and progress-preserving Host projection
shelf source fallback: exact unique identities only, cancellation and foreign-result rejection PASS
PASS bookshelf startup readiness: authoritative first-page card, global filtered/truncated fallback, delayed/failing reads, acknowledged mode reuse, write/restore context fencing and no duplicate projection
(node:68434) ExperimentalWarning: stripTypeScriptTypes is an experimental feature and might change at any time
(Use `node --trace-warnings ...` to show where the warning was created)
bookshelf tablet navigation contract: PASS
PASS surface repair: production import lifecycle, serialized local mode migration/failure, shared projection, responsive sizing, history and spinner ownership
PASS bookshelf/import current approved surfaces: shared four-row typography, separate menus, cover-aligned sheet, measured results and bounded animation
(node:68473) ExperimentalWarning: stripTypeScriptTypes is an experimental feature and might change at any time
(Use `node --trace-warnings ...` to show where the warning was created)
PASS bookshelf cover handoff: bidirectional opacity, whole-cover composition, final-frame continuity, retained default/image actors, historical negative controls; native pixels remain separate
(node:68525) ExperimentalWarning: stripTypeScriptTypes is an experimental feature and might change at any time
(Use `node --trace-warnings ...` to show where the warning was created)
PASS bookshelf route return: identity+item offset, list/state/type filters, removed group-filter migration, reordered books, late callback isolation
(node:68637) ExperimentalWarning: stripTypeScriptTypes is an experimental feature and might change at any time
(Use `node --trace-warnings ...` to show where the warning was created)
build provenance embedded NAPI contract: PASS
(node:68728) ExperimentalWarning: stripTypeScriptTypes is an experimental feature and might change at any time
(Use `node --trace-warnings ...` to show where the warning was created)
Bundled source Host boundary: controlled paths, unchanged I/O guards, real supply-to-Host wiring PASS
bundled book-source import collection: PASS (1046 tested records, 919 unique identities)
cookie exact-host and HttpOnly script-isolation policy: PASS
core build identity startup contract: PASS
(node:68806) ExperimentalWarning: stripTypeScriptTypes is an experimental feature and might change at any time
(Use `node --trace-warnings ...` to show where the warning was created)
PASS: detail mutation settles after exit; stale window completion cannot load content
PASS search preview uses exact Core membership before source fallback; partial shelf and stale membership lookup cannot substitute a saved source
PASS: active detail admission retains one shared refresh with success/failure/stale guards; startup preserves complete EPUB resources
PASS: ambiguous persist reply preserves EPUB resources and asks to reconcile before retry
PASS: deterministic import.persist rejection discards staged input without recovery orphan
PASS: lost bookshelf.add reply reconciles durable shelf truth before compensation
PASS: deterministic bookshelf.add rejection never reports an older shelf row as a new commit
(node:68935) ExperimentalWarning: stripTypeScriptTypes is an experimental feature and might change at any time
(Use `node --trace-warnings ...` to show where the warning was created)
PASS production Index + actual Coordinator/Gateway: stable return/new catalog, exact evidence negatives, source/processing races, delayed offline readmission. No device pixel claim.
(node:69049) ExperimentalWarning: stripTypeScriptTypes is an experimental feature and might change at any time
(Use `node --trace-warnings ...` to show where the warning was created)
PH119 independent catalog routing, retained detail Builder and exact initial bookmark lifecycle: PASS
discover source filter and pagination contract: PASS
dynamic ArkUI list refresh contracts: PASS
PASS bookshelf append/trim native notifications, unchanged projection and position-independent identities
(node:69105) ExperimentalWarning: stripTypeScriptTypes is an experimental feature and might change at any time
(Use `node --trace-warnings ...` to show where the warning was created)
error-message conformance: PASS (134 sources swept)
(node:69127) ExperimentalWarning: stripTypeScriptTypes is an experimental feature and might change at any time
(Use `node --trace-warnings ...` to show where the warning was created)
HarmonyOS HAP pipeline contract: PASS
Harmony HttpTTS credential URL encoding and expansion bounds: PASS
(node:69142) ExperimentalWarning: stripTypeScriptTypes is an experimental feature and might change at any time
(Use `node --trace-warnings ...` to show where the warning was created)
Harmony TTS Host router and HttpTTS transport contract: PASS
(node:69166) ExperimentalWarning: stripTypeScriptTypes is an experimental feature and might change at any time
(Use `node --trace-warnings ...` to show where the warning was created)
PASS: 18 interrupted writes, durable clears, legacy migration and DNS cancellation
PASS: DNS pins serialize concurrent leases and reject rebound private addresses
PASS: clearing a session invalidates late HTTP/WebView cookies and allows a fresh login
PASS: HTTPS-only requests reject cleartext redirect downgrades
PASS: same-origin comparison normalizes host case and default HTTPS port
PASS: credential-bearing URL redirects stay on the same effective origin
PASS: custom credential-header redirects stay on the same effective origin
Host staging recovery retry: PASS
(node:69183) ExperimentalWarning: stripTypeScriptTypes is an experimental feature and might change at any time
(Use `node --trace-warnings ...` to show where the warning was created)
PASS production request payload and HTTP POST: empty/Chinese UTF-8, GBK, form join, exact/over byte limit and multipart with broken platform TextEncoder
Encoder evidence: actual SDK wrapper with bounded UTF-8/GBK fixtures; native variant is independently runnable
(node:69187) ExperimentalWarning: stripTypeScriptTypes is an experimental feature and might change at any time
(Use `node --trace-warnings ...` to show where the warning was created)
PASS actual HTTP transport: HEAD/204/205/304 absent or empty bodies, 200 empty string and binary bytes (22 cases)
PASS nonempty decoded strings and unknown body representations fail with bounded status/type diagnostics
PASS bodyless 4xx/5xx keeps explicit HTTP source rejection; actual rejection body remains unchanged
PASS actual redirect chain keeps empty hop Location and rejects private targets before dispatch; empty success survives final response conversion
PASS WebDAV redirect policy: downgrade and foreign origin rejected; same-origin HTTPS redirect admitted
PASS TypeError stage/source-line diagnostics preserve original failures, deduplicate, cap at 16 and cover payload and outer cookie paths without raw stack
PASS native request failure codes retain numeric/string integers, deduplicate and exclude arbitrary messages/URLs while retaining transport origin
PASS unknown native 2300999 preserves per-request transient HTTP evidence, not a global network outage or a source rule verdict
(node:69191) ExperimentalWarning: stripTypeScriptTypes is an experimental feature and might change at any time
(Use `node --trace-warnings ...` to show where the warning was created)
PASS actual Host -> SDK -> CoreError input -> reading classifier and safe search summary: TLS/23/no-code retain HTTP cause, only known transient codes retry; per-operation association survives repeats, cancellation and later independent failures stay separate
PASS raw binary Host: no Base64, same buffer, native/actual limits, private-target, HTTPS, cancellation and MIME protections
PASS declared body size rejects before decode; representation metadata on a bodyless response is preserved
PASS bounded text transport: native, declared and actual byte limits precede decoding
http transport conformance: PASS (23 vectors, ad87a5423ee60de43b7056e9fa2d6683302bb1b9378139dd271a7943b625c331)
(node:69198) ExperimentalWarning: stripTypeScriptTypes is an experimental feature and might change at any time
(Use `node --trace-warnings ...` to show where the warning was created)
PASS actual execute/redirect/cookie/DNS/transport URL normalization: Chinese/space, existing GBK percent escapes, query/fragment, method/body preservation and private target rejection
(node:69204) ExperimentalWarning: stripTypeScriptTypes is an experimental feature and might change at any time
(Use `node --trace-warnings ...` to show where the warning was created)
icon design contract: PASS (23 confirmed slots + 2 latent coupling/tint risks)
PASS import refresh: Figma C arc/source unchanged, 18vp slot, 23.754vp paint, 1.5vp stroke; retained Day/Night/Day.
(node:69246) ExperimentalWarning: stripTypeScriptTypes is an experimental feature and might change at any time
(Use `node --trace-warnings ...` to show where the warning was created)
(node:69316) ExperimentalWarning: stripTypeScriptTypes is an experimental feature and might change at any time
(Use `node --trace-warnings ...` to show where the warning was created)
incremental source supply: no-resource unchanged path, selective reads, failure/no seal, cancellation, index integrity PASS
node:internal/modules/run_main:107
    triggerUncaughtException(
    ^

AssertionError [ERR_ASSERTION]: reading near the current end must trigger a throttled TOC refresh
    at file:///Users/minliny/Documents/Reader/Reader-for-HarmonyOS/tools/test-legado-product-logic.mjs:33:8
    at ModuleJob.run (node:internal/modules/esm/module_job:437:25)
    at async onImport.tracePromise.__proto__ (node:internal/modules/esm/loader:642:26)
    at async asyncRunEntryPointWithESMLoader (node:internal/modules/run_main:101:5) {
  generatedMessage: false,
  code: 'ERR_ASSERTION',
  actual: "import type { RemoteReadingPositionScope } from '../features/reading/RemoteReadingPositionMigration';\n" +
    "import { readerAppColor } from '../features/common/ReaderThemeRegistry';\n" +
    "import { BookshelfSettingsPage } from '../features/bookshelf/BookshelfSettingsPage';\n" +
    "import { BookshelfGroupSelector } from '../features/bookshelf/BookshelfGroupSelector';\n" +
    "import { BookshelfManagementGateway } from '../features/bookshelf/BookshelfManagementGateway';\n" +
    "import type { JsonObject } from '@reader/core-harmony';\n" +
    "import { ReaderCoreRequestError } from '@reader/core-harmony';\n" +
    "import { SearchViewState } from '../features/search/SearchViewState';\n" +
    "import { SearchPublication } from '../features/search/SearchPublication';\n" +
    "import { resolveBookshelfBook } from '../features/bookshelf/BookshelfBookIdentity';\n" +
    "import { BookshelfViewState } from '../features/bookshelf/BookshelfViewState';\n" +
    "import { ReaderRuntimeOwner } from '../app/ReaderRuntimeOwner';\n" +
    "import { ReaderStartupTrace } from '../app/ReaderStartupTrace';\n" +
    "import { ReaderSystemFileOpenHost } from '../app/ReaderSystemFileOpenHost';\n" +
    "import { errorMessageOf } from '../app/ErrorMessage';\n" +
    "import { ReaderWindowCoordinator } from '../app/ReaderWindowCoordinator';\n" +
    "import { readerContentSafeTop } from '../features/common/ReaderWindowMetrics';\n" +
    'import {\n' +
    '  ReaderCoreGateway,\n' +
    '  type ShelfBook,\n' +
    '  type BookshelfState,\n' +
    "} from '../app/ReaderCoreGateway';\n" +
    'import {\n' +
    '  type BookshelfDataState,\n' +
    '  type BookshelfFilter,\n' +
    '  BookshelfFlowGateway,\n' +
    '  type BookshelfRemovalTarget,\n' +
    '  type BookshelfRemoveBatchOutcome,\n' +
    '  type BookshelfRemoveOutcome,\n' +
    "} from '../features/bookshelf/BookshelfFlowGateway';\n" +
    "import { BookshelfPage } from '../features/bookshelf/BookshelfPage';\n" +
    "import { BookshelfMultiSelectPage } from '../features/bookshelf/BookshelfMultiSelectPage';\n" +
    "import { BookshelfManagementPage } from '../features/bookshelf/BookshelfManagementPage';\n" +
    'import {\n' +
    '  BookshelfManagementOrchestrator,\n' +
    '  EMPTY_BOOKSHELF_MANAGEMENT_SNAPSHOT,\n' +
    '  type BookshelfManagementSnapshot,\n' +
    "} from '../features/bookshelf/BookshelfManagementOrchestrator';\n" +
    "import { DiscoverPage } from '../features/discover/DiscoverPage';\n" +
    'import {\n' +
    '  DiscoverOrchestrator,\n' +
    '  EMPTY_DISCOVER_PRESENTATION,\n' +
    '  type DiscoverPresentation,\n' +
    "} from '../features/discover/DiscoverOrchestrator';\n" +
    "import { BookshelfEmptyPage } from '../features/bookshelf/BookshelfEmptyPage';\n" +
    "import { LocalBookDetail } from '../features/bookshelf/LocalBookDetail';\n" +
    'import {\n' +
    '  LocalImportDialog,\n' +
    '  type LocalImportDialogState,\n' +
    "} from '../features/bookshelf/LocalImportDialog';\n" +
    'import type {\n' +
    '  LocalImportBatch,\n' +
    "} from '../features/bookshelf/LocalBookImportGateway';\n" +
    'import type {\n' +
    '  ReadingCommit,\n' +
    "} from '../features/reading/LocalReadingExperience';\n" +
    'import {\n' +
    '  ReaderBookmarkAnchorRequest,\n' +
    '  ReaderRetainedPresentation,\n' +
    '  readerEntryPresentation,\n' +
    "} from '../features/reading/LocalReadingExperience';\n" +
    "import { ReaderShell } from '../features/shell/ReaderShell';\n" +
    "import { BookDirectoryPage } from '../features/bookshelf/BookDirectoryPage';\n" +
    'import {\n' +
    '  loadReaderControlBookmarkProjection, mergeReaderControlBookmarkProjection,\n' +
    "} from '../features/reading/ReaderControlBookmarkLoad';\n" +
    'import {\n' +
    '  LocalReadingFlowGateway,\n' +
    '  type LocalReadingDownloadState,\n' +
    '  type LocalReadingTocEntry,\n' +
    "} from '../features/reading/LocalReadingFlowGateway';\n" +
    "import type { ReadingBookDetail } from '../features/reading/ReadingBookDetail';\n" +
    "import type { BookAcquisitionCandidate, BookAcquisitionChange } from '../app/BookAcquisitionCoordinator';\n" +
    "import type { RemoteReadingIdentity } from '../features/reading/RemoteReadingContract';\n" +
    "import { searchCandidateRank } from '../features/search/SearchCandidatePolicy';\n" +
    'import {\n' +
    '  RemoteChapterCacheRefreshError,\n' +
    '  RemoteReadingFlowGateway,\n' +
    '  type RemoteReadingBookSeed,\n' +
    '  type RemoteReadingProgressState,\n' +
    '  type RemoteReadingSession,\n' +
    "} from '../features/reading/RemoteReadingFlowGateway';\n" +
    "import { canAppendRemoteReadingCatalog, sameRemoteSessionEvidence, preparedRemoteChapterMatches, preparedRemoteChapterPositionMatches, withPreparedRemoteChapter, copyRemoteReadingSession } from '../features/reading/RemoteReadingEvidence';\n" +
    "import { captureRemotePositionContext, type RemoteReadingPositionContext } from '../features/reading/RemoteReadingPositionMigration';\n" +
    "import type { ReadingSessionChapter } from '../features/reading/ReadingChapterWindow';\n" +
    "import type { ReadingEntrySeed } from '../features/reading/ReadingEntryPreparation';\n" +
    "import { ReadingOfflineGateway, type ReadingOfflineBookProgress } from '../features/reading/ReadingOfflineGateway';\n" +
    'import {\n' +
    '  isRemoteSourceFailureKind,\n' +
    '  remoteReadingFailureKindOf,\n' +
    '  verdictForFailureKind,\n' +
    '  type RemoteContentVerdict,\n' +
    '  type RemoteReadingFailureKind,\n' +
    "} from '../features/reading/RemoteContentAdmission';\n" +
    'import type {\n' +
    '  ReaderBookIdentity,\n' +
    "} from '../features/reading/ReaderBookmarkProjection';\n" +
    'import {\n' +
    '  isRemoteReadingCacheFallbackEligible,\n' +
    '  RemoteReadingGatewayError,\n' +
    '  remoteReadingFailureRecord,\n' +
    '  type RemoteReadingVariable,\n' +
    "} from '../features/reading/RemoteReadingContract';\n" +
    'import type {\n' +
    '  ReaderDirectoryChapterStartBookmarkRequest,\n' +
    '  ReaderPageBookmarkToggleRequest,\n' +
    "} from '../features/reading/ReaderDirectoryMarkerState';\n" +
    'import type {\n' +
    '  SearchBook,\n' +
    '  SearchSource,\n' +
    "} from '../features/search/SearchGateway';\n" +
    "import { SearchOrchestrator } from '../features/search/SearchOrchestrator';\n" +
    'import {\n' +
    '  SearchPage,\n' +
    '  type SearchPresentation,\n' +
    "} from '../features/search/SearchPage';\n" +
    'import {\n' +
    '  RssGateway,\n' +
    '  type RssItem,\n' +
    '  type RssSourceExportResult,\n' +
    '  type RssSourceImportResult,\n' +
    '  type RssSubscription,\n' +
    "} from '../features/rss/RssGateway';\n" +
    'import {\n' +
    '  RssEntryDetailPage,\n' +
    '  type RssFavoritePresentation,\n' +
    "} from '../features/rss/RssEntryDetailPage';\n" +
    'import {\n' +
    '  RssSourceFeedPage,\n' +
    "} from '../features/rss/RssSourceFeedPage';\n" +
    'import {\n' +
    '  RssSubscriptionManagementPage,\n' +
    '  type RssSubscriptionManagementItem,\n' +
    "} from '../features/rss/RssSubscriptionManagementPage';\n" +
    "import { RssSubscriptionEditorPage } from '../features/rss/RssSubscriptionEditorPage';\n" +
    'import {\n' +
    '  EMPTY_RSS_EDITOR_SNAPSHOT,\n' +
    '  RssSubscriptionEditorOrchestrator,\n' +
    '  type RssSourceTextField,\n' +
    '  type RssSubscriptionEditorSnapshot,\n' +
    "} from '../features/rss/RssSubscriptionEditorOrchestrator';\n" +
    'import {\n' +
    '  RssOrchestrator,\n' +
    '  type RssEntrySnapshot,\n' +
    '  type RssSourceSnapshot,\n' +
    "} from '../features/rss/RssOrchestrator';\n" +
    'import {\n' +
    '  RssPage,\n' +
    '  type RssMode,\n' +
    '  type RssPresentation,\n' +
    "} from '../features/rss/RssPage';\n" +
    "import { SettingsPage, type SettingsSnapshot } from '../features/settings/SettingsPage';\n" +
    "import { SettingsOrchestrator } from '../features/settings/SettingsOrchestrator';\n" +
    "import { SettingsGateway } from '../features/settings/SettingsGateway';\n" +
    "import { RulesManagementPage } from '../features/settings/RulesManagementPage';\n" +
    'import {\n' +
    '  EMPTY_RULES_MANAGEMENT_SNAPSHOT,\n' +
    '  RulesManagementOrchestrator,\n' +
    '  type RulesManagementSnapshot,\n' +
    "} from '../features/settings/RulesManagementOrchestrator';\n" +
    'import type {\n' +
    '  DictRuleDraft,\n' +
    '  ManagedRuleSubscription,\n' +
    '  ReplaceRuleDraft,\n' +
    '  RuleSubscriptionDraft,\n' +
    '  TxtTocRuleDraft,\n' +
    "} from '../features/settings/RulesManagementGateway';\n" +
    'import {\n' +
    '  SourceGateway,\n' +
    '  type BookSource,\n' +
    "} from '../features/source/SourceGateway';\n" +
    "import { readerSourceCategoryIsText, readerSourceCategoryLabel } from '../features/source/ReaderSourceCategory';\n" +
    'import {\n' +
    '  SourceOrchestrator,\n' +
    '  type SourceImportCompletion,\n' +
    '  type SourceManagementStatusKind,\n' +
    "} from '../features/source/SourceOrchestrator';\n" +
    'import {\n' +
    '  buildSourceSwitchCommitParams,\n' +
    '  sourceSwitchCandidateKey,\n' +
    '  SourceSwitchGateway,\n' +
    '  type SourceSwitchCandidate,\n' +
    '  type SourceSwitchCommitOutcome,\n' +
    '  type SourceSwitchDiscoveryOutcome,\n' +
    '  type PendingSourceSwitch,\n' +
    '  type SourceSwitchProbeQuery,\n' +
    '  type SourceSwitchRollbackResult,\n' +
    '  type SourceSwitchTargetToc,\n' +
    "} from '../features/source/SourceSwitchGateway';\n" +
    "import { SourceManagementPage } from '../features/source/SourceManagementPage';\n" +
    "import { SourceToolsPage } from '../features/source/SourceToolsPage';\n" +
    'import {\n' +
    '  EMPTY_SOURCE_TOOLS_SNAPSHOT,\n' +
    '  SourceToolsOrchestrator,\n' +
    '  type SourceToolsSnapshot,\n' +
    "} from '../features/source/SourceToolsOrchestrator';\n" +
    "import { SourceSwitchPanel } from '../features/reading/SourceSwitchPanel';\n" +
    "import type { SourceSwitchPanelState } from '../features/reading/SourceSwitchPanel';\n" +
    "import { SyncPage } from '../features/sync/SyncPage';\n" +
    "import type { SyncSnapshot } from '../features/sync/SyncGateway';\n" +
    "import { SyncOrchestrator } from '../features/sync/SyncOrchestrator';\n" +
    "import { hilog } from '@kit.PerformanceAnalysisKit';\n" +
    "import deviceInfo from '@ohos.deviceInfo';\n" +
    "import { ArkWebExecutionHost } from '../app/ArkWebExecutionHost';\n" +
    "import { JsonImportDialog } from '../features/common/JsonImportDialog';\n" +
    "import { isReaderProductSurfaceEnabled } from '../app/ReaderProductScope';\n" +
    "import { TOK_GREEN, TOK_INK, TOK_MUTED, TOK_ON_PRIMARY } from '../features/common/ReaderTokens';\n" +
    '\n' +
    'const DOMAIN = 0x5244;\n' +
    "const IMPORT_PRESENTATION_KEY = 'reader.bookshelf.import.presentation.v1';\n" +
    'const MAX_IMPORT_RESULT_ITEMS = 50;\n' +
    "const LOCAL_SOURCE_ID = 'local';\n" +
    'const READING_CACHE_BEFORE = 2;\n' +
    'const READING_CACHE_AFTER = 2;\n' +
    'const CATALOG_REFRESH_NEAR_END = 3;\n' +
    'const CATALOG_REFRESH_INTERVAL_MS = 10 * 60 * 1000;\n' +
    'const CATALOG_REFRESH_RETRY_INTERVAL_MS = 30 * 1000;\n' +
    '\n' +
    "type ReaderRoute = 'bookshelf' | 'discover' | 'detail' | 'reading' | 'directory' | 'search' |\n" +
    "  'bookshelfManagement' | 'bookshelfMultiSelect' | 'bookshelfSettings' |\n" +
    "  'rss' | 'rssSubscriptionManagement' | 'rssSourceFeed' | 'rssEntryDetail' |\n" +
    "  'rssSubscriptionEditor' | 'settings' | 'rulesManagement' | 'source' | 'sourceTools' | 'sync';\n" +
    "type PreparedReaderRoute = 'reading' | 'directory';\n" +
    "type DirectoryReturnTarget = 'detail' | 'readerControl';\n" +
    "type RssDetailReturnTarget = 'rss' | 'rssSourceFeed';\n" +
    "type RssSourceFeedReturnTarget = 'rss' | 'rssSubscriptionManagement';\n" +
    "type JsonImportContext = 'bookSource' | 'ruleBundle' | 'rssMerge' | 'rssReplace';\n" +
    "type RulesManagementReturnTarget = 'settings' | 'reader';\n" +
    "type DetailReturnRoute = 'bookshelf' | 'search';\n" +
    "type SourceManagementReturnTarget = 'setti"... 292431 more characters,
  expected: /session\.entries\.length - commit\.chapterIndex - 1 <= CATALOG_REFRESH_NEAR_END/,
  operator: 'match',
  diff: 'simple'
}

Node.js v26.0.0
/Users/minliny/Documents/Reader/Reader-for-HarmonyOS/scripts/check-local.sh failed (1): <no output>
