{
  "status": "PASS",
  "runId": "20260911T154055Z-35f2f99a-7aaee730",
  "targetKind": "vm",
  "targetRef": "6460677a198b",
  "artifact": {
    "kind": "signed",
    "sha256": "66d1439ad5b29dcdb1656a870e95b8727488a10fbf38e285376bcfc3f5003a4f",
    "signature": {
      "status": "signed",
      "verified": true,
      "profileType": "debug",
      "appIdSha256": "b9063d56007d41e2a75024b1c337e1ae6cf2f344b19d473b426e7d3a9fc49abf",
      "appIdentifierSha256": "8c32879623adf9edc32b24b27309073c498195bd44d653ae5adc27918a13a58b",
      "certificateSha256": "9575a9891ccd56a278fcb9b881a4304e491319442f72e2530adc65fad248abb5"
    }
  },
  "installed": {
    "bundlePresent": true,
    "bundleName": "io.reader.harmonyos",
    "versionName": "1.0.0",
    "versionCode": 1000000,
    "appSignType": "none",
    "appProvisionType": "debug",
    "cpuAbi": "arm64-v8a",
    "appIdSha256": "b9063d56007d41e2a75024b1c337e1ae6cf2f344b19d473b426e7d3a9fc49abf",
    "appIdentifierSha256": "8c32879623adf9edc32b24b27309073c498195bd44d653ae5adc27918a13a58b"
  },
  "route": {
    "allowed": true,
    "reason": "matching-identity-signed-update-candidate",
    "preservesData": true
  }
}
