Production directory model: late load, centering ownership, route/data independence PASS
Production Directory virtual-row capture, fraction, frame coalescing and late-user-input guards PASS
node:internal/modules/run_main:107
    triggerUncaughtException(
    ^

AssertionError [ERR_ASSERTION]: Expected values to be strictly deep-equal:
+ actual - expected

+ [
+   'a new tab owns its queued centering: Expected values to be strictly deep-equal:\n' +
+     '+ actual - expected\n' +
+     '\n' +
+     '+ []\n' +
+     '- [\n' +
+     '-   [\n' +
+     '-     0,\n' +
+     '-     false,\n' +
+     "-     'CENTER'\n" +
+     '-   ]\n' +
+     '- ]\n',
+   'endpoint release discards both parts of the anchor: Expected values to be strictly equal:\n' +
+     '+ actual - expected\n' +
+     '\n' +
+     '+ 48.2\n' +
+     '- undefined\n'
+ ]
- []

    at file:///Users/minliny/Documents/Reader/Reader-for-HarmonyOS/tools/test-reader-control-directory-model.mjs:117:8
    at ModuleJob.run (node:internal/modules/esm/module_job:437:25)
    at async onImport.tracePromise.__proto__ (node:internal/modules/esm/loader:642:26)
    at async asyncRunEntryPointWithESMLoader (node:internal/modules/run_main:101:5) {
  generatedMessage: true,
  code: 'ERR_ASSERTION',
  actual: [
    'a new tab owns its queued centering: Expected values to be strictly deep-equal:\n' +
      '+ actual - expected\n' +
      '\n' +
      '+ []\n' +
      '- [\n' +
      '-   [\n' +
      '-     0,\n' +
      '-     false,\n' +
      "-     'CENTER'\n" +
      '-   ]\n' +
      '- ]\n',
    'endpoint release discards both parts of the anchor: Expected values to be strictly equal:\n' +
      '+ actual - expected\n' +
      '\n' +
      '+ 48.2\n' +
      '- undefined\n'
  ],
  expected: [],
  operator: 'deepStrictEqual',
  diff: 'simple'
}

Node.js v26.0.0
