node:internal/modules/run_main:107
    triggerUncaughtException(
    ^

AssertionError [ERR_ASSERTION]: FAIL queued old surface event rejected
FAIL queued old surface event rejected
FAIL queued old surface event rejected
FAIL queued old surface event rejected
FAIL queued old surface event rejected
FAIL queued old surface event rejected
FAIL queued old surface event rejected
FAIL queued old surface event rejected
FAIL queued old surface event rejected
FAIL retired callback cannot deliver queued failure
FAIL expired callback discarded
FAIL expired host discarded
event delivery: 22 checks, 12 failures


1 !== 0

    at file:///Users/minliny/Documents/Reader/Reader-for-HarmonyOS/tools/test-reader-book-turn-event-dispatch.mjs:67:10
    at ModuleJob.run (node:internal/modules/esm/module_job:437:25)
    at async onImport.tracePromise.__proto__ (node:internal/modules/esm/loader:642:26)
    at async asyncRunEntryPointWithESMLoader (node:internal/modules/run_main:101:5) {
  generatedMessage: false,
  code: 'ERR_ASSERTION',
  actual: 1,
  expected: 0,
  operator: 'strictEqual',
  diff: 'simple'
}

Node.js v26.0.0
