node:internal/modules/run_main:107
    triggerUncaughtException(
    ^

AssertionError [ERR_ASSERTION]: FAIL replacement highlight dropped mailbox cannot poison dedupe
scenario: successful next turn
scenario: previous turn (reverse direction)
scenario: stale confirmations rejected
scenario: rollback clears after ArkUI restoration
scenario: rapid consecutive turns, late stale release
scenario: cross-chapter texture refresh during retention
scenario: slow progress storage holds the terminal frame
scenario: arkui presentation timeout keeps the terminal frame
scenario: page exit (detach) and re-attach
scenario: detach drops stale surface mailbox work
scenario: window reflow during retention
243 checks, 1 failures



1 !== 0

    at file:///Users/minliny/Documents/Reader/Reader-for-HarmonyOS/tools/test-reader-book-turn-present-barrier.mjs:20:10
    at ModuleJob.run (node:internal/modules/esm/module_job:437:25)
    at async onImport.tracePromise.__proto__ (node:internal/modules/esm/loader:642:26)
    at async asyncRunEntryPointWithESMLoader (node:internal/modules/run_main:101:5) {
  generatedMessage: false,
  code: 'ERR_ASSERTION',
  actual: 1,
  expected: 0,
  operator: 'strictEqual',
  diff: 'simple'
}

Node.js v26.0.0
