QemuParams
SP_daemon
aa
acm
acpi
appspawn
arch
ark_aot
ark_aot_compiler
arkdata
arkweb_crashpad_handler
ascii
atm
base64
basename
begetctl
bftpd
blkid
blockdev
bm
bootdetector
bunzip2
bytrace
bzcat
cal
cat
cem
chattr
chcon
check_module_update_init
checkpolicy
chgrp
chkcon
chmod
chown
chroot
chrt
chvt
cjappspawn
cksum
clear
cmp
comm
count
cp
cpio
crc32
cups
cupsd
cupsfilter
cut
data_monitor_service
date
dd
devicedebug
devmem
df
dirname
dmesg
dnsdomainname
dos2unix
du
dumpcatcher
e2fsck
e2fsdroid
echo
edm
egrep
eject
env
exfatlabel
expand
factor
fallocate
false
faultloggerd
fgrep
file
find
flock
fmt
free
freeramdisk
fsck.exfat
fsck.f2fs
fsck.ntfs
fsck_msdos
fsfreeze
fstype
fsync
ftpget
ftpput
getconf
getenforce
getfilecon
getpidcon
grep
groups
gunzip
gzip
halt
hdcd
hdcd_user_permit
hdf_devmgr
head
help
hexedit
hidumper
hilog
hilogd
hiperf
hisysevent
hitrace
hiview
hks_compatibility_bin
hmos_cust_carrier_mount
hmos_cust_libphonenumber_mount
hmos_cust_taboo_mount
hmos_cust_timezone_mount
hnp
hostname
hwclock
hybridspawn
i2cdetect
i2cdump
i2cget
i2cset
iconv
id
ifconfig
ime
init
inotifyd
insmod
install
ionice
iorenice
iotop
ip
ip6tables
ip6tables-restore
ip6tables-save
iptables
iptables-restore
iptables-save
kill
killall
killall5
link
ln
logger
login
logname
losetup
ls
lsattr
lsmod
lsof
lspci
lsusb
makedevs
mcookie
md5sum
mediatool
microcom
mix
mkdir
mke2fs
mkfifo
mkfs.exfat
mkfs.f2fs
mknod
mkpasswd
mkswap
mktemp
modinfo
more
mount
mount.ntfs
mountpoint
mtpfs
mv
nativespawn
nbd-client
netcopilot
netmask
netstat
network-cfg
newfs_msdos
nice
nl
nohup
nproc
nsenter
ntfsfix
ntfslabel
nwebspawn
od
oneit
openssl
param
paramshell
partprobe
passwd
paste
patch
perftest
pgrep
pid_ns_init
pidof
ping
ping6
pivot_root
pkill
pmap
power-shell
poweroff
printenv
printf
prlimit
processdump
prop_migrate
ps
pwd
pwdx
quickfix_engine_init_manager
quickfix_engine_patch_hw_mount
rawheap_translator
readahead
readlink
realpath
reboot
remount
render_service
renice
reset
resize.f2fs
resize2fs
restorecon
rev
rfkill
rm
rmdir
rmmod
sa_main
samgr
save_asi_info
scanner
sdc
secilc
sed
sefcontext_compile
selinux_check_access
selinuxexeccon
sendevent
seq
service_control
setenforce
setfattr
setfilecon
setsid
sgdisk
sh
sha1sum
sha256sum
shred
sleep
sload.f2fs
snapshot_display
sntp
sort
split
sqlite3
stat
storage_daemon
strings
svc
swapoff
swapon
switch_root
sync
sysctl
tac
tail
tar
taskset
tc
tee
test
time
timeout
timestamps
top
touch
toybox
true
truncate
tty
tunctl
ueventd
uinput
uitest
ulimit
umount
uname
uniq
unix2dos
unlink
unshare
updater_binary
updater_firmware
uptime
usage_report
usleep
uudecode
uuencode
uuidgen
vconfig
vmstat
w
watch
watchdog_service
wc
which
who
whoami
write_updater
wukong
xargs
xlogcat
xxd
yes
zcat
