   PID TTY          TIME CMD            
     1 ?        00:00:26 init
     2 ?        00:00:00 kthreadd
     3 ?        00:00:00 rcu_gp
     4 ?        00:00:00 rcu_par_gp
     6 ?        00:00:00 kworker/0:0H-events_highpri
     8 ?        00:00:00 mm_percpu_wq
     9 ?        00:00:00 rcu_tasks_rude_
    10 ?        00:00:31 ksoftirqd/0
    11 ?        00:01:44 rcu_sched
    12 ?        00:00:01 migration/0
    14 ?        00:00:00 cpuhp/0
    15 ?        00:00:00 cpuhp/1
    16 ?        00:00:01 migration/1
    17 ?        00:00:10 ksoftirqd/1
    19 ?        00:00:00 kworker/1:0H-kblockd
    20 ?        00:00:00 cpuhp/2
    21 ?        00:00:02 migration/2
    22 ?        00:00:09 ksoftirqd/2
    24 ?        00:00:00 kworker/2:0H-kblockd
    25 ?        00:00:00 cpuhp/3
    26 ?        00:00:01 migration/3
    27 ?        00:00:10 ksoftirqd/3
    29 ?        00:00:00 kworker/3:0H-kblockd
    30 ?        00:00:00 kdevtmpfs
    31 ?        00:00:00 netns
    32 ?        00:22:52 kauditd
    33 ?        00:00:00 khungtaskd
    34 ?        00:00:00 oom_reaper
    35 ?        00:00:00 writeback
    36 ?        00:00:07 kcompactd0
    62 ?        00:00:00 kblockd
    63 ?        00:00:00 ata_sff
    64 ?        00:00:00 devfreq_wq
    65 ?        00:00:00 watchdogd
    66 ?        00:00:00 rpciod
    67 ?        00:00:09 kworker/0:1H-kblockd
    68 ?        00:00:00 kworker/u9:0
    69 ?        00:00:00 xprtiod
    70 ?        00:00:00 cfg80211
    71 ?        00:00:00 kswapd0
    72 ?        00:00:36 snapshotd
    73 ?        00:00:00 zswapd0
    74 ?        00:00:00 nfsiod
    77 ?        00:00:00 ipv6_addrconf
    79 ?        00:00:36 cache_freed
    85 ?        00:00:00 ext4-rsv-conver
    86 ?        00:00:00 ext4-rsv-conver
    87 ?        00:00:00 ext4-rsv-conver
    90 ?        00:00:07 kworker/3:1H-kblockd
    92 ?        00:00:07 kworker/2:1H-kblockd
    93 ?        00:00:28 jbd2/vdd-8
    94 ?        00:00:00 ext4-rsv-conver
    96 ?        00:00:07 kworker/1:1H-kblockd
    97 ?        00:00:01 ueventd
    98 ?        00:00:01 watchdog_servic
   105 ?        00:00:00 faultloggerd
   106 ?        00:10:09 hilogd
   120 ?        00:00:02 storage_manager
   121 ?        00:00:01 storage_daemon
   125 ?        00:04:01 samgr
   126 ?        00:00:01 param_watcher
   131 ?        00:00:01 hdf_devmgr
   132 ?        00:00:41 appspawn
   137 ?        00:00:00 QemuParams
   184 ?        00:00:08 accessibility
   192 ?        00:00:22 audio_server
   193 ?        00:00:00 concurrent_task
   201 ?        00:00:00 dlp_credential_
   222 ?        00:00:12 healthsport_ser
   224 ?        00:00:04 huks_service
   239 ?        00:00:24 memmgrservice
   247 ?        00:00:30 multimodalinput
   263 ?        00:00:01 resource_schedu
   274 ?        00:01:18 resource_schedu
   296 ?        00:00:39 accesstoken_ser
   297 ?        00:00:51 netmanager
   316 ?        00:01:34 telephony
   323 ?        00:00:00 wallpaper_servi
   423 ?        00:03:19 file_monitor_se
   435 ?        00:00:37 msdp
   436 ?        00:00:20 push_manager_se
   458 ?        00:00:09 time_service
   474 ?        00:09:02 hiview
   490 ?        00:17:04 distributeddata
   494 ?        00:00:37 device_manager
   539 ?        00:00:00 fingerprint_aut
   541 ?        00:00:00 user_auth_host
   542 ?        00:00:00 face_auth_host
   554 ?        00:00:00 codec_host
   559 ?        00:00:00 light_host
   567 ?        00:00:00 vibrator_host
   568 ?        00:11:35 sensor_host
   577 ?        00:00:00 input_user_host
   583 ?        00:00:00 camera_host
   584 ?        00:00:00 audio_host
   590 ?        00:00:11 wifi_host
   592 ?        00:01:07 power_host
   607 ?        00:00:00 usb_host
   618 ?        00:00:00 blue_host
   624 ?        00:00:03 allocator_host
   626 ?        00:04:38 composer_host
   628 ?        00:00:48 useriam
   633 ?        00:00:06 ui_service
   650 ?        00:01:42 softbus_server
   652 ?        00:03:41 sensors
   665 ?        00:00:57 security_guard
   672 ?        00:00:00 pin_auth_host
   683 ?        00:00:00 av_codec_servic
   684 ?        00:00:00 privacy_service
   690 ?        00:04:31 powermgr
   702 ?        00:01:27 netsysnative
   704 ?        00:00:16 media_service
   705 ?        00:00:00 media_monitor
   706 ?        00:00:33 inputmethod_ser
   707 ?        00:00:04 huawei_id_svc
   709 ?        00:00:00 hianalytics
   764 ?        00:04:39 render_service
   782 ?        00:03:58 foundation
   789 ?        00:01:27 drm_service
   792 ?        00:00:00 data_monitor_se
   827 ?        00:00:00 client_cloud_ca
   829 ?        00:00:00 camera_service
   830 ?        00:00:25 av_session
   832 ?        00:01:58 aps_manager
   866 ?        00:00:09 accountmgr
   867 ?        00:00:39 CollaborationFw
   927 ?        00:22:35 hdcd
  1004 ?        00:00:35 deviceprofile
  1266 ?        00:02:45 wifi_manager_se
  1292 ?        00:01:03 locationhub
  1389 ?        00:00:05 wpa_host
  1404 ?        00:00:00 location_host
  1538 ?        00:00:00 dcm_service
  1791 ?        00:00:12 asset_service
  1796 ?        00:00:40 nwebspawn
  1797 ?        00:00:27 atormultiscreen
  1869 ?        00:00:23 amplemanagement
  1887 ?        00:00:15 i.hmos.location
  2320 ?        00:00:00 psimon
  2393 ?        00:00:00 share_item_time
  2395 ?        00:00:00 dfs_ino_wb1
  2397 ?        00:00:00 dfs_sb_wb1
  2398 ?        00:00:00 dfs_srv_wb1
  2399 ?        00:00:00 share_item_time
  2400 ?        00:00:00 dfs_ino_wb2
  2401 ?        00:00:00 dfs_sb_wb2
  2402 ?        00:00:00 dfs_srv_wb2
  2403 ?        00:00:00 share_item_time
  2404 ?        00:00:00 dfs_ino_wb3
  2405 ?        00:00:00 dfs_sb_wb3
  2406 ?        00:00:00 dfs_srv_wb3
  2458 ?        00:07:43 ohos.sceneboard
  2519 ?        00:00:00 deviceinfoservi
  2554 ?        00:00:28 .hms.adsservice
  2576 ?        00:00:25 app.intelligent
  2599 ?        00:00:39 edialibrarydata
  2633 ?        00:00:28 actsdataability
  2646 ?        00:00:30 hms.pushservice
  2770 ?        00:00:28 .hms.pafservice
  2886 ?        00:00:39 erviceAbility:1
  3275 ?        00:00:00 appgallery_serv
  3290 ?        00:00:14 QemuParams
  3294 ?        00:00:00 QemuParams
  3295 ?        00:00:00 QemuParams
  3317 ?        00:00:00 atomicservice_e
  3326 ?        00:00:00 pasteboard_serv
  3371 ?        00:00:00 file_system_ser
  3904 ?        00:26:57 hidumper_servic
  4542 ?        00:00:00 ps
  6246 ?        00:00:01 kworker/1:0-events
  6777 ?        00:00:03 kworker/0:0-events
  9021 ?        00:00:00 apppool
  9158 ?        00:51:19 eader.harmonyos
  9382 ?        00:00:12 armonyos:render
 11431 ?        00:00:00 kworker/1:2-events
 13610 ?        00:00:00 cert_manager_se
 14192 ?        00:00:00 kworker/u8:2-ext4-rsv-conversion
 15038 ?        00:00:01 kworker/2:1-events
 19810 ?        00:00:41 kworker/0:2-events
 22459 ?        00:00:00 kworker/2:2-events
 25365 ?        00:00:00 kworker/u8:1-ext4-rsv-conversion
 25851 ?        00:00:00 kworker/3:0-events
 29876 ?        00:00:01 kworker/3:2-events
 31173 ?        00:00:00 kworker/u8:0-ext4-rsv-conversion
