Reader HAP build-system docs and skills contract: PASS
app shell safe geometry: PASS
(node:10944) ExperimentalWarning: stripTypeScriptTypes is an experimental feature and might change at any time
(Use `node --trace-warnings ...` to show where the warning was created)
PASS: ArkWeb document DNS pin plus same-host navigation/resource enforcement
PASS: ArkWeb queue and cookie capture retain their admitted session generation
PASS: ArkWeb cookie capture keeps exact admitted host scope
shared book acquisition lifecycle, identities, and scheduling: PASS
(node:10963) ExperimentalWarning: stripTypeScriptTypes is an experimental feature and might change at any time
(Use `node --trace-warnings ...` to show where the warning was created)
shared metadata: identical 56/55 and transitive 74/73 URL/source sets, rename/remount, no network, synopsis presentation: PASS
book-source production import contract: PASS
(node:10981) ExperimentalWarning: stripTypeScriptTypes is an experimental feature and might change at any time
(Use `node --trace-warnings ...` to show where the warning was created)
bookshelf detail removal: PASS
bookshelf management Core ownership contract: PASS
(node:10994) ExperimentalWarning: stripTypeScriptTypes is an experimental feature and might change at any time
(Use `node --trace-warnings ...` to show where the warning was created)
bookshelf reading entry: PASS (local/remote, info/search, back, cancellation, failure, retry/source switch)
bookshelf tablet navigation contract: PASS
bookshelf view and directory footer contracts: PASS
build provenance embedded NAPI contract: PASS
bundled book-source import collection: PASS (1046 tested records, 919 unique identities)
cookie exact-host and HttpOnly script-isolation policy: PASS
core build identity startup contract: PASS
(node:11027) ExperimentalWarning: stripTypeScriptTypes is an experimental feature and might change at any time
(Use `node --trace-warnings ...` to show where the warning was created)
PASS: detail mutation settles after exit; stale window completion cannot load content
PASS: cache winner retains one online refresh; startup preserves complete EPUB resources
PASS: ambiguous persist reply preserves EPUB resources and asks to reconcile before retry
PASS: deterministic import.persist rejection discards staged input without recovery orphan
PASS: lost bookshelf.add reply reconciles durable shelf truth before compensation
PASS: deterministic bookshelf.add rejection never reports an older shelf row as a new commit
discover source filter and pagination contract: PASS
dynamic ArkUI list refresh contracts: PASS
error-message conformance: PASS (110 sources swept)
(node:11043) ExperimentalWarning: stripTypeScriptTypes is an experimental feature and might change at any time
(Use `node --trace-warnings ...` to show where the warning was created)
HarmonyOS HAP pipeline contract: PASS
Harmony HttpTTS credential URL encoding and expansion bounds: PASS
Harmony TTS Host router and HttpTTS transport contract: PASS
(node:11064) ExperimentalWarning: stripTypeScriptTypes is an experimental feature and might change at any time
(Use `node --trace-warnings ...` to show where the warning was created)
(node:11071) ExperimentalWarning: stripTypeScriptTypes is an experimental feature and might change at any time
(Use `node --trace-warnings ...` to show where the warning was created)
PASS: 18 interrupted writes, durable clears, legacy migration and DNS cancellation
PASS: DNS pins serialize concurrent leases and reject rebound private addresses
PASS: clearing a session invalidates late HTTP/WebView cookies and allows a fresh login
PASS: HTTPS-only requests reject cleartext redirect downgrades
PASS: same-origin comparison normalizes host case and default HTTPS port
PASS: credential-bearing URL redirects stay on the same effective origin
PASS: custom credential-header redirects stay on the same effective origin
Host staging recovery retry: PASS
(node:11077) ExperimentalWarning: stripTypeScriptTypes is an experimental feature and might change at any time
(Use `node --trace-warnings ...` to show where the warning was created)
http transport conformance: PASS (23 vectors, ad87a5423ee60de43b7056e9fa2d6683302bb1b9378139dd271a7943b625c331)
(node:11085) ExperimentalWarning: stripTypeScriptTypes is an experimental feature and might change at any time
(Use `node --trace-warnings ...` to show where the warning was created)
icon design contract: PASS (23 confirmed slots + 2 latent coupling/tint risks)
Legado product behavior contract: PASS
local book format picker contract: PASS
local EPUB resource architecture: PASS
local import finalize recovery queue: PASS (bounded app-private atomic queue, startup drain, strict envelope)
(node:11102) ExperimentalWarning: stripTypeScriptTypes is an experimental feature and might change at any time
(Use `node --trace-warnings ...` to show where the warning was created)
log privacy: PASS (finite public error codes; reading details use private fields)
navigation performance static contract: PASS
performance regression contracts: PASS
physical phone Figma layout regressions: PASS
portable JSON local/online import boundary: PASS
PASS Make V9 appearance: real selection handlers, stale menus, scroll/viewport placement, Quick/Full swatches and persisted theme identity. Native pixels remain separate.
(node:11123) ExperimentalWarning: stripTypeScriptTypes is an experimental feature and might change at any time
(Use `node --trace-warnings ...` to show where the warning was created)
reader appearance Figma N per-actor driver: PASS
reader appearance Figma N fixture: PASS
reader appearance measured-screen gesture: PASS
reader appearance Figma N sampler: PASS
reader appearance master motion state: PASS
reader appearance unified production tree (structural only): PASS
(node:11167) ExperimentalWarning: stripTypeScriptTypes is an experimental feature and might change at any time
(Use `node --trace-warnings ...` to show where the warning was created)
reader appearance shared store, page races and persistence recovery: PASS
appearance Preferences adapter migration and persistence compatibility: PASS
application appearance background flush and teardown isolation: PASS
reader appearance pure/static contract: PASS
reader Full Auto Page pure/static contract: PASS
reader auto-page pure state: PASS
production automatic turn and stop durations use monotonic time; calendar access rejected: PASS
(node:11190) ExperimentalWarning: stripTypeScriptTypes is an experimental feature and might change at any time
(Use `node --trace-warnings ...` to show where the warning was created)
reader book-turn architecture contract: PASS
event delivery: 22 checks, 0 failures
bookturn_motion_test: 538 checks, 0 failures
373 checks, 0 failures
scenario: successful next turn
scenario: previous turn (reverse direction)
scenario: stale confirmations rejected
scenario: rollback clears after ArkUI restoration
scenario: rapid consecutive turns, late stale release
scenario: cross-chapter texture refresh during retention
scenario: slow progress storage holds the terminal frame
scenario: arkui presentation timeout keeps the terminal frame
scenario: page exit (detach) and re-attach
scenario: detach drops stale surface mailbox work
scenario: window reflow during retention
245 checks, 0 failures
reader book-turn motion state: PASS
T01 roll-radius PASS (390->42.9000, 200->28.0000, 1000->64.0000)
T02 schedule bijection+boundaries PASS (worst roundtrip 1.79e-07 over 1001 samples)
T03 INV-1 no-freeze PASS (next: least step 0.566vp, final fold 0.000vp; previous: least step 0.975vp, initial fold 0.000vp)
T04 INV-2 no-commit-pop PASS (next tau=1: maxX 0.000vp <= 11.70, maxZ 0.000; prev commit maxX 390.000vp, maxZ 0.000; worst coverage step -1.089vp over tau 0.75..1)
T05 INV-3 cancel-reversal PASS (worst |reverse-forward| 0.00e+00 vp over tau0 0.2/0.4/0.6/0.8)
T06 previous semantics PASS (31 same-edge points worst schedule diff 0.00e+00; start maxX 0.000vp, commit maxX 390.000vp)
T07 S3/S4 schedule deviation PASS (worst beta 0.00e+00 rad <= 8.73e-03, worst radius 2.60e-07 vp, worst |gripPhi-beta| 0.00e+00)
T08 C1 seam at tau=0.5 PASS (worst |dAxis| 0.4605 vp (bounds 2/1/0.5), worst |phi-pi| 0.00e+00)
T09 milestone phi=pi/2 + continuity PASS (crossing delta 14.868 vp vs 14.868 expected, edge.x 375.1; regular worst 0.0351 rad, S5 schedule worst 0.157 rad <= 0.2, onset worst 0.631 rad [documented scope])
T10 developability PASS (a: A-grade cylinder worst 6.57e-05 <= 1e-3; b: strict phi<=pi/4 p95 6.104e-05 max 5.293e-04 vs 1e-3/5e-3; band p95 2.078e-02 max 2.082e-02 vs 2.5e-2 [2026-08-30 apex-law recalibration, pi*r'=0.0432])
T11 binding-edge PASS (a: theta=0 worst x 0.00e+00, y 0.00e+00, z 0.00e+00; b: theta=54deg worst 0.000 vp at tau=0.00)
T12 touch error (fit segment) PASS (worst screen-plane err 3.05e-05 vp <= 1.0; solver targetError incl. curl z up to 84.96 vp — scope note)
T13 free-edge inside page (fit segment) PASS (min 0.000 >= -0.26, max 378.072 <= 390.26)
T14 purity PASS (field-exact repeats, with and without previous)
T15 stage boundaries PASS (FLAT@W, LIFT@x(0.09), FLIP@x(0.3), ROLL@x(0.6), SPINE@x(0.8), COLLAPSE@x(0.95))
T16 tilt regressions PASS (cap 57.184 deg <= 60.0001, jitter 1.273 deg <= 2, sweep worst 0.00278 rad <= 0.02, zero-signbit +0/-0 honored)
T17 verticalPrevious smoke PASS (edge.x W/200/0 all finite, tilt within cap)
T18 strict three-branch PASS (anti-M second diff 6.866e-05 <= 1e-4; seam steps f 0.5000 z 0.5000 <= 0.501 at step 0.5)
235 checks, 0 failures
scenario: successful next turn
scenario: previous turn (reverse direction)
scenario: stale confirmations rejected
scenario: rollback clears after ArkUI restoration
scenario: rapid consecutive turns, late stale release
scenario: cross-chapter texture refresh during retention
scenario: slow progress storage holds the terminal frame
scenario: arkui presentation timeout keeps the terminal frame
scenario: page exit (detach) and re-attach
scenario: detach drops stale surface mailbox work
scenario: window reflow during retention
245 checks, 0 failures
Production Surface recovery: unwritten rollback, uncertain write retention, promoted completion, late failure PASS (7 scenarios)
(node:11999) ExperimentalWarning: stripTypeScriptTypes is an experimental feature and might change at any time
(Use `node --trace-warnings ...` to show where the warning was created)
reader bookmark panels static contract: PASS
reader bookmark projection behavior: PASS
reader brightness control contract: PASS
reader Chinese conversion gateway contract: PASS
reader cold-entry recovery contract: PASS
reader content business isolation: PASS
continuous production pointer, same-row anchor and trailing exit commit: PASS
production batched image reflow preserves leading fragment fraction and concurrent scroll: PASS
(node:12063) ExperimentalWarning: stripTypeScriptTypes is an experimental feature and might change at any time
(Use `node --trace-warnings ...` to show where the warning was created)
continuous mode change save/error/obsolete ownership and late stop receipt: PASS
production continuous restore waits for layout and rejects stale frame callbacks: PASS
production continuous cold-entry projection branch observes its reactive revision: PASS
continuous scalar quantization: five positions, 100 repeat round trips each: PASS
continuous restore suppresses premature stops and unknown-geometry progress writes: PASS
continuous padded viewport: START, positive y and negative y round trips: PASS
native List shared pointer ownership: quiet DOWN, extra finger, UP/CANCEL/disable/unmount, late drain: PASS
production continuous image row identity: decoder admission replaces placeholder, unchanged siblings retained: PASS
continuous short tap and stationary long UP share paged 500ms clock boundary: PASS
continuous-to-paged anchor: warm/cold/partial/foreign layout, containing page only: PASS
measured prefix whitespace gaps match complete canonical page identity: PASS
native List queued programmatic scroll cannot inherit prior multi-finger manual chapter-edge ownership: PASS
reader continuous reading and canonical progress pipeline: PASS
Control accessibility: actual Host close/Back + SDK virtual-node mounted observers PASS; NOT native screen-reader acceptance
(node:12097) ExperimentalWarning: stripTypeScriptTypes is an experimental feature and might change at any time
(Use `node --trace-warnings ...` to show where the warning was created)
Reader control shared actor geometry: production bidirectional/concurrent/pure sampling PASS
reader control appearance production geometry + independent source endpoints: PASS (810 ordered import drag cases)
Reader control backdrop publication: stable array/rect identity across motion PASS
(node:12134) ExperimentalWarning: stripTypeScriptTypes is an experimental feature and might change at any time
(Use `node --trace-warnings ...` to show where the warning was created)
reader control backdrop DOWN ownership and one-shot raw tap: PASS
Actual SDK nonempty bookmark row: mounted reversible actors, live metadata/identity and clip mutations PASS
PASS bookmark production geometry, native row-height extent binding and same-open anchor continuation; NOT native visual acceptance
(node:12168) ExperimentalWarning: stripTypeScriptTypes is an experimental feature and might change at any time
(Use `node --trace-warnings ...` to show where the warning was created)
(node:12181) ExperimentalWarning: stripTypeScriptTypes is an experimental feature and might change at any time
(Use `node --trace-warnings ...` to show where the warning was created)
Reader control bookmarks: production merge/async ownership/failure retry PASS; wiring assertions are not native acceptance
(node:12191) ExperimentalWarning: stripTypeScriptTypes is an experimental feature and might change at any time
(Use `node --trace-warnings ...` to show where the warning was created)
Bookmark mutation recovery: actual Index CRUD/reload and Host error/retry functions PASS; not native acceptance
reader control independent FullContentSurface source geometry and single-background wiring: PASS
Device probe actual runtime closures: ticket/dry-run/SHA/auth-denial/DOWN-based sampling/revocation PASS (mock transport only; no HDC/device/filesystem writes).
reader control directory content: structural wiring passed (not runtime or visual evidence)
Production directory model: late load, centering ownership, route/data independence PASS
Production Directory virtual-row capture, fraction, frame coalescing and late-user-input guards PASS
Production Directory rapid tab replacement, endpoint anchor release and user-scroll ownership PASS
(node:12209) ExperimentalWarning: stripTypeScriptTypes is an experimental feature and might change at any time
(Use `node --trace-warnings ...` to show where the warning was created)
reader control geometry parameter contract: PASS
reader control bounded finger residue and distinct continuation timings: PASS
reader control gesture production driver behavior: PASS
PASS global presentation: shared policies, production actor-local clips, retained overflow, actual SDK font content/outline separation and reversal; device evidence separate
(node:12236) ExperimentalWarning: stripTypeScriptTypes is an experimental feature and might change at any time
(Use `node --trace-warnings ...` to show where the warning was created)
reader control source FullHeader geometry + mounted SDK closure roundtrip: PASS
(node:12260) ExperimentalWarning: stripTypeScriptTypes is an experimental feature and might change at any time
(Use `node --trace-warnings ...` to show where the warning was created)
Reader control Host: actual SDK V1 member transform reproduces dropped accessor; ordinary-method input/backdrop gates PASS
Reader control Host input: actual production methods PASS (not device hit-testing/visual acceptance)
(node:12304) ExperimentalWarning: stripTypeScriptTypes is an experimental feature and might change at any time
(Use `node --trace-warnings ...` to show where the warning was created)
Reader control keyboard: production visibility/Back/hide failure cases PASS; structural Host wiring PASS (not native IME acceptance)
Reader control keyboard layout: actual Host methods/binding dependency and 414→700vp budget PASS (not native IME acceptance)
(node:12341) ExperimentalWarning: stripTypeScriptTypes is an experimental feature and might change at any time
(Use `node --trace-warnings ...` to show where the warning was created)
Reader control Host session: production projection, command, close-commit and lifecycle cases PASS
Reader control Host wiring: structural checks PASS (not ArkUI execution or visual acceptance)
Reader control input routing and collapse command: PASS (structure/runtime; native touch remains device evidence)
(node:12347) ExperimentalWarning: stripTypeScriptTypes is an experimental feature and might change at any time
(Use `node --trace-warnings ...` to show where the warning was created)
reader control integration event ownership, CANCEL, and exact mixed-path behavior: PASS
PASS internal/user selection ownership: actual Host methods, stale reopen, TTS/projection negative mutations and committed-close semantics; NOT device acceptance
(node:12371) ExperimentalWarning: stripTypeScriptTypes is an experimental feature and might change at any time
(Use `node --trace-warnings ...` to show where the warning was created)
reader control atomic layout rebase production policy: PASS (no Stage/runtime visual claim)
reader control list positioning: production policy tests passed
PASS shared scroll lifecycle: 5 actual component adapters, latest-offset handoff, held endpoint reversals, delayed native reset, shared/full-only roles, new expansion top; NOT visual acceptance
(node:12392) ExperimentalWarning: stripTypeScriptTypes is an experimental feature and might change at any time
(Use `node --trace-warnings ...` to show where the warning was created)
MR1 archived show/hide capture absent; optional evidence checks skipped
PASS reader control motion geometry (production functions; no runtime/visual claim)
PASS all control modules 320/260/200/220, initial opening 220, remaining-distance release, hold/regrab/reverse, monotone velocity continuation; device acceptance separate
PASS TTS softened-content trial: nonzero middle fade, reversible content-only blur, Full details retain their original reveal, offscreen outlines, actual mounted SDK paint observers; NOT device visual acceptance
(node:12407) ExperimentalWarning: stripTypeScriptTypes is an experimental feature and might change at any time
(Use `node --trace-warnings ...` to show where the warning was created)
reader control narrow-width contract: PASS (10 viewport widths)
{"result":"PASS","layer":"real upstream 5.0 attribute diff + production modifier; not native layout or VM performance","mountedNodes":13,"mountedCalls":156,"poses":120,"legacyAttributeCalls":24960,"patchedAttributeCalls":7440,"reductionPercent":70.19,"reverseResizeBusinessAndCallback":"PASS"}
(node:12479) ExperimentalWarning: stripTypeScriptTypes is an experimental feature and might change at any time
(Use `node --trace-warnings ...` to show where the warning was created)
reader-control-p0 static contract: PASS
Actual SDK Auto/TTS mounted Builder observers: reversible actor geometry + live strings/numbers/booleans/child Prop payloads PASS
Reader control playback: live-track geometry, child clipping/min-height, persistent content, actual measurement identity, SDK syntax and 5 mutations PASS
(node:12497) ExperimentalWarning: stripTypeScriptTypes is an experimental feature and might change at any time
(Use `node --trace-warnings ...` to show where the warning was created)
PASS newer Auto intent wins
PASS Stop cancels availability continuation
PASS Search survives late audible start
PASS reopened TTS survives old audible start
PASS Auto stop barrier preserves newer control
PASS latest TTS request survives Quick/Full morph
PASS stale snapshot success releases its phase
PASS stale snapshot failure preserves new control
PASS first flight frame preserves new control
Reader playback Host intent tests PASS; production-method execution, not device/audio acceptance
(node:12525) ExperimentalWarning: stripTypeScriptTypes is an experimental feature and might change at any time
(Use `node --trace-warnings ...` to show where the warning was created)
(node:12536) ExperimentalWarning: stripTypeScriptTypes is an experimental feature and might change at any time
(Use `node --trace-warnings ...` to show where the warning was created)
Replace actual SDK mounted rule font: fixed 12, preserved row tracks, parent-only clip, same rule identity and 4 mutations PASS
PASS reader-control-replace-content: actual async production methods, confirmation/failure/retry, session and preview dismissal guards; NOT ArkUI pixel evidence
PASS reader-control-replace-gateway: real production requests, all rules, lossless partial CRUD, guards, receipts, preview and replace-only bundle
archived replace motion capture absent; optional source-value checks skipped
PASS reader-control-replace-geometry: production endpoint/midpoint sampling, widths and one-tree wiring; NOT native pixel acceptance
PASS Replace Host actual methods: reopen/import canonical read, stale reads, write ownership, uncertainty and Promise rejection; NOT device acceptance
(node:12593) ExperimentalWarning: stripTypeScriptTypes is an experimental feature and might change at any time
(Use `node --trace-warnings ...` to show where the warning was created)
PASS reader-control-replace-state: canonical all rows, partial/full guards, uncertainty, import and stale sessions
reader control original-operation resume, MR1 timing and mixed restoration: PASS
Production control runtime: seven modules, frame revocation, regrab, close, lifecycle PASS
Production Panel scalar projection: seven modules x 101 frames retain route identity and current input state PASS
(node:12622) ExperimentalWarning: stripTypeScriptTypes is an experimental feature and might change at any time
(Use `node --trace-warnings ...` to show where the warning was created)
PASS Search scroll: production row projection, source origin/end-padding, both-end reachability, guarded async rebase, clamp/user continuation, callback ownership and 9 mutations; NOT device acceptance
(node:12649) ExperimentalWarning: stripTypeScriptTypes is an experimental feature and might change at any time
(Use `node --trace-warnings ...` to show where the warning was created)
Actual SDK Results parent clip + child origin + native extent: same-instance roundtrip and 5 mutations PASS
Actual SDK Search/Settings mounted Builder observers: live payload/geometry/capability/switch changes PASS
PASS Search/Settings real actor geometry + production callback methods; not native/visual acceptance
(node:12659) ExperimentalWarning: stripTypeScriptTypes is an experimental feature and might change at any time
(Use `node --trace-warnings ...` to show where the warning was created)
reader control selection production reconciliation: PASS
reader control selection transaction: production ownership/commit policy passed
reader control session production state behavior: PASS
reader control shared spatial sampler and inverse production behavior: PASS
reader control Stage composition + diagnostic timing wiring: PASS (structure only; not pixels/touch)
reader control Stage lifecycle: production adapter methods passed (mock frame queue; not native/touch/visual acceptance)
(node:12700) ExperimentalWarning: stripTypeScriptTypes is an experimental feature and might change at any time
(Use `node --trace-warnings ...` to show where the warning was created)
Native diagnostic production parser: 4 valid + 18 malformed plans, CLI and non-injecting host gates PASS; authorization/runtime cleanup not executed.
PASS Make TTS: scroll-aware crossing occlusion, reverse poses, narrow layout, explicit timer modes, five-minute range and precise speed callbacks
(node:12787) ExperimentalWarning: stripTypeScriptTypes is an experimental feature and might change at any time
(Use `node --trace-warnings ...` to show where the warning was created)
reader control diagnostic cold-start production admission + packaging wiring: PASS
reader directory business-value snapshot and no-op prop refresh: PASS (native scroll still separate)
(node:12803) ExperimentalWarning: stripTypeScriptTypes is an experimental feature and might change at any time
(Use `node --trace-warnings ...` to show where the warning was created)
reader directory extent: production lifecycle + wiring passed (not native virtualization/anchor acceptance)
(node:12810) ExperimentalWarning: stripTypeScriptTypes is an experimental feature and might change at any time
(Use `node --trace-warnings ...` to show where the warning was created)
reader-directory-markers static contract: PASS
reader directory projection behavior: PASS
reader drag-follow gate contract: PASS
dynamic highlight geometry/color/identity and static snapshot separation: PASS; pixels require runtime verification
(node:12836) ExperimentalWarning: stripTypeScriptTypes is an experimental feature and might change at any time
(Use `node --trace-warnings ...` to show where the warning was created)
reader reported feedback regressions: PASS
actual SDK first-page admission: viewport/chapter order, stale selection and adjacent context PASS
(node:12858) ExperimentalWarning: stripTypeScriptTypes is an experimental feature and might change at any time
(Use `node --trace-warnings ...` to show where the warning was created)
reader HDC target lease serialization: PASS
Reader Host staging/asset path boundary: PASS
(node:12919) ExperimentalWarning: stripTypeScriptTypes is an experimental feature and might change at any time
(Use `node --trace-warnings ...` to show where the warning was created)
Reader Host picker selection boundary: PASS
(node:12922) ExperimentalWarning: stripTypeScriptTypes is an experimental feature and might change at any time
(Use `node --trace-warnings ...` to show where the warning was created)
reader HttpTTS strict gateway: PASS
reader HttpTTS profile, secret boundary and nullable playback: PASS
reader HttpTTS URL credential placeholder boundary: PASS
reader OnlineTTS profile validator and credential alias binding: PASS
paragraph indent production measurement: Unicode offsets and continued fragments PASS (controlled metrics)
(node:12926) ExperimentalWarning: stripTypeScriptTypes is an experimental feature and might change at any time
(Use `node --trace-warnings ...` to show where the warning was created)
reader layout architecture contract: PASS
reader module selection contract: PASS
PASS production motion repair: first-frame clock, opening navigation/input, menu ownership/exactly-once, reduced motion, capsule lifecycle/timeline, shelf reversal and font sampled retarget. Device pixels remain separate.
(node:12939) ExperimentalWarning: stripTypeScriptTypes is an experimental feature and might change at any time
(Use `node --trace-warnings ...` to show where the warning was created)
reader page-bottom justification: PASS
reader page chrome dynamic layout: PASS
page chrome/native snapshot invalidation: PASS
page chrome complete layout reuse and safe-area/session invalidation: PASS
mounted slot revision delivery gates current/adjacent chrome capture: PASS
production texture refresh cache matrix: no idle frame waits; requested direction first; expensive captures remain spread: PASS
(node:12962) ExperimentalWarning: stripTypeScriptTypes is an experimental feature and might change at any time
(Use `node --trace-warnings ...` to show where the warning was created)
reader page-gesture pure state: PASS
reader page input production sequence regressions: PASS
(node:12989) ExperimentalWarning: stripTypeScriptTypes is an experimental feature and might change at any time
(Use `node --trace-warnings ...` to show where the warning was created)
production adjacent measurement isolation, cancellation and rejected admission: PASS
production current snapshot remains bound to physical slot after promotion: PASS
async texture copy preserves lifetime and rejects superseded capture: PASS
(node:12997) ExperimentalWarning: stripTypeScriptTypes is an experimental feature and might change at any time
(Use `node --trace-warnings ...` to show where the warning was created)
production evicted previous chapter: demand refill, coalescing, stale/failed replies and explicit retry: PASS
production promotion preparation honors requested direction and stale callback guard: PASS
production image snapshot admission: cold decode, no blank publication, bounded retry, stale/held cancellation and one disposal: PASS
single offscreen snapshot tree: detach immediately, dispose once after outstanding capture: PASS
snapshot publication interruption: pointer retains exact pixels; new page/exit drops them; UP revalidates upload: PASS
(node:13023) ExperimentalWarning: stripTypeScriptTypes is an experimental feature and might change at any time
(Use `node --trace-warnings ...` to show where the warning was created)
production page commit reply-loss reconciliation and unknown-result retention: PASS
production flat settle/regrab continuity and transaction boundary: PASS
production simulation mode-switch teardown and capability recovery: PASS
queued tap cue and physical velocity settlement use independent durations: PASS
(node:13033) ExperimentalWarning: stripTypeScriptTypes is an experimental feature and might change at any time
(Use `node --trace-warnings ...` to show where the warning was created)
reader page-turn pipeline contract: PASS
reader page-turn stable slot geometry and role transition: PASS
(node:13066) ExperimentalWarning: stripTypeScriptTypes is an experimental feature and might change at any time
(Use `node --trace-warnings ...` to show where the warning was created)
reader paragraph indentation projection: PASS
reader product scope contract: PASS
reader rapid page-turn dynamic target: PASS
PASS rendering work: empty 24-fragment page 1 clear/0 id scans; active marks 1 frame; duplicate/lifecycle/resize guards; Unicode 700 scan steps; 120 settings poses 0 paths; directory no-op correction 0
(node:13090) ExperimentalWarning: stripTypeScriptTypes is an experimental feature and might change at any time
(Use `node --trace-warnings ...` to show where the warning was created)
reader Quick Replace pure/static contract: PASS
ReaderRuntimeOwner Ability lease lifecycle: PASS
reader screen-awake lease: PASS
reader search highlight: PASS
reader copy: native selection maps to original UTF-16 text, synchronous INAPP write and failure recovery PASS
(node:13149) ExperimentalWarning: stripTypeScriptTypes is an experimental feature and might change at any time
(Use `node --trace-warnings ...` to show where the warning was created)
reader session capsule: PASS
reader session morph state: PASS
reader settings pure/static contract: PASS
bundled category coverage: {
  novel: 877,
  comic: 107,
  music: 22,
  download: 25,
  external: 14,
  other: 1
}
reader source category isolation: PASS
(node:13170) ExperimentalWarning: stripTypeScriptTypes is an experimental feature and might change at any time
(Use `node --trace-warnings ...` to show where the warning was created)
reader source-failure P0 route contract: PASS
reader physical-key and screen-off Host contract: PASS
reader text-selection lifecycle contract: PASS
PASS TTS config interaction: real Builder callbacks, choices, empty states, input gates, slider commits, draft races, stale overlays and audio strategy adapter methods; VM/native audio remain separate.
(node:13179) ExperimentalWarning: stripTypeScriptTypes is an experimental feature and might change at any time
(Use `node --trace-warnings ...` to show where the warning was created)
reader TTS strict gateway: PASS
reader TTS precise rate round trip: PASS
reader TTS voice and persisted Host preferences: PASS
reader TTS system and HttpTTS product surface: PASS
reader TTS fake-host coordinator: PASS
[ReaderTTS] stage=probe code=OPERATION_FAILED
[ReaderTTS] stage=start.failed code=OPERATION_FAILED
[ReaderTTS] stage=start.failed code=OPERATION_FAILED
[ReaderTTS] stage=start.failed code=OPERATION_FAILED
[ReaderTTS] stage=start.failed code=OPERATION_FAILED
[ReaderTTS] stage=start.failed code=OPERATION_FAILED
[ReaderTTS] stage=startCallbackTimeout code=OPERATION_FAILED
reader TTS state machine transactions and isolation: PASS
reader TTS pure state: PASS
reader typography architecture contract: PASS
reader window chrome P0 contract: PASS
reading chapter window: PASS
reading document projection: PASS
ReadingOfflineGateway image materialization incomplete: OPERATION_FAILED
reading offline gateway deterministic runtime: PASS
reading offline image cache architecture: PASS
reading pagination index: PASS
reading pagination integration contract: PASS
reading Phone/TabletExpanded shared architecture contract: PASS
reading record accumulation contract: PASS
reading session local/remote routing contract: PASS
reading whole-book processed-scalar progress: PASS
remote content admission contract: PASS
remote reading flow gateway contract: PASS
reading image resolve failed: OPERATION_FAILED
remote reading flow deterministic runtime: PASS
responsive surface width regression matrix: PASS
RSS and Discover responsive layout regressions: PASS
rss page architecture contract: PASS
rss subscription management page contract: PASS
rule entity management Core ownership contract: PASS
search detail shared cache admission wiring: PASS
search gateway remote-result and canonical synchronization: PASS
(node:13304) ExperimentalWarning: stripTypeScriptTypes is an experimental feature and might change at any time
(Use `node --trace-warnings ...` to show where the warning was created)
search gateway broad projection responsiveness: PASS
(node:13323) ExperimentalWarning: stripTypeScriptTypes is an experimental feature and might change at any time
(Use `node --trace-warnings ...` to show where the warning was created)
search orchestrator bounded concurrency and retained lifecycle: PASS
search publication identity contract: PASS
search stable rows, enrichment and navigation state: PASS
(node:13371) ExperimentalWarning: stripTypeScriptTypes is an experimental feature and might change at any time
(Use `node --trace-warnings ...` to show where the warning was created)
select semantic contract: PASS
settings cache cleanup contract: PASS checks=9
settings responsive select overlay contract: PASS
(node:13393) ExperimentalWarning: stripTypeScriptTypes is an experimental feature and might change at any time
(Use `node --trace-warnings ...` to show where the warning was created)
source check streaming progress contract: PASS
Source product tools static boundary: PASS
source supply chain: PASS
(node:13402) ExperimentalWarning: stripTypeScriptTypes is an experimental feature and might change at any time
(Use `node --trace-warnings ...` to show where the warning was created)
source-switch gateway contract: PASS
source-switch post-commit transaction contract: PASS
surface horizontal geometry: PASS (10 viewport widths)
surface transition P0: PASS
svg provenance: 187 assets verified
WebDAV product boundary/static contract: PASS
(node:13448) ExperimentalWarning: stripTypeScriptTypes is an experimental feature and might change at any time
(Use `node --trace-warnings ...` to show where the warning was created)
WebDAV credential queue recovers after save failure: PASS
window flicker dedup contracts: PASS
Harmony contract tests passed: 198
> hvigor [32mTYPE CHECK SUCCESSFUL in 347 ms [39m
> hvigor [32mFinished :entry:clean... after 2 ms [39m
> hvigor [33mWARN: Missing module info for local modules '@reader/core-harmony'. Check project-level build-profile.json5. [39m
> hvigor [32mFinished :entry:default@PreBuild... after 125 ms [39m
> hvigor [32mFinished :entry:default@CreateModuleInfo... after 1 ms [39m
> hvigor [32mFinished :entry:default@GenerateMetadata... after 3 ms [39m
> hvigor [32mFinished :entry:default@ConfigureCmake... after 17 ms [39m
> hvigor [32mFinished :entry:default@MergeProfile... after 4 ms [39m
> hvigor [32mFinished :entry:default@CreateBuildProfile... after 2 ms [39m
> hvigor [32mFinished :entry:default@PreCheckSyscap... after 1 ms [39m
> hvigor [32mFinished :entry:default@GeneratePkgContextInfo... after 7 ms [39m
> hvigor [32mFinished :entry:default@GeneratePkgSdkInfo... after 3 ms [39m
> hvigor [32mFinished :entry:default@ProcessIntegratedHsp... after 1 ms [39m
> hvigor [32mFinished :entry:default@MakePackInfo... after 4 ms [39m
> hvigor [32mFinished :entry:default@SyscapTransform... after 1 ms [39m
> hvigor [32mFinished :entry:default@ProcessProfile... after 119 ms [39m
> hvigor [32mFinished :entry:default@ProcessRouterMap... after 2 ms [39m
> hvigor [32mFinished :entry:default@ProcessShareConfig... after 6 ms [39m
> hvigor [32mFinished :entry:default@ProcessStartupConfig... after 2 ms [39m
> hvigor [32mFinished :entry:default@ProcessResource... after 3 ms [39m
> hvigor [32mFinished :entry:default@GenerateLoaderJson... after 5 ms [39m
> hvigor [32mFinished :entry:default@CompileResource... after 786 ms [39m
> hvigor [32mFinished :entry:default@BuildJS... after 2 ms [39m
> hvigor [32mFinished :entry:default@BuildNativeWithCmake... after 1 s 324 ms [39m
> hvigor [32mFinished :entry:default@BuildNativeWithNinja... after 2 s 391 ms [39m
> hvigor [32mFinished :entry:default@ProcessLibs... after 29 ms [39m
> hvigor [32mFinished :entry:default@DoNativeStrip... after 72 ms [39m
> hvigor [32mFinished :entry:default@CacheNativeLibs... after 5 ms [39m
> hvigor [33mWARN: [33mWARN: [33m[33mArkTS:WARN File: /private/var/folders/53/6tc2ktbd19dbwxd5pmbp0d_w0000gn/T/reader-hap-build-XeOxXR/Reader-for-HarmonyOS/entry/vendor/core-harmony/Index.ts:1:28
 Currently module for 'libreader_core_napi.so' is not verified. If you're importing napi, its verification will be enabled in later SDK version. Please make sure the corresponding .d.ts file is provided and the napis are correctly declared.
[39m[39m
[33mWARN: [33m[33mArkTS:WARN File: /private/var/folders/53/6tc2ktbd19dbwxd5pmbp0d_w0000gn/T/reader-hap-build-XeOxXR/Reader-for-HarmonyOS/entry/src/main/ets/app/CookieSessionStore.ts:1004:42
 'encode' has been deprecated.
[39m[39m
[33mWARN: [33m[33mArkTS:WARN File: /private/var/folders/53/6tc2ktbd19dbwxd5pmbp0d_w0000gn/T/reader-hap-build-XeOxXR/Reader-for-HarmonyOS/entry/src/main/ets/app/HttpExecuteHost.ts:608:22
 Function may throw exceptions. Special handling is required.
[39m[39m
[33mWARN: [33m[33mArkTS:WARN File: /private/var/folders/53/6tc2ktbd19dbwxd5pmbp0d_w0000gn/T/reader-hap-build-XeOxXR/Reader-for-HarmonyOS/entry/src/main/ets/app/HttpExecuteHost.ts:627:13
 Function may throw exceptions. Special handling is required.
[39m[39m
[33mWARN: [33m[33mArkTS:WARN File: /private/var/folders/53/6tc2ktbd19dbwxd5pmbp0d_w0000gn/T/reader-hap-build-XeOxXR/Reader-for-HarmonyOS/entry/src/main/ets/app/HttpExecuteHost.ts:657:12
 Function may throw exceptions. Special handling is required.
[39m[39m
[33mWARN: [33m[33mArkTS:WARN File: /private/var/folders/53/6tc2ktbd19dbwxd5pmbp0d_w0000gn/T/reader-hap-build-XeOxXR/Reader-for-HarmonyOS/entry/src/main/ets/app/HttpExecuteHost.ts:658:10
 Function may throw exceptions. Special handling is required.
[39m[39m
[33mWARN: [33m[33mArkTS:WARN File: /private/var/folders/53/6tc2ktbd19dbwxd5pmbp0d_w0000gn/T/reader-hap-build-XeOxXR/Reader-for-HarmonyOS/entry/src/main/ets/app/HttpExecuteHost.ts:694:30
 Function may throw exceptions. Special handling is required.
[39m[39m
[33mWARN: [33m[33mArkTS:WARN File: /private/var/folders/53/6tc2ktbd19dbwxd5pmbp0d_w0000gn/T/reader-hap-build-XeOxXR/Reader-for-HarmonyOS/entry/src/main/ets/app/HttpExecuteHost.ts:807:52
 'encode' has been deprecated.
[39m[39m
[33mWARN: [33m[33mArkTS:WARN File: /private/var/folders/53/6tc2ktbd19dbwxd5pmbp0d_w0000gn/T/reader-hap-build-XeOxXR/Reader-for-HarmonyOS/entry/src/main/ets/app/HttpExecuteHost.ts:833:42
 'encode' has been deprecated.
[39m[39m
[33mWARN: [33m[33mArkTS:WARN File: /private/var/folders/53/6tc2ktbd19dbwxd5pmbp0d_w0000gn/T/reader-hap-build-XeOxXR/Reader-for-HarmonyOS/entry/src/main/ets/app/HttpExecuteHost.ts:933:21
 Function may throw exceptions. Special handling is required.
[39m[39m
[33mWARN: [33m[33mArkTS:WARN File: /private/var/folders/53/6tc2ktbd19dbwxd5pmbp0d_w0000gn/T/reader-hap-build-XeOxXR/Reader-for-HarmonyOS/entry/src/main/ets/app/HttpExecuteHost.ts:934:22
 Function may throw exceptions. Special handling is required.
[39m[39m
[33mWARN: [33m[33mArkTS:WARN File: /private/var/folders/53/6tc2ktbd19dbwxd5pmbp0d_w0000gn/T/reader-hap-build-XeOxXR/Reader-for-HarmonyOS/entry/src/main/ets/app/HttpExecuteHost.ts:1266:27
 'encode' has been deprecated.
[39m[39m
[33mWARN: [33m[33mArkTS:WARN File: /private/var/folders/53/6tc2ktbd19dbwxd5pmbp0d_w0000gn/T/reader-hap-build-XeOxXR/Reader-for-HarmonyOS/entry/src/main/ets/app/ArkWebExecutor.ts:228:11
 Function may throw exceptions. Special handling is required.
[39m[39m
[33mWARN: [33m[33mArkTS:WARN File: /private/var/folders/53/6tc2ktbd19dbwxd5pmbp0d_w0000gn/T/reader-hap-build-XeOxXR/Reader-for-HarmonyOS/entry/src/main/ets/app/ArkWebExecutor.ts:234:9
 Function may throw exceptions. Special handling is required.
[39m[39m
[33mWARN: [33m[33mArkTS:WARN File: /private/var/folders/53/6tc2ktbd19dbwxd5pmbp0d_w0000gn/T/reader-hap-build-XeOxXR/Reader-for-HarmonyOS/entry/src/main/ets/app/ArkWebExecutor.ts:236:9
 Function may throw exceptions. Special handling is required.
[39m[39m
[33mWARN: [33m[33mArkTS:WARN File: /private/var/folders/53/6tc2ktbd19dbwxd5pmbp0d_w0000gn/T/reader-hap-build-XeOxXR/Reader-for-HarmonyOS/entry/src/main/ets/app/ArkWebExecutor.ts:254:38
 Function may throw exceptions. Special handling is required.
[39m[39m
[33mWARN: [33m[33mArkTS:WARN File: /private/var/folders/53/6tc2ktbd19dbwxd5pmbp0d_w0000gn/T/reader-hap-build-XeOxXR/Reader-for-HarmonyOS/entry/src/main/ets/app/ArkWebExecutor.ts:255:35
 Function may throw exceptions. Special handling is required.
[39m[39m
[33mWARN: [33m[33mArkTS:WARN File: /private/var/folders/53/6tc2ktbd19dbwxd5pmbp0d_w0000gn/T/reader-hap-build-XeOxXR/Reader-for-HarmonyOS/entry/src/main/ets/app/ArkWebExecutor.ts:330:25
 Function may throw exceptions. Special handling is required.
[39m[39m
[33mWARN: [33m[33mArkTS:WARN File: /private/var/folders/53/6tc2ktbd19dbwxd5pmbp0d_w0000gn/T/reader-hap-build-XeOxXR/Reader-for-HarmonyOS/entry/src/main/ets/app/ReaderHostRegistry.ts:174:18
 Function may throw exceptions. Special handling is required.
[39m[39m
[33mWARN: [33m[33mArkTS:WARN File: /private/var/folders/53/6tc2ktbd19dbwxd5pmbp0d_w0000gn/T/reader-hap-build-XeOxXR/Reader-for-HarmonyOS/entry/src/main/ets/app/ReaderHostRegistry.ts:174:64
 Function may throw exceptions. Special handling is required.
[39m[39m
[33mWARN: [33m[33mArkTS:WARN File: /private/var/folders/53/6tc2ktbd19dbwxd5pmbp0d_w0000gn/T/reader-hap-build-XeOxXR/Reader-for-HarmonyOS/entry/src/main/ets/app/ReaderHostRegistry.ts:347:59
 'encode' has been deprecated.
[39m[39m
[33mWARN: [33m[33mArkTS:WARN File: /private/var/folders/53/6tc2ktbd19dbwxd5pmbp0d_w0000gn/T/reader-hap-build-XeOxXR/Reader-for-HarmonyOS/entry/src/main/ets/app/ReaderHostRegistry.ts:410:49
 'encode' has been deprecated.
[39m[39m
[33mWARN: [33m[33mArkTS:WARN File: /private/var/folders/53/6tc2ktbd19dbwxd5pmbp0d_w0000gn/T/reader-hap-build-XeOxXR/Reader-for-HarmonyOS/entry/src/main/ets/app/ReaderHostRegistry.ts:425:24
 Function may throw exceptions. Special handling is required.
[39m[39m
[33mWARN: [33m[33mArkTS:WARN File: /private/var/folders/53/6tc2ktbd19dbwxd5pmbp0d_w0000gn/T/reader-hap-build-XeOxXR/Reader-for-HarmonyOS/entry/src/main/ets/app/ReaderHostRegistry.ts:433:31
 Function may throw exceptions. Special handling is required.
[39m[39m
[33mWARN: [33m[33mArkTS:WARN File: /private/var/folders/53/6tc2ktbd19dbwxd5pmbp0d_w0000gn/T/reader-hap-build-XeOxXR/Reader-for-HarmonyOS/entry/src/main/ets/app/ReaderHostRegistry.ts:439:13
 Function may throw exceptions. Special handling is required.
[39m[39m
[33mWARN: [33m[33mArkTS:WARN File: /private/var/folders/53/6tc2ktbd19dbwxd5pmbp0d_w0000gn/T/reader-hap-build-XeOxXR/Reader-for-HarmonyOS/entry/src/main/ets/app/ReaderHostRegistry.ts:441:13
 Function may throw exceptions. Special handling is required.
[39m[39m
[33mWARN: [33m[33mArkTS:WARN File: /private/var/folders/53/6tc2ktbd19dbwxd5pmbp0d_w0000gn/T/reader-hap-build-XeOxXR/Reader-for-HarmonyOS/entry/src/main/ets/app/ReaderHostRegistry.ts:456:15
 Function may throw exceptions. Special handling is required.
[39m[39m
[33mWARN: [33m[33mArkTS:WARN File: /private/var/folders/53/6tc2ktbd19dbwxd5pmbp0d_w0000gn/T/reader-hap-build-XeOxXR/Reader-for-HarmonyOS/entry/src/main/ets/app/ReaderHostRegistry.ts:466:17
 Function may throw exceptions. Special handling is required.
[39m[39m
[33mWARN: [33m[33mArkTS:WARN File: /private/var/folders/53/6tc2ktbd19dbwxd5pmbp0d_w0000gn/T/reader-hap-build-XeOxXR/Reader-for-HarmonyOS/entry/src/main/ets/app/ReaderHostRegistry.ts:604:24
 Function may throw exceptions. Special handling is required.
[39m[39m
[33mWARN: [33m[33mArkTS:WARN File: /private/var/folders/53/6tc2ktbd19dbwxd5pmbp0d_w0000gn/T/reader-hap-build-XeOxXR/Reader-for-HarmonyOS/entry/src/main/ets/app/ReaderHostRegistry.ts:609:29
 Function may throw exceptions. Special handling is required.
[39m[39m
[33mWARN: [33m[33mArkTS:WARN File: /private/var/folders/53/6tc2ktbd19dbwxd5pmbp0d_w0000gn/T/reader-hap-build-XeOxXR/Reader-for-HarmonyOS/entry/src/main/ets/app/ReaderHostRegistry.ts:616:20
 Function may throw exceptions. Special handling is required.
[39m[39m
[33mWARN: [33m[33mArkTS:WARN File: /private/var/folders/53/6tc2ktbd19dbwxd5pmbp0d_w0000gn/T/reader-hap-build-XeOxXR/Reader-for-HarmonyOS/entry/src/main/ets/app/ReaderHostRegistry.ts:618:26
 Function may throw exceptions. Special handling is required.
[39m[39m
[33mWARN: [33m[33mArkTS:WARN File: /private/var/folders/53/6tc2ktbd19dbwxd5pmbp0d_w0000gn/T/reader-hap-build-XeOxXR/Reader-for-HarmonyOS/entry/src/main/ets/app/ReaderHostRegistry.ts:620:31
 Function may throw exceptions. Special handling is required.
[39m[39m
[33mWARN: [33m[33mArkTS:WARN File: /private/var/folders/53/6tc2ktbd19dbwxd5pmbp0d_w0000gn/T/reader-hap-build-XeOxXR/Reader-for-HarmonyOS/entry/src/main/ets/app/ReaderHostRegistry.ts:627:33
 Function may throw exceptions. Special handling is required.
[39m[39m
[33mWARN: [33m[33mArkTS:WARN File: /private/var/folders/53/6tc2ktbd19dbwxd5pmbp0d_w0000gn/T/reader-hap-build-XeOxXR/Reader-for-HarmonyOS/entry/src/main/ets/app/ReaderHostRegistry.ts:636:15
 Function may throw exceptions. Special handling is required.
[39m[39m
[33mWARN: [33m[33mArkTS:WARN File: /private/var/folders/53/6tc2ktbd19dbwxd5pmbp0d_w0000gn/T/reader-hap-build-XeOxXR/Reader-for-HarmonyOS/entry/src/main/ets/app/ReaderHostRegistry.ts:640:33
 Function may throw exceptions. Special handling is required.
[39m[39m
[33mWARN: [33m[33mArkTS:WARN File: /private/var/folders/53/6tc2ktbd19dbwxd5pmbp0d_w0000gn/T/reader-hap-build-XeOxXR/Reader-for-HarmonyOS/entry/src/main/ets/app/ReaderHostRegistry.ts:650:13
 Function may throw exceptions. Special handling is required.
[39m[39m
[33mWARN: [33m[33mArkTS:WARN File: /private/var/folders/53/6tc2ktbd19dbwxd5pmbp0d_w0000gn/T/reader-hap-build-XeOxXR/Reader-for-HarmonyOS/entry/src/main/ets/app/ReaderHostRegistry.ts:652:13
 Function may throw exceptions. Special handling is required.
[39m[39m
[33mWARN: [33m[33mArkTS:WARN File: /private/var/folders/53/6tc2ktbd19dbwxd5pmbp0d_w0000gn/T/reader-hap-build-XeOxXR/Reader-for-HarmonyOS/entry/src/main/ets/app/ReaderHostRegistry.ts:654:23
 Function may throw exceptions. Special handling is required.
[39m[39m
[33mWARN: [33m[33mArkTS:WARN File: /private/var/folders/53/6tc2ktbd19dbwxd5pmbp0d_w0000gn/T/reader-hap-build-XeOxXR/Reader-for-HarmonyOS/entry/src/main/ets/app/ReaderHostRegistry.ts:655:26
 Function may throw exceptions. Special handling is required.
[39m[39m
[33mWARN: [33m[33mArkTS:WARN File: /private/var/folders/53/6tc2ktbd19dbwxd5pmbp0d_w0000gn/T/reader-hap-build-XeOxXR/Reader-for-HarmonyOS/entry/src/main/ets/app/ReaderHostRegistry.ts:671:24
 Function may throw exceptions. Special handling is required.
[39m[39m
[33mWARN: [33m[33mArkTS:WARN File: /private/var/folders/53/6tc2ktbd19dbwxd5pmbp0d_w0000gn/T/reader-hap-build-XeOxXR/Reader-for-HarmonyOS/entry/src/main/ets/app/ReaderHostRegistry.ts:676:20
 Function may throw exceptions. Special handling is required.
[39m[39m
[33mWARN: [33m[33mArkTS:WARN File: /private/var/folders/53/6tc2ktbd19dbwxd5pmbp0d_w0000gn/T/reader-hap-build-XeOxXR/Reader-for-HarmonyOS/entry/src/main/ets/app/ReaderHostRegistry.ts:678:24
 Function may throw exceptions. Special handling is required.
[39m[39m
[33mWARN: [33m[33mArkTS:WARN File: /private/var/folders/53/6tc2ktbd19dbwxd5pmbp0d_w0000gn/T/reader-hap-build-XeOxXR/Reader-for-HarmonyOS/entry/src/main/ets/app/ReaderHostRegistry.ts:682:33
 Function may throw exceptions. Special handling is required.
[39m[39m
[33mWARN: [33m[33mArkTS:WARN File: /private/var/folders/53/6tc2ktbd19dbwxd5pmbp0d_w0000gn/T/reader-hap-build-XeOxXR/Reader-for-HarmonyOS/entry/src/main/ets/app/ReaderHostRegistry.ts:694:15
 Function may throw exceptions. Special handling is required.
[39m[39m
[33mWARN: [33m[33mArkTS:WARN File: /private/var/folders/53/6tc2ktbd19dbwxd5pmbp0d_w0000gn/T/reader-hap-build-XeOxXR/Reader-for-HarmonyOS/entry/src/main/ets/app/ReaderHostRegistry.ts:697:13
 Function may throw exceptions. Special handling is required.
[39m[39m
[33mWARN: [33m[33mArkTS:WARN File: /private/var/folders/53/6tc2ktbd19dbwxd5pmbp0d_w0000gn/T/reader-hap-build-XeOxXR/Reader-for-HarmonyOS/entry/src/main/ets/app/ReaderHostRegistry.ts:702:29
 Function may throw exceptions. Special handling is required.
[39m[39m
[33mWARN: [33m[33mArkTS:WARN File: /private/var/folders/53/6tc2ktbd19dbwxd5pmbp0d_w0000gn/T/reader-hap-build-XeOxXR/Reader-for-HarmonyOS/entry/src/main/ets/app/ReaderHostRegistry.ts:706:26
 Function may throw exceptions. Special handling is required.
[39m[39m
[33mWARN: [33m[33mArkTS:WARN File: /private/var/folders/53/6tc2ktbd19dbwxd5pmbp0d_w0000gn/T/reader-hap-build-XeOxXR/Reader-for-HarmonyOS/entry/src/main/ets/app/ReaderHostRegistry.ts:721:24
 Function may throw exceptions. Special handling is required.
[39m[39m
[33mWARN: [33m[33mArkTS:WARN File: /private/var/folders/53/6tc2ktbd19dbwxd5pmbp0d_w0000gn/T/reader-hap-build-XeOxXR/Reader-for-HarmonyOS/entry/src/main/ets/app/ReaderHostRegistry.ts:733:24
 Function may throw exceptions. Special handling is required.
[39m[39m
[33mWARN: [33m[33mArkTS:WARN File: /private/var/folders/53/6tc2ktbd19dbwxd5pmbp0d_w0000gn/T/reader-hap-build-XeOxXR/Reader-for-HarmonyOS/entry/src/main/ets/app/ReaderHostRegistry.ts:737:33
 Function may throw exceptions. Special handling is required.
[39m[39m
[33mWARN: [33m[33mArkTS:WARN File: /private/var/folders/53/6tc2ktbd19dbwxd5pmbp0d_w0000gn/T/reader-hap-build-XeOxXR/Reader-for-HarmonyOS/entry/src/main/ets/app/ReaderHostRegistry.ts:750:17
 Function may throw exceptions. Special handling is required.
[39m[39m
[33mWARN: [33m[33mArkTS:WARN File: /private/var/folders/53/6tc2ktbd19dbwxd5pmbp0d_w0000gn/T/reader-hap-build-XeOxXR/Reader-for-HarmonyOS/entry/src/main/ets/app/ReaderHostRegistry.ts:754:13
 Function may throw exceptions. Special handling is required.
[39m[39m
[33mWARN: [33m[33mArkTS:WARN File: /private/var/folders/53/6tc2ktbd19dbwxd5pmbp0d_w0000gn/T/reader-hap-build-XeOxXR/Reader-for-HarmonyOS/entry/src/main/ets/app/ReaderHostRegistry.ts:767:17
 Function may throw exceptions. Special handling is required.
[39m[39m
[33mWARN: [33m[33mArkTS:WARN File: /private/var/folders/53/6tc2ktbd19dbwxd5pmbp0d_w0000gn/T/reader-hap-build-XeOxXR/Reader-for-HarmonyOS/entry/src/main/ets/app/ReaderHostRegistry.ts:770:27
 Function may throw exceptions. Special handling is required.
[39m[39m
[33mWARN: [33m[33mArkTS:WARN File: /private/var/folders/53/6tc2ktbd19dbwxd5pmbp0d_w0000gn/T/reader-hap-build-XeOxXR/Reader-for-HarmonyOS/entry/src/main/ets/app/ReaderHostRegistry.ts:796:19
 Function may throw exceptions. Special handling is required.
[39m[39m
[33mWARN: [33m[33mArkTS:WARN File: /private/var/folders/53/6tc2ktbd19dbwxd5pmbp0d_w0000gn/T/reader-hap-build-XeOxXR/Reader-for-HarmonyOS/entry/src/main/ets/app/ReaderHostRegistry.ts:799:17
 Function may throw exceptions. Special handling is required.
[39m[39m
[33mWARN: [33m[33mArkTS:WARN File: /private/var/folders/53/6tc2ktbd19dbwxd5pmbp0d_w0000gn/T/reader-hap-build-XeOxXR/Reader-for-HarmonyOS/entry/src/main/ets/app/ReaderHostRegistry.ts:865:17
 Function may throw exceptions. Special handling is required.
[39m[39m
[33mWARN: [33m[33mArkTS:WARN File: /private/var/folders/53/6tc2ktbd19dbwxd5pmbp0d_w0000gn/T/reader-hap-build-XeOxXR/Reader-for-HarmonyOS/entry/src/main/ets/app/ReaderHostRegistry.ts:868:11
 Function may throw exceptions. Special handling is required.
[39m[39m
[33mWARN: [33m[33mArkTS:WARN File: /private/var/folders/53/6tc2ktbd19dbwxd5pmbp0d_w0000gn/T/reader-hap-build-XeOxXR/Reader-for-HarmonyOS/entry/src/main/ets/app/ReaderHostRegistry.ts:872:15
 Function may throw exceptions. Special handling is required.
[39m[39m
[33mWARN: [33m[33mArkTS:WARN File: /private/var/folders/53/6tc2ktbd19dbwxd5pmbp0d_w0000gn/T/reader-hap-build-XeOxXR/Reader-for-HarmonyOS/entry/src/main/ets/app/ReaderHostRegistry.ts:880:19
 Function may throw exceptions. Special handling is required.
[39m[39m
[33mWARN: [33m[33mArkTS:WARN File: /private/var/folders/53/6tc2ktbd19dbwxd5pmbp0d_w0000gn/T/reader-hap-build-XeOxXR/Reader-for-HarmonyOS/entry/src/main/ets/app/ReaderHostRegistry.ts:982:17
 Function may throw exceptions. Special handling is required.
[39m[39m
[33mWARN: [33m[33mArkTS:WARN File: /private/var/folders/53/6tc2ktbd19dbwxd5pmbp0d_w0000gn/T/reader-hap-build-XeOxXR/Reader-for-HarmonyOS/entry/src/main/ets/app/ReaderHostRegistry.ts:1144:17
 Function may throw exceptions. Special handling is required.
[39m[39m
[33mWARN: [33m[33mArkTS:WARN File: /private/var/folders/53/6tc2ktbd19dbwxd5pmbp0d_w0000gn/T/reader-hap-build-XeOxXR/Reader-for-HarmonyOS/entry/src/main/ets/app/ReaderHostRegistry.ts:1147:23
 Function may throw exceptions. Special handling is required.
[39m[39m
[33mWARN: [33m[33mArkTS:WARN File: /private/var/folders/53/6tc2ktbd19dbwxd5pmbp0d_w0000gn/T/reader-hap-build-XeOxXR/Reader-for-HarmonyOS/entry/src/main/ets/app/HarmonySystemTtsHost.ts:139:7
 Function may throw exceptions. Special handling is required.
[39m[39m
[33mWARN: [33m[33mArkTS:WARN File: /private/var/folders/53/6tc2ktbd19dbwxd5pmbp0d_w0000gn/T/reader-hap-build-XeOxXR/Reader-for-HarmonyOS/entry/src/main/ets/app/HarmonySystemTtsHost.ts:143:13
 Function may throw exceptions. Special handling is required.
[39m[39m
[33mWARN: [33m[33mArkTS:WARN File: /private/var/folders/53/6tc2ktbd19dbwxd5pmbp0d_w0000gn/T/reader-hap-build-XeOxXR/Reader-for-HarmonyOS/entry/src/main/ets/app/HarmonySystemTtsHost.ts:154:13
 Function may throw exceptions. Special handling is required.
[39m[39m
[33mWARN: [33m[33mArkTS:WARN File: /private/var/folders/53/6tc2ktbd19dbwxd5pmbp0d_w0000gn/T/reader-hap-build-XeOxXR/Reader-for-HarmonyOS/entry/src/main/ets/app/HarmonySystemTtsHost.ts:312:12
 Function may throw exceptions. Special handling is required.
[39m[39m
[33mWARN: [33m[33mArkTS:WARN File: /private/var/folders/53/6tc2ktbd19dbwxd5pmbp0d_w0000gn/T/reader-hap-build-XeOxXR/Reader-for-HarmonyOS/entry/src/main/ets/app/HarmonySystemTtsHost.ts:334:5
 Function may throw exceptions. Special handling is required.
[39m[39m
[33mWARN: [33m[33mArkTS:WARN File: /private/var/folders/53/6tc2ktbd19dbwxd5pmbp0d_w0000gn/T/reader-hap-build-XeOxXR/Reader-for-HarmonyOS/entry/src/main/ets/app/HarmonySystemTtsHost.ts:335:5
 Function may throw exceptions. Special handling is required.
[39m[39m
[33mWARN: [33m[33mArkTS:WARN File: /private/var/folders/53/6tc2ktbd19dbwxd5pmbp0d_w0000gn/T/reader-hap-build-XeOxXR/Reader-for-HarmonyOS/entry/src/main/ets/app/HarmonySystemTtsHost.ts:336:5
 Function may throw exceptions. Special handling is required.
[39m[39m
[33mWARN: [33m[33mArkTS:WARN File: /private/var/folders/53/6tc2ktbd19dbwxd5pmbp0d_w0000gn/T/reader-hap-build-XeOxXR/Reader-for-HarmonyOS/entry/src/main/ets/app/HarmonySystemTtsHost.ts:344:5
 Function may throw exceptions. Special handling is required.
[39m[39m
[33mWARN: [33m[33mArkTS:WARN File: /private/var/folders/53/6tc2ktbd19dbwxd5pmbp0d_w0000gn/T/reader-hap-build-XeOxXR/Reader-for-HarmonyOS/entry/src/main/ets/app/HarmonySystemTtsHost.ts:345:5
 Function may throw exceptions. Special handling is required.
[39m[39m
[33mWARN: [33m[33mArkTS:WARN File: /private/var/folders/53/6tc2ktbd19dbwxd5pmbp0d_w0000gn/T/reader-hap-build-XeOxXR/Reader-for-HarmonyOS/entry/src/main/ets/app/HarmonySystemTtsHost.ts:346:5
 Function may throw exceptions. Special handling is required.
[39m[39m
[33mWARN: [33m[33mArkTS:WARN File: /private/var/folders/53/6tc2ktbd19dbwxd5pmbp0d_w0000gn/T/reader-hap-build-XeOxXR/Reader-for-HarmonyOS/entry/src/main/ets/app/HarmonyHttpTtsHost.ts:117:5
 Function may throw exceptions. Special handling is required.
[39m[39m
[33mWARN: [33m[33mArkTS:WARN File: /private/var/folders/53/6tc2ktbd19dbwxd5pmbp0d_w0000gn/T/reader-hap-build-XeOxXR/Reader-for-HarmonyOS/entry/src/main/ets/app/HarmonyHttpTtsHost.ts:121:11
 Function may throw exceptions. Special handling is required.
[39m[39m
[33mWARN: [33m[33mArkTS:WARN File: /private/var/folders/53/6tc2ktbd19dbwxd5pmbp0d_w0000gn/T/reader-hap-build-XeOxXR/Reader-for-HarmonyOS/entry/src/main/ets/app/HarmonyHttpTtsHost.ts:131:13
 Function may throw exceptions. Special handling is required.
[39m[39m
[33mWARN: [33m[33mArkTS:WARN File: /private/var/folders/53/6tc2ktbd19dbwxd5pmbp0d_w0000gn/T/reader-hap-build-XeOxXR/Reader-for-HarmonyOS/entry/src/main/ets/app/HarmonyHttpTtsHost.ts:154:26
 Function may throw exceptions. Special handling is required.
[39m[39m
[33mWARN: [33m[33mArkTS:WARN File: /private/var/folders/53/6tc2ktbd19dbwxd5pmbp0d_w0000gn/T/reader-hap-build-XeOxXR/Reader-for-HarmonyOS/entry/src/main/ets/app/HarmonyHttpTtsHost.ts:479:5
 Function may throw exceptions. Special handling is required.
[39m[39m
[33mWARN: [33m[33mArkTS:WARN File: /private/var/folders/53/6tc2ktbd19dbwxd5pmbp0d_w0000gn/T/reader-hap-build-XeOxXR/Reader-for-HarmonyOS/entry/src/main/ets/app/HarmonyHttpTtsHost.ts:480:5
 Function may throw exceptions. Special handling is required.
[39m[39m
[33mWARN: [33m[33mArkTS:WARN File: /private/var/folders/53/6tc2ktbd19dbwxd5pmbp0d_w0000gn/T/reader-hap-build-XeOxXR/Reader-for-HarmonyOS/entry/src/main/ets/app/HarmonyHttpTtsHost.ts:481:5
 Function may throw exceptions. Special handling is required.
[39m[39m
[33mWARN: [33m[33mArkTS:WARN File: /private/var/folders/53/6tc2ktbd19dbwxd5pmbp0d_w0000gn/T/reader-hap-build-XeOxXR/Reader-for-HarmonyOS/entry/src/main/ets/app/HarmonyHttpTtsHost.ts:489:5
 Function may throw exceptions. Special handling is required.
[39m[39m
[33mWARN: [33m[33mArkTS:WARN File: /private/var/folders/53/6tc2ktbd19dbwxd5pmbp0d_w0000gn/T/reader-hap-build-XeOxXR/Reader-for-HarmonyOS/entry/src/main/ets/app/HarmonyHttpTtsHost.ts:490:5
 Function may throw exceptions. Special handling is required.
[39m[39m
[33mWARN: [33m[33mArkTS:WARN File: /private/var/folders/53/6tc2ktbd19dbwxd5pmbp0d_w0000gn/T/reader-hap-build-XeOxXR/Reader-for-HarmonyOS/entry/src/main/ets/app/HarmonyHttpTtsHost.ts:491:5
 Function may throw exceptions. Special handling is required.
[39m[39m
[33mWARN: [33m[33mArkTS:WARN File: /private/var/folders/53/6tc2ktbd19dbwxd5pmbp0d_w0000gn/T/reader-hap-build-XeOxXR/Reader-for-HarmonyOS/entry/src/main/ets/app/HarmonyTtsMediaSession.ts:37:11
 Function may throw exceptions. Special handling is required.
[39m[39m
[33mWARN: [33m[33mArkTS:WARN File: /private/var/folders/53/6tc2ktbd19dbwxd5pmbp0d_w0000gn/T/reader-hap-build-XeOxXR/Reader-for-HarmonyOS/entry/src/main/ets/app/HarmonyTtsMediaSession.ts:60:5
 Function may throw exceptions. Special handling is required.
[39m[39m
[33mWARN: [33m[33mArkTS:WARN File: /private/var/folders/53/6tc2ktbd19dbwxd5pmbp0d_w0000gn/T/reader-hap-build-XeOxXR/Reader-for-HarmonyOS/entry/src/main/ets/app/HarmonyTtsMediaSession.ts:61:5
 Function may throw exceptions. Special handling is required.
[39m[39m
[33mWARN: [33m[33mArkTS:WARN File: /private/var/folders/53/6tc2ktbd19dbwxd5pmbp0d_w0000gn/T/reader-hap-build-XeOxXR/Reader-for-HarmonyOS/entry/src/main/ets/app/HarmonyTtsMediaSession.ts:62:5
 Function may throw exceptions. Special handling is required.
[39m[39m
[33mWARN: [33m[33mArkTS:WARN File: /private/var/folders/53/6tc2ktbd19dbwxd5pmbp0d_w0000gn/T/reader-hap-build-XeOxXR/Reader-for-HarmonyOS/entry/src/main/ets/app/HarmonyTtsMediaSession.ts:63:5
 Function may throw exceptions. Special handling is required.
[39m[39m
[33mWARN: [33m[33mArkTS:WARN File: /private/var/folders/53/6tc2ktbd19dbwxd5pmbp0d_w0000gn/T/reader-hap-build-XeOxXR/Reader-for-HarmonyOS/entry/src/main/ets/app/HarmonyTtsMediaSession.ts:64:5
 Function may throw exceptions. Special handling is required.
[39m[39m
[33mWARN: [33m[33mArkTS:WARN File: /private/var/folders/53/6tc2ktbd19dbwxd5pmbp0d_w0000gn/T/reader-hap-build-XeOxXR/Reader-for-HarmonyOS/entry/src/main/ets/app/HarmonyTtsMediaSession.ts:70:11
 Function may throw exceptions. Special handling is required.
[39m[39m
[33mWARN: [33m[33mArkTS:WARN File: /private/var/folders/53/6tc2ktbd19dbwxd5pmbp0d_w0000gn/T/reader-hap-build-XeOxXR/Reader-for-HarmonyOS/entry/src/main/ets/app/HarmonyTtsMediaSession.ts:86:27
 Function may throw exceptions. Special handling is required.
[39m[39m
[33mWARN: [33m[33mArkTS:WARN File: /private/var/folders/53/6tc2ktbd19dbwxd5pmbp0d_w0000gn/T/reader-hap-build-XeOxXR/Reader-for-HarmonyOS/entry/src/main/ets/app/HarmonyTtsMediaSession.ts:87:5
 Function may throw exceptions. Special handling is required.
[39m[39m
[33mWARN: [33m[33mArkTS:WARN File: /private/var/folders/53/6tc2ktbd19dbwxd5pmbp0d_w0000gn/T/reader-hap-build-XeOxXR/Reader-for-HarmonyOS/entry/src/main/ets/app/HarmonyTtsMediaSession.ts:88:5
 Function may throw exceptions. Special handling is required.
[39m[39m
[33mWARN: [33m[33mArkTS:WARN File: /private/var/folders/53/6tc2ktbd19dbwxd5pmbp0d_w0000gn/T/reader-hap-build-XeOxXR/Reader-for-HarmonyOS/entry/src/main/ets/app/HarmonyTtsMediaSession.ts:89:5
 Function may throw exceptions. Special handling is required.
[39m[39m
[33mWARN: [33m[33mArkTS:WARN File: /private/var/folders/53/6tc2ktbd19dbwxd5pmbp0d_w0000gn/T/reader-hap-build-XeOxXR/Reader-for-HarmonyOS/entry/src/main/ets/app/HarmonyTtsMediaSession.ts:90:5
 Function may throw exceptions. Special handling is required.
[39m[39m
[33mWARN: [33m[33mArkTS:WARN File: /private/var/folders/53/6tc2ktbd19dbwxd5pmbp0d_w0000gn/T/reader-hap-build-XeOxXR/Reader-for-HarmonyOS/entry/src/main/ets/app/HarmonyTtsMediaSession.ts:91:5
 Function may throw exceptions. Special handling is required.
[39m[39m
[33mWARN: [33m[33mArkTS:WARN File: /private/var/folders/53/6tc2ktbd19dbwxd5pmbp0d_w0000gn/T/reader-hap-build-XeOxXR/Reader-for-HarmonyOS/entry/src/main/ets/app/HarmonyTtsMediaSession.ts:93:13
 Function may throw exceptions. Special handling is required.
[39m[39m
[33mWARN: [33m[33mArkTS:WARN File: /private/var/folders/53/6tc2ktbd19dbwxd5pmbp0d_w0000gn/T/reader-hap-build-XeOxXR/Reader-for-HarmonyOS/entry/src/main/ets/app/ReadingBodyImageHost.ts:427:15
 Function may throw exceptions. Special handling is required.
[39m[39m
[33mWARN: [33m[33mArkTS:WARN File: /private/var/folders/53/6tc2ktbd19dbwxd5pmbp0d_w0000gn/T/reader-hap-build-XeOxXR/Reader-for-HarmonyOS/entry/src/main/ets/app/ReadingBodyImageHost.ts:433:19
 Function may throw exceptions. Special handling is required.
[39m[39m
[33mWARN: [33m[33mArkTS:WARN File: /private/var/folders/53/6tc2ktbd19dbwxd5pmbp0d_w0000gn/T/reader-hap-build-XeOxXR/Reader-for-HarmonyOS/entry/src/main/ets/app/ReadingBodyImageHost.ts:460:20
 Function may throw exceptions. Special handling is required.
[39m[39m
[33mWARN: [33m[33mArkTS:WARN File: /private/var/folders/53/6tc2ktbd19dbwxd5pmbp0d_w0000gn/T/reader-hap-build-XeOxXR/Reader-for-HarmonyOS/entry/src/main/ets/app/ReadingBodyImageHost.ts:461:11
 Function may throw exceptions. Special handling is required.
[39m[39m
[33mWARN: [33m[33mArkTS:WARN File: /private/var/folders/53/6tc2ktbd19dbwxd5pmbp0d_w0000gn/T/reader-hap-build-XeOxXR/Reader-for-HarmonyOS/entry/src/main/ets/app/ReadingBodyImageHost.ts:462:26
 Function may throw exceptions. Special handling is required.
[39m[39m
[33mWARN: [33m[33mArkTS:WARN File: /private/var/folders/53/6tc2ktbd19dbwxd5pmbp0d_w0000gn/T/reader-hap-build-XeOxXR/Reader-for-HarmonyOS/entry/src/main/ets/app/LocalEpubResourceHost.ts:38:17
 Function may throw exceptions. Special handling is required.
[39m[39m
[33mWARN: [33m[33mArkTS:WARN File: /private/var/folders/53/6tc2ktbd19dbwxd5pmbp0d_w0000gn/T/reader-hap-build-XeOxXR/Reader-for-HarmonyOS/entry/src/main/ets/app/LocalEpubResourceHost.ts:41:17
 Function may throw exceptions. Special handling is required.
[39m[39m
[33mWARN: [33m[33mArkTS:WARN File: /private/var/folders/53/6tc2ktbd19dbwxd5pmbp0d_w0000gn/T/reader-hap-build-XeOxXR/Reader-for-HarmonyOS/entry/src/main/ets/app/ReadingImageDiskCache.ts:24:12
 Function may throw exceptions. Special handling is required.
[39m[39m
[33mWARN: [33m[33mArkTS:WARN File: /private/var/folders/53/6tc2ktbd19dbwxd5pmbp0d_w0000gn/T/reader-hap-build-XeOxXR/Reader-for-HarmonyOS/entry/src/main/ets/app/ReadingImageDiskCache.ts:91:17
 Function may throw exceptions. Special handling is required.
[39m[39m
[33mWARN: [33m[33mArkTS:WARN File: /private/var/folders/53/6tc2ktbd19dbwxd5pmbp0d_w0000gn/T/reader-hap-build-XeOxXR/Reader-for-HarmonyOS/entry/src/main/ets/app/ReadingImageDiskCache.ts:94:24
 Function may throw exceptions. Special handling is required.
[39m[39m
[33mWARN: [33m[33mArkTS:WARN File: /private/var/folders/53/6tc2ktbd19dbwxd5pmbp0d_w0000gn/T/reader-hap-build-XeOxXR/Reader-for-HarmonyOS/entry/src/main/ets/app/ReadingImageDiskCache.ts:99:20
 Function may throw exceptions. Special handling is required.
[39m[39m
[33mWARN: [33m[33mArkTS:WARN File: /private/var/folders/53/6tc2ktbd19dbwxd5pmbp0d_w0000gn/T/reader-hap-build-XeOxXR/Reader-for-HarmonyOS/entry/src/main/ets/app/ReadingImageDiskCache.ts:196:17
 Function may throw exceptions. Special handling is required.
[39m[39m
[33mWARN: [33m[33mArkTS:WARN File: /private/var/folders/53/6tc2ktbd19dbwxd5pmbp0d_w0000gn/T/reader-hap-build-XeOxXR/Reader-for-HarmonyOS/entry/src/main/ets/app/ReadingImageDiskCache.ts:271:20
 Function may throw exceptions. Special handling is required.
[39m[39m
[33mWARN: [33m[33mArkTS:WARN File: /private/var/folders/53/6tc2ktbd19dbwxd5pmbp0d_w0000gn/T/reader-hap-build-XeOxXR/Reader-for-HarmonyOS/entry/src/main/ets/app/ReadingImageDiskCache.ts:272:11
 Function may throw exceptions. Special handling is required.
[39m[39m
[33mWARN: [33m[33mArkTS:WARN File: /private/var/folders/53/6tc2ktbd19dbwxd5pmbp0d_w0000gn/T/reader-hap-build-XeOxXR/Reader-for-HarmonyOS/entry/src/main/ets/app/ReadingImageDiskCache.ts:273:26
 Function may throw exceptions. Special handling is required.
[39m[39m
[33mWARN: [33m[33mArkTS:WARN File: /private/var/folders/53/6tc2ktbd19dbwxd5pmbp0d_w0000gn/T/reader-hap-build-XeOxXR/Reader-for-HarmonyOS/entry/src/main/ets/app/ReadingImageDiskCache.ts:374:15
 Function may throw exceptions. Special handling is required.
[39m[39m
[33mWARN: [33m[33mArkTS:WARN File: /private/var/folders/53/6tc2ktbd19dbwxd5pmbp0d_w0000gn/T/reader-hap-build-XeOxXR/Reader-for-HarmonyOS/entry/src/main/ets/app/ReadingImageDiskCache.ts:380:19
 Function may throw exceptions. Special handling is required.
[39m[39m
[33mWARN: [33m[33mArkTS:WARN File: /private/var/folders/53/6tc2ktbd19dbwxd5pmbp0d_w0000gn/T/reader-hap-build-XeOxXR/Reader-for-HarmonyOS/entry/src/main/ets/app/ReadingImageDiskCache.ts:387:15
 Function may throw exceptions. Special handling is required.
[39m[39m
[33mWARN: [33m[33mArkTS:WARN File: /private/var/folders/53/6tc2ktbd19dbwxd5pmbp0d_w0000gn/T/reader-hap-build-XeOxXR/Reader-for-HarmonyOS/entry/src/main/ets/app/ReadingImageDiskCache.ts:388:13
 Function may throw exceptions. Special handling is required.
[39m[39m
[33mWARN: [33m[33mArkTS:WARN File: /private/var/folders/53/6tc2ktbd19dbwxd5pmbp0d_w0000gn/T/reader-hap-build-XeOxXR/Reader-for-HarmonyOS/entry/src/main/ets/app/ReadingImageDiskCache.ts:393:17
 Function may throw exceptions. Special handling is required.
[39m[39m
[33mWARN: [33m[33mArkTS:WARN File: /private/var/folders/53/6tc2ktbd19dbwxd5pmbp0d_w0000gn/T/reader-hap-build-XeOxXR/Reader-for-HarmonyOS/entry/src/main/ets/app/ReadingImageDiskCache.ts:396:25
 Function may throw exceptions. Special handling is required.
[39m[39m
[33mWARN: [33m[33mArkTS:WARN File: /private/var/folders/53/6tc2ktbd19dbwxd5pmbp0d_w0000gn/T/reader-hap-build-XeOxXR/Reader-for-HarmonyOS/entry/src/main/ets/app/ReadingImageDiskCache.ts:399:26
 Function may throw exceptions. Special handling is required.
[39m[39m
[33mWARN: [33m[33mArkTS:WARN File: /private/var/folders/53/6tc2ktbd19dbwxd5pmbp0d_w0000gn/T/reader-hap-build-XeOxXR/Reader-for-HarmonyOS/entry/src/main/ets/app/ReadingImageDiskCache.ts:400:11
 Function may throw exceptions. Special handling is required.
[39m[39m
[33mWARN: [33m[33mArkTS:WARN File: /private/var/folders/53/6tc2ktbd19dbwxd5pmbp0d_w0000gn/T/reader-hap-build-XeOxXR/Reader-for-HarmonyOS/entry/src/main/ets/app/ReadingImageDiskCache.ts:403:15
 Function may throw exceptions. Special handling is required.
[39m[39m
[33mWARN: [33m[33mArkTS:WARN File: /private/var/folders/53/6tc2ktbd19dbwxd5pmbp0d_w0000gn/T/reader-hap-build-XeOxXR/Reader-for-HarmonyOS/entry/src/main/ets/app/ReadingImageDiskCache.ts:406:11
 Function may throw exceptions. Special handling is required.
[39m[39m
[33mWARN: [33m[33mArkTS:WARN File: /private/var/folders/53/6tc2ktbd19dbwxd5pmbp0d_w0000gn/T/reader-hap-build-XeOxXR/Reader-for-HarmonyOS/entry/src/main/ets/app/ReadingImageDiskCache.ts:410:25
 Function may throw exceptions. Special handling is required.
[39m[39m
[33mWARN: [33m[33mArkTS:WARN File: /private/var/folders/53/6tc2ktbd19dbwxd5pmbp0d_w0000gn/T/reader-hap-build-XeOxXR/Reader-for-HarmonyOS/entry/src/main/ets/app/ReadingImageDiskCache.ts:417:15
 Function may throw exceptions. Special handling is required.
[39m[39m
[33mWARN: [33m[33mArkTS:WARN File: /private/var/folders/53/6tc2ktbd19dbwxd5pmbp0d_w0000gn/T/reader-hap-build-XeOxXR/Reader-for-HarmonyOS/entry/src/main/ets/app/BundledBookSourceSupply.ts:56:18
 Function may throw exceptions. Special handling is required.
[39m[39m
[33mWARN: [33m[33mArkTS:WARN File: /private/var/folders/53/6tc2ktbd19dbwxd5pmbp0d_w0000gn/T/reader-hap-build-XeOxXR/Reader-for-HarmonyOS/entry/src/main/ets/app/BundledBookSourceSupply.ts:57:9
 Function may throw exceptions. Special handling is required.
[39m[39m
[33mWARN: [33m[33mArkTS:WARN File: /private/var/folders/53/6tc2ktbd19dbwxd5pmbp0d_w0000gn/T/reader-hap-build-XeOxXR/Reader-for-HarmonyOS/entry/src/main/ets/app/BundledBookSourceSupply.ts:58:24
 Function may throw exceptions. Special handling is required.
[39m[39m
[33mWARN: [33m[33mArkTS:WARN File: /private/var/folders/53/6tc2ktbd19dbwxd5pmbp0d_w0000gn/T/reader-hap-build-XeOxXR/Reader-for-HarmonyOS/entry/src/main/ets/app/BundledBookSourceSupply.ts:197:24
 Function may throw exceptions. Special handling is required.
[39m[39m
[33mWARN: [33m[33mArkTS:WARN File: /private/var/folders/53/6tc2ktbd19dbwxd5pmbp0d_w0000gn/T/reader-hap-build-XeOxXR/Reader-for-HarmonyOS/entry/src/main/ets/app/BundledBookSourceSupply.ts:199:26
 Function may throw exceptions. Special handling is required.
[39m[39m
[33mWARN: [33m[33mArkTS:WARN File: /private/var/folders/53/6tc2ktbd19dbwxd5pmbp0d_w0000gn/T/reader-hap-build-XeOxXR/Reader-for-HarmonyOS/entry/src/main/ets/app/BundledBookSourceSupply.ts:201:13
 Function may throw exceptions. Special handling is required.
[39m[39m
[33mWARN: [33m[33mArkTS:WARN File: /private/var/folders/53/6tc2ktbd19dbwxd5pmbp0d_w0000gn/T/reader-hap-build-XeOxXR/Reader-for-HarmonyOS/entry/src/main/ets/app/BundledBookSourceSupply.ts:204:13
 Function may throw exceptions. Special handling is required.
[39m[39m
[33mWARN: [33m[33mArkTS:WARN File: /private/var/folders/53/6tc2ktbd19dbwxd5pmbp0d_w0000gn/T/reader-hap-build-XeOxXR/Reader-for-HarmonyOS/entry/src/main/ets/app/ReaderAppearancePreferences.ts:21:24
 Function may throw exceptions. Special handling is required.
[39m[39m
[33mWARN: [33m[33mArkTS:WARN File: /private/var/folders/53/6tc2ktbd19dbwxd5pmbp0d_w0000gn/T/reader-hap-build-XeOxXR/Reader-for-HarmonyOS/entry/src/main/ets/app/ReaderAppearancePreferences.ts:32:11
 Function may throw exceptions. Special handling is required.
[39m[39m
[33mWARN: [33m[33mArkTS:WARN File: /private/var/folders/53/6tc2ktbd19dbwxd5pmbp0d_w0000gn/T/reader-hap-build-XeOxXR/Reader-for-HarmonyOS/entry/src/main/ets/app/ReaderAppearancePreferences.ts:33:11
 Function may throw exceptions. Special handling is required.
[39m[39m
[33mWARN: [33m[33mArkTS:WARN File: /private/var/folders/53/6tc2ktbd19dbwxd5pmbp0d_w0000gn/T/reader-hap-build-XeOxXR/Reader-for-HarmonyOS/entry/src/main/ets/app/ReaderAppearancePreferences.ts:38:26
 Function may throw exceptions. Special handling is required.
[39m[39m
[33mWARN: [33m[33mArkTS:WARN File: /private/var/folders/53/6tc2ktbd19dbwxd5pmbp0d_w0000gn/T/reader-hap-build-XeOxXR/Reader-for-HarmonyOS/entry/src/main/ets/app/ReaderWindowCoordinator.ts:98:46
 Function may throw exceptions. Special handling is required.
[39m[39m
[33mWARN: [33m[33mArkTS:WARN File: /private/var/folders/53/6tc2ktbd19dbwxd5pmbp0d_w0000gn/T/reader-hap-build-XeOxXR/Reader-for-HarmonyOS/entry/src/main/ets/app/ReaderWindowCoordinator.ts:99:47
 Function may throw exceptions. Special handling is required.
[39m[39m
[33mWARN: [33m[33mArkTS:WARN File: /private/var/folders/53/6tc2ktbd19dbwxd5pmbp0d_w0000gn/T/reader-hap-build-XeOxXR/Reader-for-HarmonyOS/entry/src/main/ets/app/ReaderWindowCoordinator.ts:100:11
 Function may throw exceptions. Special handling is required.
[39m[39m
[33mWARN: [33m[33mArkTS:WARN File: /private/var/folders/53/6tc2ktbd19dbwxd5pmbp0d_w0000gn/T/reader-hap-build-XeOxXR/Reader-for-HarmonyOS/entry/src/main/ets/app/ReaderWindowCoordinator.ts:104:11
 Function may throw exceptions. Special handling is required.
[39m[39m
[33mWARN: [33m[33mArkTS:WARN File: /private/var/folders/53/6tc2ktbd19dbwxd5pmbp0d_w0000gn/T/reader-hap-build-XeOxXR/Reader-for-HarmonyOS/entry/src/main/ets/app/ReaderWindowCoordinator.ts:280:11
 Function may throw exceptions. Special handling is required.
[39m[39m
[33mWARN: [33m[33mArkTS:WARN File: /private/var/folders/53/6tc2ktbd19dbwxd5pmbp0d_w0000gn/T/reader-hap-build-XeOxXR/Reader-for-HarmonyOS/entry/src/main/ets/app/ReaderWindowCoordinator.ts:281:11
 Function may throw exceptions. Special handling is required.
[39m[39m
[33mWARN: [33m[33mArkTS:WARN File: /private/var/folders/53/6tc2ktbd19dbwxd5pmbp0d_w0000gn/T/reader-hap-build-XeOxXR/Reader-for-HarmonyOS/entry/src/main/ets/app/ReaderWindowCoordinator.ts:282:11
 Function may throw exceptions. Special handling is required.
[39m[39m
[33mWARN: [33m[33mArkTS:WARN File: /private/var/folders/53/6tc2ktbd19dbwxd5pmbp0d_w0000gn/T/reader-hap-build-XeOxXR/Reader-for-HarmonyOS/entry/src/main/ets/app/ReaderWindowCoordinator.ts:283:11
 Function may throw exceptions. Special handling is required.
[39m[39m
[33mWARN: [33m[33mArkTS:WARN File: /private/var/folders/53/6tc2ktbd19dbwxd5pmbp0d_w0000gn/T/reader-hap-build-XeOxXR/Reader-for-HarmonyOS/entry/src/main/ets/app/ReaderWindowCoordinator.ts:284:11
 Function may throw exceptions. Special handling is required.
[39m[39m
[33mWARN: [33m[33mArkTS:WARN File: /private/var/folders/53/6tc2ktbd19dbwxd5pmbp0d_w0000gn/T/reader-hap-build-XeOxXR/Reader-for-HarmonyOS/entry/src/main/ets/app/ReaderWindowCoordinator.ts:288:11
 Function may throw exceptions. Special handling is required.
[39m[39m
[33mWARN: [33m[33mArkTS:WARN File: /private/var/folders/53/6tc2ktbd19dbwxd5pmbp0d_w0000gn/T/reader-hap-build-XeOxXR/Reader-for-HarmonyOS/entry/src/main/ets/app/ReaderWindowCoordinator.ts:289:11
 Function may throw exceptions. Special handling is required.
[39m[39m
[33mWARN: [33m[33mArkTS:WARN File: /private/var/folders/53/6tc2ktbd19dbwxd5pmbp0d_w0000gn/T/reader-hap-build-XeOxXR/Reader-for-HarmonyOS/entry/src/main/ets/app/ReaderWindowCoordinator.ts:290:11
 Function may throw exceptions. Special handling is required.
[39m[39m
[33mWARN: [33m[33mArkTS:WARN File: /private/var/folders/53/6tc2ktbd19dbwxd5pmbp0d_w0000gn/T/reader-hap-build-XeOxXR/Reader-for-HarmonyOS/entry/src/main/ets/app/ReaderWindowCoordinator.ts:291:11
 Function may throw exceptions. Special handling is required.
[39m[39m
[33mWARN: [33m[33mArkTS:WARN File: /private/var/folders/53/6tc2ktbd19dbwxd5pmbp0d_w0000gn/T/reader-hap-build-XeOxXR/Reader-for-HarmonyOS/entry/src/main/ets/app/ReaderWindowCoordinator.ts:292:11
 Function may throw exceptions. Special handling is required.
[39m[39m
[33mWARN: [33m[33mArkTS:WARN File: /private/var/folders/53/6tc2ktbd19dbwxd5pmbp0d_w0000gn/T/reader-hap-build-XeOxXR/Reader-for-HarmonyOS/entry/src/main/ets/app/ReaderWindowCoordinator.ts:310:25
 Function may throw exceptions. Special handling is required.
[39m[39m
[33mWARN: [33m[33mArkTS:WARN File: /private/var/folders/53/6tc2ktbd19dbwxd5pmbp0d_w0000gn/T/reader-hap-build-XeOxXR/Reader-for-HarmonyOS/entry/src/main/ets/app/ReaderWindowCoordinator.ts:315:24
 Function may throw exceptions. Special handling is required.
[39m[39m
[33mWARN: [33m[33mArkTS:WARN File: /private/var/folders/53/6tc2ktbd19dbwxd5pmbp0d_w0000gn/T/reader-hap-build-XeOxXR/Reader-for-HarmonyOS/entry/src/main/ets/entryability/EntryAbility.ets:35:17
 Function may throw exceptions. Special handling is required.
[39m[39m
[33mWARN: [33m[33mArkTS:WARN File: /private/var/folders/53/6tc2ktbd19dbwxd5pmbp0d_w0000gn/T/reader-hap-build-XeOxXR/Reader-for-HarmonyOS/entry/src/main/ets/features/sync/WebDavCredentialStore.ts:190:42
 'encode' has been deprecated.
[39m[39m
[33mWARN: [33m[33mArkTS:WARN File: /private/var/folders/53/6tc2ktbd19dbwxd5pmbp0d_w0000gn/T/reader-hap-build-XeOxXR/Reader-for-HarmonyOS/entry/src/main/ets/app/ReaderClipboardHost.ts:9:3
 Function may throw exceptions. Special handling is required.
[39m[39m
[33mWARN: [33m[33mArkTS:WARN File: /private/var/folders/53/6tc2ktbd19dbwxd5pmbp0d_w0000gn/T/reader-hap-build-XeOxXR/Reader-for-HarmonyOS/entry/src/main/ets/features/reading/ReadingSurface.ets:225:7
 Function may throw exceptions. Special handling is required.
[39m[39m
[33mWARN: [33m[33mArkTS:WARN File: /private/var/folders/53/6tc2ktbd19dbwxd5pmbp0d_w0000gn/T/reader-hap-build-XeOxXR/Reader-for-HarmonyOS/entry/src/main/ets/features/reading/BookTurnPresentationSession.ets:2:28
 Currently module for 'libreader_bookturn_napi.so' is not verified. If you're importing napi, its verification will be enabled in later SDK version. Please make sure the corresponding .d.ts file is provided and the napis are correctly declared.
[39m[39m
[33mWARN: [33m[33mArkTS:WARN File: /private/var/folders/53/6tc2ktbd19dbwxd5pmbp0d_w0000gn/T/reader-hap-build-XeOxXR/Reader-for-HarmonyOS/entry/src/main/ets/features/reading/ReaderControlDirectoryContent.ets:39:57
 'onDataChanged' has been deprecated.
[39m[39m
[33mWARN: [33m[33mArkTS:WARN File: /private/var/folders/53/6tc2ktbd19dbwxd5pmbp0d_w0000gn/T/reader-hap-build-XeOxXR/Reader-for-HarmonyOS/entry/src/main/ets/features/reading/ReaderTtsPreferencesGateway.ts:27:24
 Function may throw exceptions. Special handling is required.
[39m[39m
[33mWARN: [33m[33mArkTS:WARN File: /private/var/folders/53/6tc2ktbd19dbwxd5pmbp0d_w0000gn/T/reader-hap-build-XeOxXR/Reader-for-HarmonyOS/entry/src/main/ets/features/reading/ReaderTtsPreferencesGateway.ts:47:13
 Function may throw exceptions. Special handling is required.
[39m[39m
[33mWARN: [33m[33mArkTS:WARN File: /private/var/folders/53/6tc2ktbd19dbwxd5pmbp0d_w0000gn/T/reader-hap-build-XeOxXR/Reader-for-HarmonyOS/entry/src/main/ets/features/reading/ReaderTtsPreferencesGateway.ts:48:13
 Function may throw exceptions. Special handling is required.
[39m[39m
[33mWARN: [33m[33mArkTS:WARN File: /private/var/folders/53/6tc2ktbd19dbwxd5pmbp0d_w0000gn/T/reader-hap-build-XeOxXR/Reader-for-HarmonyOS/entry/src/main/ets/features/reading/ReaderTtsPreferencesGateway.ts:57:24
 Function may throw exceptions. Special handling is required.
[39m[39m
[33mWARN: [33m[33mArkTS:WARN File: /private/var/folders/53/6tc2ktbd19dbwxd5pmbp0d_w0000gn/T/reader-hap-build-XeOxXR/Reader-for-HarmonyOS/entry/src/main/ets/app/ReaderCustomFontHost.ts:64:15
 Function may throw exceptions. Special handling is required.
[39m[39m
[33mWARN: [33m[33mArkTS:WARN File: /private/var/folders/53/6tc2ktbd19dbwxd5pmbp0d_w0000gn/T/reader-hap-build-XeOxXR/Reader-for-HarmonyOS/entry/src/main/ets/app/ReaderCustomFontHost.ts:76:24
 Function may throw exceptions. Special handling is required.
[39m[39m
[33mWARN: [33m[33mArkTS:WARN File: /private/var/folders/53/6tc2ktbd19dbwxd5pmbp0d_w0000gn/T/reader-hap-build-XeOxXR/Reader-for-HarmonyOS/entry/src/main/ets/app/ReaderCustomFontHost.ts:81:24
 Function may throw exceptions. Special handling is required.
[39m[39m
[33mWARN: [33m[33mArkTS:WARN File: /private/var/folders/53/6tc2ktbd19dbwxd5pmbp0d_w0000gn/T/reader-hap-build-XeOxXR/Reader-for-HarmonyOS/entry/src/main/ets/app/ReaderCustomFontHost.ts:84:25
 Function may throw exceptions. Special handling is required.
[39m[39m
[33mWARN: [33m[33mArkTS:WARN File: /private/var/folders/53/6tc2ktbd19dbwxd5pmbp0d_w0000gn/T/reader-hap-build-XeOxXR/Reader-for-HarmonyOS/entry/src/main/ets/app/ReaderCustomFontHost.ts:86:13
 Function may throw exceptions. Special handling is required.
[39m[39m
[33mWARN: [33m[33mArkTS:WARN File: /private/var/folders/53/6tc2ktbd19dbwxd5pmbp0d_w0000gn/T/reader-hap-build-XeOxXR/Reader-for-HarmonyOS/entry/src/main/ets/app/ReaderCustomFontHost.ts:101:24
 Function may throw exceptions. Special handling is required.
[39m[39m
[33mWARN: [33m[33mArkTS:WARN File: /private/var/folders/53/6tc2ktbd19dbwxd5pmbp0d_w0000gn/T/reader-hap-build-XeOxXR/Reader-for-HarmonyOS/entry/src/main/ets/app/ReaderCustomFontHost.ts:102:20
 Function may throw exceptions. Special handling is required.
[39m[39m
[33mWARN: [33m[33mArkTS:WARN File: /private/var/folders/53/6tc2ktbd19dbwxd5pmbp0d_w0000gn/T/reader-hap-build-XeOxXR/Reader-for-HarmonyOS/entry/src/main/ets/app/ReaderCustomFontHost.ts:104:24
 Function may throw exceptions. Special handling is required.
[39m[39m
[33mWARN: [33m[33mArkTS:WARN File: /private/var/folders/53/6tc2ktbd19dbwxd5pmbp0d_w0000gn/T/reader-hap-build-XeOxXR/Reader-for-HarmonyOS/entry/src/main/ets/app/ReaderCustomFontHost.ts:108:33
 Function may throw exceptions. Special handling is required.
[39m[39m
[33mWARN: [33m[33mArkTS:WARN File: /private/var/folders/53/6tc2ktbd19dbwxd5pmbp0d_w0000gn/T/reader-hap-build-XeOxXR/Reader-for-HarmonyOS/entry/src/main/ets/app/ReaderCustomFontHost.ts:113:15
 Function may throw exceptions. Special handling is required.
[39m[39m
[33mWARN: [33m[33mArkTS:WARN File: /private/var/folders/53/6tc2ktbd19dbwxd5pmbp0d_w0000gn/T/reader-hap-build-XeOxXR/Reader-for-HarmonyOS/entry/src/main/ets/app/ReaderCustomFontHost.ts:116:13
 Function may throw exceptions. Special handling is required.
[39m[39m
[33mWARN: [33m[33mArkTS:WARN File: /private/var/folders/53/6tc2ktbd19dbwxd5pmbp0d_w0000gn/T/reader-hap-build-XeOxXR/Reader-for-HarmonyOS/entry/src/main/ets/app/ReaderCustomFontHost.ts:121:26
 Function may throw exceptions. Special handling is required.
[39m[39m
[33mWARN: [33m[33mArkTS:WARN File: /private/var/folders/53/6tc2ktbd19dbwxd5pmbp0d_w0000gn/T/reader-hap-build-XeOxXR/Reader-for-HarmonyOS/entry/src/main/ets/app/ReaderCustomFontHost.ts:162:15
 Function may throw exceptions. Special handling is required.
[39m[39m
[33mWARN: [33m[33mArkTS:WARN File: /private/var/folders/53/6tc2ktbd19dbwxd5pmbp0d_w0000gn/T/reader-hap-build-XeOxXR/Reader-for-HarmonyOS/entry/src/main/ets/app/ReaderCustomFontHost.ts:168:19
 Function may throw exceptions. Special handling is required.
[39m[39m
[33mWARN: [33m[33mArkTS:WARN File: /private/var/folders/53/6tc2ktbd19dbwxd5pmbp0d_w0000gn/T/reader-hap-build-XeOxXR/Reader-for-HarmonyOS/entry/src/main/ets/app/ReaderCustomFontHost.ts:175:15
 Function may throw exceptions. Special handling is required.
[39m[39m
[33mWARN: [33m[33mArkTS:WARN File: /private/var/folders/53/6tc2ktbd19dbwxd5pmbp0d_w0000gn/T/reader-hap-build-XeOxXR/Reader-for-HarmonyOS/entry/src/main/ets/app/ReaderCustomFontHost.ts:176:13
 Function may throw exceptions. Special handling is required.
[39m[39m
[33mWARN: [33m[33mArkTS:WARN File: /private/var/folders/53/6tc2ktbd19dbwxd5pmbp0d_w0000gn/T/reader-hap-build-XeOxXR/Reader-for-HarmonyOS/entry/src/main/ets/features/reading/ReaderSettingsGateway.ts:53:13
 Function may throw exceptions. Special handling is required.
[39m[39m
[33mWARN: [33m[33mArkTS:WARN File: /private/var/folders/53/6tc2ktbd19dbwxd5pmbp0d_w0000gn/T/reader-hap-build-XeOxXR/Reader-for-HarmonyOS/entry/src/main/ets/features/reading/ReaderSettingsGateway.ts:54:13
 Function may throw exceptions. Special handling is required.
[39m[39m
[33mWARN: [33m[33mArkTS:WARN File: /private/var/folders/53/6tc2ktbd19dbwxd5pmbp0d_w0000gn/T/reader-hap-build-XeOxXR/Reader-for-HarmonyOS/entry/src/main/ets/features/reading/ReaderSettingsGateway.ts:65:24
 Function may throw exceptions. Special handling is required.
[39m[39m
[33mWARN: [33m[33mArkTS:WARN File: /private/var/folders/53/6tc2ktbd19dbwxd5pmbp0d_w0000gn/T/reader-hap-build-XeOxXR/Reader-for-HarmonyOS/entry/src/main/ets/features/reading/ReaderSettingsGateway.ts:92:24
 Function may throw exceptions. Special handling is required.
[39m[39m
[33mWARN: [33m[33mArkTS:WARN File: /private/var/folders/53/6tc2ktbd19dbwxd5pmbp0d_w0000gn/T/reader-hap-build-XeOxXR/Reader-for-HarmonyOS/entry/src/main/ets/features/reading/ReadingRecordGateway.ts:69:30
 Function may throw exceptions. Special handling is required.
[39m[39m
[33mWARN: [33m[33mArkTS:WARN File: /private/var/folders/53/6tc2ktbd19dbwxd5pmbp0d_w0000gn/T/reader-hap-build-XeOxXR/Reader-for-HarmonyOS/entry/src/main/ets/features/reading/ReadingRecordGateway.ts:74:11
 Function may throw exceptions. Special handling is required.
[39m[39m
[33mWARN: [33m[33mArkTS:WARN File: /private/var/folders/53/6tc2ktbd19dbwxd5pmbp0d_w0000gn/T/reader-hap-build-XeOxXR/Reader-for-HarmonyOS/entry/src/main/ets/features/reading/ReadingRecordGateway.ts:75:11
 Function may throw exceptions. Special handling is required.
[39m[39m
[33mWARN: [33m[33mArkTS:WARN File: /private/var/folders/53/6tc2ktbd19dbwxd5pmbp0d_w0000gn/T/reader-hap-build-XeOxXR/Reader-for-HarmonyOS/entry/src/main/ets/features/reading/ReadingRecordGateway.ts:83:24
 Function may throw exceptions. Special handling is required.
[39m[39m
[33mWARN: [33m[33mArkTS:WARN File: /private/var/folders/53/6tc2ktbd19dbwxd5pmbp0d_w0000gn/T/reader-hap-build-XeOxXR/Reader-for-HarmonyOS/entry/src/main/ets/features/search/SearchPage.ets:755:10
 'onScroll' has been deprecated.
[39m[39m
[33mWARN: [33m[33mArkTS:WARN File: /private/var/folders/53/6tc2ktbd19dbwxd5pmbp0d_w0000gn/T/reader-hap-build-XeOxXR/Reader-for-HarmonyOS/entry/src/main/ets/features/settings/SettingsGateway.ts:54:13
 Function may throw exceptions. Special handling is required.
[39m[39m
[33mWARN: [33m[33mArkTS:WARN File: /private/var/folders/53/6tc2ktbd19dbwxd5pmbp0d_w0000gn/T/reader-hap-build-XeOxXR/Reader-for-HarmonyOS/entry/src/main/ets/features/settings/SettingsGateway.ts:55:13
 Function may throw exceptions. Special handling is required.
[39m[39m
[33mWARN: [33m[33mArkTS:WARN File: /private/var/folders/53/6tc2ktbd19dbwxd5pmbp0d_w0000gn/T/reader-hap-build-XeOxXR/Reader-for-HarmonyOS/entry/src/main/ets/features/settings/SettingsGateway.ts:56:13
 Function may throw exceptions. Special handling is required.
[39m[39m
[33mWARN: [33m[33mArkTS:WARN File: /private/var/folders/53/6tc2ktbd19dbwxd5pmbp0d_w0000gn/T/reader-hap-build-XeOxXR/Reader-for-HarmonyOS/entry/src/main/ets/features/settings/SettingsGateway.ts:57:13
 Function may throw exceptions. Special handling is required.
[39m[39m
[33mWARN: [33m[33mArkTS:WARN File: /private/var/folders/53/6tc2ktbd19dbwxd5pmbp0d_w0000gn/T/reader-hap-build-XeOxXR/Reader-for-HarmonyOS/entry/src/main/ets/features/settings/SettingsGateway.ts:58:13
 Function may throw exceptions. Special handling is required.
[39m[39m
[33mWARN: [33m[33mArkTS:WARN File: /private/var/folders/53/6tc2ktbd19dbwxd5pmbp0d_w0000gn/T/reader-hap-build-XeOxXR/Reader-for-HarmonyOS/entry/src/main/ets/features/settings/SettingsGateway.ts:69:31
 Function may throw exceptions. Special handling is required.
[39m[39m
[33mWARN: [33m[33mArkTS:WARN File: /private/var/folders/53/6tc2ktbd19dbwxd5pmbp0d_w0000gn/T/reader-hap-build-XeOxXR/Reader-for-HarmonyOS/entry/src/main/ets/features/settings/SettingsGateway.ts:70:34
 Function may throw exceptions. Special handling is required.
[39m[39m
[33mWARN: [33m[33mArkTS:WARN File: /private/var/folders/53/6tc2ktbd19dbwxd5pmbp0d_w0000gn/T/reader-hap-build-XeOxXR/Reader-for-HarmonyOS/entry/src/main/ets/features/settings/SettingsGateway.ts:71:28
 Function may throw exceptions. Special handling is required.
[39m[39m
[33mWARN: [33m[33mArkTS:WARN File: /private/var/folders/53/6tc2ktbd19dbwxd5pmbp0d_w0000gn/T/reader-hap-build-XeOxXR/Reader-for-HarmonyOS/entry/src/main/ets/features/settings/SettingsGateway.ts:72:24
 Function may throw exceptions. Special handling is required.
[39m[39m
[33mWARN: [33m[33mArkTS:WARN File: /private/var/folders/53/6tc2ktbd19dbwxd5pmbp0d_w0000gn/T/reader-hap-build-XeOxXR/Reader-for-HarmonyOS/entry/src/main/ets/features/settings/SettingsGateway.ts:89:24
 Function may throw exceptions. Special handling is required.
[39m[39m
[33mWARN: [33m[33mArkTS:WARN File: /private/var/folders/53/6tc2ktbd19dbwxd5pmbp0d_w0000gn/T/reader-hap-build-XeOxXR/Reader-for-HarmonyOS/entry/src/main/ets/features/sync/SyncGateway.ts:544:49
 'encode' has been deprecated.
[39m[39m
[33mWARN: [33m[33mArkTS:WARN File: /private/var/folders/53/6tc2ktbd19dbwxd5pmbp0d_w0000gn/T/reader-hap-build-XeOxXR/Reader-for-HarmonyOS/entry/src/main/ets/pages/ReaderRendererPilot.ets:16:53
 'replaceUrl' has been deprecated.
[39m[39m
[39m
> hvigor [32mFinished :entry:default@CompileArkTS... after 27 s 473 ms [39m
> hvigor [32mFinished :entry:default@GeneratePkgModuleJson... after 3 ms [39m
> hvigor [32mFinished :entry:default@ProcessCompiledResources... after 1 ms [39m
> hvigor [32mFinished :entry:default@PackageHap... after 777 ms [39m
> hvigor [32mFinished :entry:default@PackingCheck... after 10 ms [39m
> hvigor [32mFinished :entry:default@SignHap... after 3 s 76 ms [39m
> hvigor [32mFinished :entry:default@CollectDebugSymbol... after 1 ms [39m
> hvigor [32mFinished :entry:assembleHap... after 1 ms [39m
> hvigor [32mBUILD SUCCESSFUL in 36 s 164 ms [39m
/Users/minliny/Documents/Reader/Reader-for-HarmonyOS/.reader-artifacts/hap/.staging-20260912T164932Z-50cad401-66bb9fe0-10888/entry-default-signed.hap: bundled source collection PASS (1046 tested records, 919 unique identities)
/Users/minliny/Documents/Reader/Reader-for-HarmonyOS/.reader-artifacts/hap/.staging-20260912T164932Z-50cad401-66bb9fe0-10888/entry-default-unsigned.hap: bundled source collection PASS (1046 tested records, 919 unique identities)
{"status":"PASS","runId":"20260912T164932Z-50cad401-66bb9fe0","buildClass":"iteration","manifest":"/Users/minliny/Documents/Reader/Reader-for-HarmonyOS/.reader-artifacts/hap/20260912T164932Z-50cad401-66bb9fe0/manifest.json","artifacts":[{"kind":"signed","path":"entry-default-signed.hap","sha256":"648d07a379f6cfe88e88b509c05f48790c533cc125e515c2a377ac9f7bd1dc5d","signature":{"status":"signed","verified":true,"profileType":"debug","appIdSha256":"b9063d56007d41e2a75024b1c337e1ae6cf2f344b19d473b426e7d3a9fc49abf","appIdentifierSha256":"8c32879623adf9edc32b24b27309073c498195bd44d653ae5adc27918a13a58b","certificateSha256":"9575a9891ccd56a278fcb9b881a4304e491319442f72e2530adc65fad248abb5"}},{"kind":"unsigned","path":"entry-default-unsigned.hap","sha256":"ca8c1186833aba3c81ba138c7d3465a19efd0b01070bd227049b38c9c63c6932","signature":{"status":"unsigned","verified":false,"profileType":"none"}}]}
