   Compiling reader-runtime v0.1.0 (/Users/minliny/Documents/Reader/Reader-Core-Native/crates/reader-runtime)
   Compiling reader-ffi v0.1.0 (/Users/minliny/Documents/Reader/Reader-Core-Native/crates/reader-ffi)
    Finished `release` profile [optimized] target(s) in 1m 26s
built target/aarch64-unknown-linux-ohos/release/libreader_core.a
evidence target/aarch64-unknown-linux-ohos/release/ohos-build-evidence.txt
name=reader-core-native-ohos
target=aarch64-unknown-linux-ohos
artifact=target/aarch64-unknown-linux-ohos/release/libreader_core.a
artifact_sha256=3e82f56fed98f4b61110563eba76d4efc52027900d88cc37ffb54fc06c8740f3
artifact_bytes=37453464
rustc=rustc 1.97.1 (8bab26f4f 2026-07-14)
cargo=cargo 1.97.1 (c980f4866 2026-06-30)
ohos_sdk_home=/Applications/DevEco-Studio.app/Contents/sdk/default
CC_aarch64_unknown_linux_ohos=/Applications/DevEco-Studio.app/Contents/sdk/default/openharmony/native/llvm/bin/aarch64-unknown-linux-ohos-clang
CXX_aarch64_unknown_linux_ohos=/Applications/DevEco-Studio.app/Contents/sdk/default/openharmony/native/llvm/bin/aarch64-unknown-linux-ohos-clang++
AR_aarch64_unknown_linux_ohos=/Applications/DevEco-Studio.app/Contents/sdk/default/openharmony/native/llvm/bin/llvm-ar
RANLIB_aarch64_unknown_linux_ohos=/Applications/DevEco-Studio.app/Contents/sdk/default/openharmony/native/llvm/bin/llvm-ranlib
CARGO_TARGET_AARCH64_UNKNOWN_LINUX_OHOS_LINKER=/Applications/DevEco-Studio.app/Contents/sdk/default/openharmony/native/llvm/bin/aarch64-unknown-linux-ohos-clang
libclang_path=/Library/Developer/CommandLineTools/usr/lib
-- Configuring done (0.0s)
-- Generating done (0.0s)
-- Build files have been written to: /Users/minliny/Documents/Reader/Reader-Core-Native/target/harmony-napi/arm64-v8a
[1/1] Linking CXX shared library libreader_core_napi.so
built target/harmony-napi/arm64-v8a/libreader_core_napi.so
evidence target/harmony-napi/arm64-v8a/harmony-napi-build-evidence.txt
name=reader-core-native-harmony-napi
target=aarch64-unknown-linux-ohos
ohos_arch=arm64-v8a
artifact=target/harmony-napi/arm64-v8a/libreader_core_napi.so
artifact_sha256=a025a209a189b44d150563a16d0e0b653f635eee2868ac279e77ea0fc0c80bd5
artifact_bytes=19748000
reader_core_static=target/aarch64-unknown-linux-ohos/release/libreader_core.a
reader_core_static_sha256=3e82f56fed98f4b61110563eba76d4efc52027900d88cc37ffb54fc06c8740f3
reader_core_static_bytes=37453464
cmake=cmake version 3.28.2
ninja=1.12.0
toolchain=/Applications/DevEco-Studio.app/Contents/sdk/default/openharmony/native/build/cmake/ohos.toolchain.cmake
ohos_sdk_home=/Applications/DevEco-Studio.app/Contents/sdk/default
arkts_entry=bindings/harmony/Index.ets
ohpm_package=bindings/harmony/oh-package.json5
package_dir=target/harmony-napi/arm64-v8a/package
package_manifest=target/harmony-napi/arm64-v8a/harmony-package-manifest.sha256
package_manifest_sha256=aff6c0b1fd4c0ed82b8d716d48b7e845c61b9ba68fe38ec7134811005aa1f2b1
core_build_identity=target/harmony-napi/arm64-v8a/core-build-identity.json
core_build_identity_sha256=d8da9f2796314d5aeda4dccda5f1ed0a2d434cba8fb8b9631c648a88aad03207
exports=abiVersion,readEpubEntry,encodeText,createRuntime,releaseRuntime,sendCommand,cancelRequest,readEvent,pendingEventCount,completeHostRequest,failHostRequest,pingSmoke,hostSmoke,lifecycleSmoke
sdk_smoke=pass
sdk_smoke_tests=bindings/harmony/sdk
sdk_smoke_output=target/harmony-napi/arm64-v8a/harmony-sdk-smoke.txt
sdk_smoke_output_sha256=ce46d21cef42642172f9d7cf835b58f2af4eca342ddc075c029a907cb4e030d6
sdk_smoke_raw_output=target/harmony-napi/arm64-v8a/harmony-sdk-smoke.raw.txt
symbols=target/harmony-napi/arm64-v8a/libreader_core_napi.symbols.txt
symbols_sha256=805cd36c428e60c6159bbce01deef61a76906032968cbe8f102b32e0772cd2e8
napi_symbols=target/harmony-napi/arm64-v8a/libreader_core_napi.napi-symbols.txt
napi_symbols_sha256=34b15c56b606712ef5a0af038e7293e37bccada76f4e965b6094b8e6b50a0322
