    Blocking waiting for file lock on build directory
   Compiling stable_deref_trait v1.2.1
   Compiling percent-encoding v2.3.2
   Compiling syn v2.0.118
   Compiling form_urlencoded v1.2.2
   Compiling synstructure v0.13.2
   Compiling zerovec-derive v0.11.3
   Compiling displaydoc v0.2.6
   Compiling serde_derive v1.0.228
   Compiling zerofrom-derive v0.1.7
   Compiling yoke-derive v0.8.2
   Compiling zerofrom v0.1.8
   Compiling yoke v0.8.3
   Compiling serde v1.0.228
   Compiling zerovec v0.11.6
   Compiling zerotrie v0.2.4
   Compiling reader-contract v0.1.0 (/Users/minliny/Documents/Reader/Reader-Core-Native/crates/reader-contract)
   Compiling tinystr v0.8.3
   Compiling potential_utf v0.1.5
   Compiling icu_collections v2.2.0
   Compiling icu_locale_core v2.2.0
   Compiling icu_provider v2.2.0
   Compiling icu_normalizer v2.2.0
   Compiling icu_properties v2.2.0
   Compiling idna_adapter v1.2.2
   Compiling idna v1.1.0
   Compiling url v2.5.8
    Finished `test` profile [unoptimized + debuginfo] target(s) in 11.49s
     Running tests/remote_dto_round_trip.rs (target/check/debug/deps/remote_dto_round_trip-7dac10c560addbba)

running 20 tests
test bookshelf_group_assign_params_round_trip ... ok
test bookshelf_group_assign_data_round_trip ... ok
test bookshelf_book_update_data_round_trip ... ok
test bookshelf_get_params_round_trip ... ok
test bookshelf_add_data_round_trip ... ok
test bookshelf_book_update_params_preserve_omitted_set_and_clear_states ... ok
test bookshelf_get_data_round_trip ... ok
test bookshelf_add_params_round_trip ... ok
test bookshelf_entry_data_round_trip ... ok
test bookshelf_entry_data_durable_source_name_round_trip ... ok
test bookshelf_list_params_defaults_round_trip ... ok
test bookshelf_list_params_false_progress_filter_round_trips ... ok
test bookshelf_list_data_round_trip ... ok
test bookshelf_list_params_full_round_trip ... ok
test bookshelf_remove_batch_params_round_trip ... ok
test bookshelf_remove_batch_data_round_trip ... ok
test bookshelf_remove_batch_target_round_trip ... ok
test bookshelf_remove_data_round_trip ... ok
test bookshelf_remove_batch_params_reject_empty_or_malformed_targets ... ok
test bookshelf_remove_params_round_trip ... ok

test result: ok. 20 passed; 0 failed; 0 ignored; 0 measured; 165 filtered out; finished in 0.00s

