   Compiling reader-contract v0.1.0 (/Users/minliny/Documents/Reader/Reader-Core-Native/crates/reader-contract)
   Compiling reader-local-book v0.1.0 (/Users/minliny/Documents/Reader/Reader-Core-Native/crates/reader-local-book)
   Compiling reader-runtime v0.1.0 (/Users/minliny/Documents/Reader/Reader-Core-Native/crates/reader-runtime)
   Compiling reader-js v0.1.0 (/Users/minliny/Documents/Reader/Reader-Core-Native/crates/reader-js)
   Compiling reader-storage v0.1.0 (/Users/minliny/Documents/Reader/Reader-Core-Native/crates/reader-storage)
   Compiling reader-content v0.1.0 (/Users/minliny/Documents/Reader/Reader-Core-Native/crates/reader-content)
   Compiling reader-ffi v0.1.0 (/Users/minliny/Documents/Reader/Reader-Core-Native/crates/reader-ffi)
    Finished `release` profile [optimized] target(s) in 2m 18s
built target/aarch64-unknown-linux-ohos/release/libreader_core.a
evidence target/aarch64-unknown-linux-ohos/release/ohos-build-evidence.txt
name=reader-core-native-ohos
target=aarch64-unknown-linux-ohos
artifact=target/aarch64-unknown-linux-ohos/release/libreader_core.a
artifact_sha256=a62573d4c99ff939374757af1defe1c6d5cc08398029e9cb8cb8470c617e6fc8
artifact_bytes=36383328
rustc=rustc 1.97.1 (8bab26f4f 2026-07-14)
cargo=cargo 1.97.1 (c980f4866 2026-06-30)
ohos_sdk_home=/Applications/DevEco-Studio.app/Contents/sdk/default
CC_aarch64_unknown_linux_ohos=/Applications/DevEco-Studio.app/Contents/sdk/default/openharmony/native/llvm/bin/aarch64-unknown-linux-ohos-clang
CXX_aarch64_unknown_linux_ohos=/Applications/DevEco-Studio.app/Contents/sdk/default/openharmony/native/llvm/bin/aarch64-unknown-linux-ohos-clang++
AR_aarch64_unknown_linux_ohos=/Applications/DevEco-Studio.app/Contents/sdk/default/openharmony/native/llvm/bin/llvm-ar
RANLIB_aarch64_unknown_linux_ohos=/Applications/DevEco-Studio.app/Contents/sdk/default/openharmony/native/llvm/bin/llvm-ranlib
CARGO_TARGET_AARCH64_UNKNOWN_LINUX_OHOS_LINKER=/Applications/DevEco-Studio.app/Contents/sdk/default/openharmony/native/llvm/bin/aarch64-unknown-linux-ohos-clang
libclang_path=/Library/Developer/CommandLineTools/usr/lib
-- Configuring done (0.0s)
-- Generating done (0.0s)
-- Build files have been written to: /Users/minliny/Documents/Reader/Reader-Core-Native/target/harmony-napi/arm64-v8a
[1/2] Building CXX object CMakeFiles/reader_core_napi.dir/reader_napi.cpp.o
clang++: warning: argument unused during compilation: '--gcc-toolchain=/Applications/DevEco-Studio.app/Contents/sdk/default/openharmony/native/llvm' [-Wunused-command-line-argument]
[2/2] Linking CXX shared library libreader_core_napi.so
built target/harmony-napi/arm64-v8a/libreader_core_napi.so
evidence target/harmony-napi/arm64-v8a/harmony-napi-build-evidence.txt
name=reader-core-native-harmony-napi
target=aarch64-unknown-linux-ohos
ohos_arch=arm64-v8a
artifact=target/harmony-napi/arm64-v8a/libreader_core_napi.so
artifact_sha256=38fb4245cb8b98b694de59cd88abca0fb503b9d89ad01533db68b3baebcc95cf
artifact_bytes=19120264
reader_core_static=target/aarch64-unknown-linux-ohos/release/libreader_core.a
reader_core_static_sha256=a62573d4c99ff939374757af1defe1c6d5cc08398029e9cb8cb8470c617e6fc8
reader_core_static_bytes=36383328
cmake=cmake version 3.28.2
ninja=1.12.0
toolchain=/Applications/DevEco-Studio.app/Contents/sdk/default/openharmony/native/build/cmake/ohos.toolchain.cmake
ohos_sdk_home=/Applications/DevEco-Studio.app/Contents/sdk/default
arkts_entry=bindings/harmony/Index.ets
ohpm_package=bindings/harmony/oh-package.json5
package_dir=target/harmony-napi/arm64-v8a/package
package_manifest=target/harmony-napi/arm64-v8a/harmony-package-manifest.sha256
package_manifest_sha256=78f3c342a73f56435cb93a40a1f8cdd933f13ccfc60ecc1ff16b13a9a396ad6b
core_build_identity=target/harmony-napi/arm64-v8a/core-build-identity.json
core_build_identity_sha256=eb12e39b3160ddefc014e3fa16bb60f8ab12384f9d22040792139e74828919a0
exports=abiVersion,readEpubEntry,encodeText,createRuntime,releaseRuntime,sendCommand,cancelRequest,readEvent,pendingEventCount,completeHostRequest,failHostRequest,pingSmoke,hostSmoke,lifecycleSmoke
sdk_smoke=pass
sdk_smoke_tests=bindings/harmony/sdk
sdk_smoke_output=target/harmony-napi/arm64-v8a/harmony-sdk-smoke.txt
sdk_smoke_output_sha256=377ff81823f223664ba7a45d0898c05dfb3a241361c00b5c7e546c10084c5c08
sdk_smoke_raw_output=target/harmony-napi/arm64-v8a/harmony-sdk-smoke.raw.txt
symbols=target/harmony-napi/arm64-v8a/libreader_core_napi.symbols.txt
symbols_sha256=e557536d22379f8fcf93061625eec9fca0c0892e669d5edb0ea38d8be6cb706b
napi_symbols=target/harmony-napi/arm64-v8a/libreader_core_napi.napi-symbols.txt
napi_symbols_sha256=51fddb7374056b43fcfd0c4cb74495411e9ec222b1dc42e7db1b201e2a7c4c86
