PASS test-app-shell-safe-geometry.mjs
PASS test-arkweb-network-policy.mjs
PASS test-book-acquisition-coordinator.mjs
PASS test-book-metadata-presentation.mjs
PASS test-book-source-import.mjs
PASS test-bookshelf-detail-removal.mjs
PASS test-bookshelf-management.mjs
PASS test-bookshelf-reading-entry.mjs
PASS test-bookshelf-source-name-durability.mjs
PASS test-bookshelf-tablet-navigation.mjs
PASS test-bookshelf-view-and-menu.mjs
PASS test-bookshelf-viewport-return.mjs
PASS test-build-provenance-manifest.mjs
PASS test-bundled-test-book-sources.mjs
PASS test-cookie-security-policy.mjs
PASS test-core-build-identity.mjs
PASS test-demo-async-recovery.mjs
PASS test-discover-product-flow.mjs
PASS test-dynamic-list-refresh.mjs
PASS test-error-message-conformance.mjs
PASS test-hap-pipeline-contract.mjs
PASS test-harmony-tts-host-router.mjs
PASS test-host-persistence-recovery.mjs
PASS test-host-stage-recovery-retry.mjs
PASS test-http-transport-conformance.mjs
PASS test-icon-design-contract.mjs
PASS test-legado-product-logic.mjs
PASS test-local-book-format-entry.mjs
PASS test-local-configuration-reset.mjs
PASS test-local-epub-resource-architecture.mjs
PASS test-local-import-finalize-recovery.mjs
PASS test-log-privacy.mjs
PASS test-navigation-performance.mjs
PASS test-performance-regressions.mjs
FAIL test-phone-layout-figma-regressions.mjs
PASS test-portable-json-import.mjs
PASS test-reader-appearance-make.mjs
PASS test-reader-appearance-motion-driver.mjs
PASS test-reader-appearance-motion-fixture.mjs
PASS test-reader-appearance-motion-gesture.mjs
PASS test-reader-appearance-motion-sampler.mjs
PASS test-reader-appearance-motion-state.mjs
PASS test-reader-appearance-motion-tree.mjs
PASS test-reader-appearance-store.mjs
PASS test-reader-appearance-theme-extension.mjs
FAIL test-reader-appearance.mjs
PASS test-reader-auto-page-full.mjs
PASS test-reader-auto-page-state.mjs
PASS test-reader-book-turn-architecture.mjs
PASS test-reader-book-turn-event-dispatch.mjs
PASS test-reader-book-turn-host-runtime.mjs
PASS test-reader-book-turn-motion.mjs
PASS test-reader-book-turn-native-core.mjs
PASS test-reader-book-turn-present-barrier.mjs
PASS test-reader-book-turn-surface-recovery.mjs
PASS test-reader-bookmark-panels.mjs
PASS test-reader-bookmark-projection.mjs
PASS test-reader-brightness-cancel-ui.mjs
PASS test-reader-brightness-control.mjs
PASS test-reader-brightness-writer.mjs
PASS test-reader-chinese-conversion.mjs
PASS test-reader-cold-entry-recovery.mjs
PASS test-reader-content-business.mjs
PASS test-reader-continuous-input-runtime.mjs
PASS test-reader-continuous-reading.mjs
PASS test-reader-control-accessibility.mjs
PASS test-reader-control-actor-geometry.mjs
PASS test-reader-control-appearance-geometry.mjs
PASS test-reader-control-backdrop-publication.mjs
PASS test-reader-control-backdrop-touch.mjs
PASS test-reader-control-bookmark-content.mjs
PASS test-reader-control-bookmark-load.mjs
PASS test-reader-control-bookmark-mutation-recovery.mjs
PASS test-reader-control-content-surface.mjs
PASS test-reader-control-device-probe.mjs
PASS test-reader-control-directory-content.mjs
PASS test-reader-control-directory-model.mjs
PASS test-reader-control-geometry.mjs
PASS test-reader-control-gesture-continuation.mjs
PASS test-reader-control-gesture-driver.mjs
FAIL test-reader-control-global-presentation.mjs
PASS test-reader-control-header-content.mjs
PASS test-reader-control-host-input.mjs
PASS test-reader-control-host-keyboard.mjs
PASS test-reader-control-host-session.mjs
PASS test-reader-control-input-routing.mjs
PASS test-reader-control-integration-events.mjs
PASS test-reader-control-internal-selection.mjs
PASS test-reader-control-layout-rebase.mjs
PASS test-reader-control-list-positioning.mjs
PASS test-reader-control-morph-scroll.mjs
PASS test-reader-control-motion-geometry.mjs
PASS test-reader-control-motion-policy.mjs
PASS test-reader-control-motion-presentation.mjs
PASS test-reader-control-narrow-widths.mjs
PASS test-reader-control-option-update.mjs
PASS test-reader-control-p0.mjs
PASS test-reader-control-playback-content.mjs
PASS test-reader-control-playback-host-intents.mjs
PASS test-reader-control-replace-content.mjs
PASS test-reader-control-replace-gateway.mjs
PASS test-reader-control-replace-geometry.mjs
PASS test-reader-control-replace-host.mjs
PASS test-reader-control-replace-state.mjs
PASS test-reader-control-resume-timing.mjs
PASS test-reader-control-runtime.mjs
PASS test-reader-control-search-scroll.mjs
PASS test-reader-control-search-settings-content.mjs
PASS test-reader-control-selection-recovery.mjs
PASS test-reader-control-selection-transaction.mjs
PASS test-reader-control-session-state.mjs
PASS test-reader-control-spatial-path.mjs
PASS test-reader-control-stage-composition.mjs
PASS test-reader-control-stage-lifecycle.mjs
PASS test-reader-control-touch-plan.mjs
PASS test-reader-control-tts-make.mjs
PASS test-reader-control-verification-launch.mjs
PASS test-reader-directory-data-snapshot.mjs
PASS test-reader-directory-extent.mjs
PASS test-reader-directory-markers.mjs
PASS test-reader-directory-projection.mjs
PASS test-reader-drag-follow-gate.mjs
PASS test-reader-dynamic-highlight.mjs
PASS test-reader-feedback-regressions.mjs
PASS test-reader-first-page-sdk.mjs
PASS test-reader-hdc-lease.mjs
PASS test-reader-host-path-boundary.mjs
PASS test-reader-host-selection-boundary.mjs
PASS test-reader-http-tts-gateway.mjs
PASS test-reader-indent-measurement.mjs
PASS test-reader-layout-architecture.mjs
PASS test-reader-module-selection.mjs
PASS test-reader-motion-repair.mjs
PASS test-reader-navigable-toc.mjs
PASS test-reader-page-bottom-justify.mjs
PASS test-reader-page-chrome.mjs
PASS test-reader-page-gesture-state.mjs
PASS test-reader-page-input-runtime.mjs
PASS test-reader-page-preparation-runtime.mjs
PASS test-reader-page-progress-runtime.mjs
PASS test-reader-page-settlement-runtime.mjs
PASS test-reader-page-turn-pipeline.mjs
PASS test-reader-page-turn-stage.mjs
PASS test-reader-paragraph-indent.mjs
PASS test-reader-presentation-recovery.mjs
PASS test-reader-product-scope.mjs
PASS test-reader-progress-observation.mjs
PASS test-reader-rapid-page-turn-state.mjs
PASS test-reader-render-work.mjs
PASS test-reader-replace-quick.mjs
PASS test-reader-runtime-owner-lifecycle.mjs
PASS test-reader-screen-awake-lease.mjs
PASS test-reader-search-highlight.mjs
PASS test-reader-selection-copy.mjs
PASS test-reader-session-capsule.mjs
PASS test-reader-session-launch-recovery.mjs
PASS test-reader-session-launch.mjs
PASS test-reader-session-morph-state.mjs
PASS test-reader-settings.mjs
PASS test-reader-source-category.mjs
PASS test-reader-source-failure-p0.mjs
PASS test-reader-status-measurement.mjs
PASS test-reader-system-event-host.mjs
PASS test-reader-text-selection-lifecycle.mjs
PASS test-reader-theme-host.mjs
PASS test-reader-theme-selection.mjs
PASS test-reader-tts-audition.mjs
PASS test-reader-tts-config-interaction.mjs
PASS test-reader-tts-gateway.mjs
PASS test-reader-tts-launch-intent.mjs
PASS test-reader-tts-preferences.mjs
PASS test-reader-tts-product-surface.mjs
PASS test-reader-tts-session-coordinator.mjs
PASS test-reader-tts-short-window.mjs
PASS test-reader-tts-state-machine.mjs
PASS test-reader-tts-state.mjs
PASS test-reader-tts-waveform.mjs
PASS test-reader-typography-architecture.mjs
PASS test-reader-window-chrome-p0.mjs
PASS test-reading-chapter-window.mjs
PASS test-reading-document-projection.mjs
PASS test-reading-offline-gateway.mjs
PASS test-reading-offline-image-cache.mjs
PASS test-reading-pagination-index.mjs
PASS test-reading-pagination-integration.mjs
PASS test-reading-phone-tablet-shared-architecture.mjs
PASS test-reading-record-accumulation.mjs
PASS test-reading-session-routing.mjs
PASS test-reading-whole-book-progress.mjs
PASS test-remote-content-admission.mjs
PASS test-remote-reading-flow-gateway.mjs
PASS test-remote-reading-flow-runtime.mjs
PASS test-responsive-surface-widths.mjs
PASS test-rss-discover-responsive-layout.mjs
PASS test-rss-page-architecture.mjs
PASS test-rss-subscription-management-page.mjs
PASS test-rule-entity-management.mjs
PASS test-search-detail-cache-first.mjs
PASS test-search-gateway.mjs
PASS test-search-orchestrator.mjs
PASS test-search-publication-state.mjs
PASS test-search-view-state.mjs
PASS test-select-semantics.mjs
PASS test-settings-cache-cleanup.mjs
PASS test-settings-select-overlay.mjs
PASS test-source-check-progress.mjs
PASS test-source-product-tools.mjs
PASS test-source-supply-chain.mjs
PASS test-source-switch-gateway.mjs
PASS test-source-switch-transaction.mjs
PASS test-surface-horizontal-geometry.mjs
PASS test-surface-repair.mjs
PASS test-surface-transition-p0.mjs
PASS test-svg-provenance.mjs
PASS test-sync-host-configuration.mjs
PASS test-sync-webdav-product.mjs
PASS test-theme-local-consumers.mjs
PASS test-toc-repair-regressions.mjs
PASS test-webdav-credential-queue.mjs
PASS test-window-flicker-dedup.mjs
TOTAL 220 FAIL 3
