app shell safe geometry: PASS
(node:43869) ExperimentalWarning: stripTypeScriptTypes is an experimental feature and might change at any time
(Use `node --trace-warnings ...` to show where the warning was created)
PASS: ArkWeb document DNS pin plus same-host navigation/resource enforcement
PASS: ArkWeb queue and cookie capture retain their admitted session generation
PASS: ArkWeb cookie capture keeps exact admitted host scope
PASS actual resource callbacks: first full match before page-ready, no timeline or refetch
PASS serialized matching preserves callback order across delayed evaluations
PASS source initialization runs once and its real resource event completes capture
PASS an earlier admitted match wins over a later resource-budget terminal marker
PASS terminal cleanup and late callback suppression: timeout
PASS terminal cleanup and late callback suppression: cancel
PASS terminal cleanup and late callback suppression: detach
PASS terminal cleanup and late callback suppression: cookie-generation
PASS terminal cleanup and late callback suppression: network
PASS terminal cleanup and late callback suppression: budget
PASS terminal cleanup and late callback suppression: invalid-matcher
PASS source profiles retain isolated cookie hydration/capture and generation
PASS POST HTML capture, bounded matcher admission and production callback wiring
PASS execution failure is terminal with bounded cleanup: matcher-reject
PASS execution failure is terminal with bounded cleanup: matcher-sync-throw
PASS execution failure is terminal with bounded cleanup: initialization-reject
PASS execution failure is terminal with bounded cleanup: load-throw
PASS late asynchronous matcher completion cannot publish into the next source profile
PASS quotes and executable-looking text in observed URLs remain JSON-encoded data
PH76 Host production-path resource capture: 19 scenarios passed; VM/platform callback behavior remains unverified
(node:43873) ExperimentalWarning: stripTypeScriptTypes is an experimental feature and might change at any time
(Use `node --trace-warnings ...` to show where the warning was created)
shared book acquisition lifecycle, identities, and scheduling: PASS
PH65 registry epoch: five mutation entries success/failure and late list deletion race PASS
R1/R2 cache-refresh separation, original freshness, dispatch consumers and scoped facts: PASS
(node:43877) ExperimentalWarning: stripTypeScriptTypes is an experimental feature and might change at any time
(Use `node --trace-warnings ...` to show where the warning was created)
shared metadata: identical 56/55 and transitive 74/73 URL/source sets, rename/remount, no network, synopsis presentation: PASS
book-source production import contract: PASS
(node:43898) ExperimentalWarning: stripTypeScriptTypes is an experimental feature and might change at any time
(Use `node --trace-warnings ...` to show where the warning was created)
bookshelf detail removal: PASS
PASS PH60 shelf filters: independent dimensions, real SDK live chips/toggles, shared order, legacy data and hidden batch-selection safety
(node:43901) ExperimentalWarning: stripTypeScriptTypes is an experimental feature and might change at any time
(Use `node --trace-warnings ...` to show where the warning was created)
bookshelf management Core ownership contract: PASS
(node:43915) ExperimentalWarning: stripTypeScriptTypes is an experimental feature and might change at any time
(Use `node --trace-warnings ...` to show where the warning was created)
{"name":"manual update bypasses prepared sessions and executes real Gateway detail/TOC","status":"PASS"}
{"name":"manual update also bypasses durable catalog cache after prepared eviction","status":"PASS"}
{"name":"manual request waits for a cache-only in-flight acquisition then refreshes","status":"PASS"}
{"name":"per-book failure/empty results preserve old records, settle flags and continue bounded batch","status":"PASS"}
{"name":"automatic checks retain 10-minute threshold and disabled/local/active-sweep exclusions","status":"PASS"}
{"name":"multiple force waiters share one refresh after the nonforce admission settles","status":"PASS"}
{"name":"force waiting revalidates cancel before new network work","status":"PASS"}
{"name":"force waiting revalidates close before new network work","status":"PASS"}
{"name":"force waiting revalidates source-delete before new network work","status":"PASS"}
PH60 real Index → Gateway → Coordinator manual catalog refresh and bounded failure recovery PASS
PASS PH60 More: four rows, bounded scrolling geometry, anchored pointer, live progress/theme, empty/background guards and once-only update
(node:43936) ExperimentalWarning: stripTypeScriptTypes is an experimental feature and might change at any time
(Use `node --trace-warnings ...` to show where the warning was created)
PASS TXT uses format identity without changing Core metadata
PASS default group retains empty and explicit default identities without mutating legacy groups
PASS real section settings callback opens the default selector without navigating to another settings surface
PASS PH61 progress/source retain equal left/right slots and live progress after row reuse
PASS day: detail metadata shares source typography, label and moving source action
PASS night: detail metadata shares source typography, label and moving source action
PASS PH46/47 original author typography and the entire five-line block align with the cover
PASS missing synopsis is explained without contaminating the metadata projection
PASS empty chapters expose status: 暂无章节信息
PASS empty chapters expose status: 正在读取本地目录…
PASS empty chapters expose status: 目录读取失败，请重试
PASS source name/category/URL remain distinct and login precedes detect (no login)
PASS source name/category/URL remain distinct and login precedes detect (login)
PASS single-book sheet matches cover frame and both layers have straight lower corners
PASS 44vp source SVG stays 44vp in the single-book more action
(node:43964) ExperimentalWarning: stripTypeScriptTypes is an experimental feature and might change at any time
(Use `node --trace-warnings ...` to show where the warning was created)
(node:43976) ExperimentalWarning: stripTypeScriptTypes is an experimental feature and might change at any time
(Use `node --trace-warnings ...` to show where the warning was created)
bookshelf reading entry: PASS (local/remote, info/search, back, cancellation, failure, retry/source switch)
Reader Info production chain: explicit navigation, serialized stop/record/progress, save failure/retry and layered Back PASS
(node:44003) ExperimentalWarning: stripTypeScriptTypes is an experimental feature and might change at any time
(Use `node --trace-warnings ...` to show where the warning was created)
PASS Core shelf-name DTO, cold source.list failure, rename/delete/source identity, legacy field compatibility and progress-preserving Host projection
bookshelf tablet navigation contract: PASS
PASS surface repair: production import lifecycle, serialized local mode migration/failure, shared projection, responsive sizing, history and spinner ownership
PASS bookshelf/import current approved surfaces: shared four-row typography, separate menus, cover-aligned sheet, measured results and bounded animation
(node:44029) ExperimentalWarning: stripTypeScriptTypes is an experimental feature and might change at any time
(Use `node --trace-warnings ...` to show where the warning was created)
PASS bookshelf route return: identity+item offset, list/filter/group state, reordered books, late callback isolation
(node:44037) ExperimentalWarning: stripTypeScriptTypes is an experimental feature and might change at any time
(Use `node --trace-warnings ...` to show where the warning was created)
build provenance embedded NAPI contract: PASS
bundled book-source import collection: PASS (1046 tested records, 919 unique identities)
cookie exact-host and HttpOnly script-isolation policy: PASS
core build identity startup contract: PASS
(node:44076) ExperimentalWarning: stripTypeScriptTypes is an experimental feature and might change at any time
(Use `node --trace-warnings ...` to show where the warning was created)
PASS: detail mutation settles after exit; stale window completion cannot load content
PASS: active detail admission retains one shared refresh with success/failure/stale guards; startup preserves complete EPUB resources
PASS: ambiguous persist reply preserves EPUB resources and asks to reconcile before retry
PASS: deterministic import.persist rejection discards staged input without recovery orphan
PASS: lost bookshelf.add reply reconciles durable shelf truth before compensation
PASS: deterministic bookshelf.add rejection never reports an older shelf row as a new commit
discover source filter and pagination contract: PASS
dynamic ArkUI list refresh contracts: PASS
error-message conformance: PASS (118 sources swept)
(node:44104) ExperimentalWarning: stripTypeScriptTypes is an experimental feature and might change at any time
(Use `node --trace-warnings ...` to show where the warning was created)
HarmonyOS HAP pipeline contract: PASS
Harmony HttpTTS credential URL encoding and expansion bounds: PASS
Harmony TTS Host router and HttpTTS transport contract: PASS
(node:44111) ExperimentalWarning: stripTypeScriptTypes is an experimental feature and might change at any time
(Use `node --trace-warnings ...` to show where the warning was created)
(node:44113) ExperimentalWarning: stripTypeScriptTypes is an experimental feature and might change at any time
(Use `node --trace-warnings ...` to show where the warning was created)
PASS: 18 interrupted writes, durable clears, legacy migration and DNS cancellation
PASS: DNS pins serialize concurrent leases and reject rebound private addresses
PASS: clearing a session invalidates late HTTP/WebView cookies and allows a fresh login
PASS: HTTPS-only requests reject cleartext redirect downgrades
PASS: same-origin comparison normalizes host case and default HTTPS port
PASS: credential-bearing URL redirects stay on the same effective origin
PASS: custom credential-header redirects stay on the same effective origin
Host staging recovery retry: PASS
(node:44115) ExperimentalWarning: stripTypeScriptTypes is an experimental feature and might change at any time
(Use `node --trace-warnings ...` to show where the warning was created)
http transport conformance: PASS (23 vectors, ad87a5423ee60de43b7056e9fa2d6683302bb1b9378139dd271a7943b625c331)
(node:44137) ExperimentalWarning: stripTypeScriptTypes is an experimental feature and might change at any time
(Use `node --trace-warnings ...` to show where the warning was created)
icon design contract: PASS (23 confirmed slots + 2 latent coupling/tint risks)
PASS import refresh: Figma C arc/source unchanged, 18vp slot, 23.754vp paint, 1.5vp stroke; retained Day/Night/Day.
(node:44140) ExperimentalWarning: stripTypeScriptTypes is an experimental feature and might change at any time
(Use `node --trace-warnings ...` to show where the warning was created)
search stable rows, enrichment and navigation state: PASS
search relevance: late exact title, stable ties, canonical variants, category scope, keyword cache PASS
progressive relevance ties, retained row identity, measured anchor and remount restoration PASS
PH65 4000 retained rows + 1 changed + 1 added; repeated publication 0 changes PASS
PH65 4000 retained grouping facts + one new row bounded normalization; canonical shelf label PASS
current-version catalog group representative; stale and other-version facts are not verified PASS
R6 query=1000 single metadata: newGroups=1 rowUpdates=1 notifications=1 normalize=0 groupSort=0; progress all=0 PASS
R6 4000 reversed rows: native batch=1 reload=1 Reader index scans=0 splice shifts=0 PASS
R7 layout-key resolution, mid-layout list changes, query/page guards, user cancellation, programmatic callbacks, merge/neighbors and late layout PASS
R1 display rank: schema2 current verification only; stale/v1/target-only/storage-refresh facts never grant or revoke whole-book readability PASS
Legado product behavior contract: PASS
(node:44149) ExperimentalWarning: stripTypeScriptTypes is an experimental feature and might change at any time
(Use `node --trace-warnings ...` to show where the warning was created)
local book format picker contract: PASS
(node:44174) ExperimentalWarning: stripTypeScriptTypes is an experimental feature and might change at any time
(Use `node --trace-warnings ...` to show where the warning was created)
PASS production configuration reset: confirmed scope, durable intent, six failure points, restart continuation, newer user intent ordering, owner replacement, shared queues, failed-cache rollback and stale-dialog guard. No Core data/credential mutation.
local EPUB resource architecture: PASS
local import finalize recovery queue: PASS (bounded app-private atomic queue, startup drain, strict envelope)
(node:44204) ExperimentalWarning: stripTypeScriptTypes is an experimental feature and might change at any time
(Use `node --trace-warnings ...` to show where the warning was created)
log privacy: PASS (finite public error codes; reading details use private fields)
navigation performance static contract: PASS
performance regression contracts: PASS
physical phone Figma layout regressions: PASS
portable JSON local/online import boundary: PASS
PASS Make V9 appearance: real selection handlers, stale menus, scroll/viewport placement, Quick/Full swatches and persisted theme identity. Native pixels remain separate.
(node:44215) ExperimentalWarning: stripTypeScriptTypes is an experimental feature and might change at any time
(Use `node --trace-warnings ...` to show where the warning was created)
reader appearance Figma N per-actor driver: PASS
reader appearance Figma N fixture: PASS
reader appearance measured-screen gesture: PASS
reader appearance Figma N sampler: PASS
reader appearance master motion state: PASS
reader appearance unified production tree (structural only): PASS
(node:44250) ExperimentalWarning: stripTypeScriptTypes is an experimental feature and might change at any time
(Use `node --trace-warnings ...` to show where the warning was created)
reader appearance shared store, page races and persistence recovery: PASS
appearance Preferences adapter migration and persistence compatibility: PASS
application appearance background flush and teardown isolation: PASS
PASS appearance theme extension: 8 unchanged, 9/12/24 geometry, registry cache, quick/full scroll reversal, SDK selection
(node:44253) ExperimentalWarning: stripTypeScriptTypes is an experimental feature and might change at any time
(Use `node --trace-warnings ...` to show where the warning was created)
reader appearance pure/static contract: PASS
reader Full Auto Page pure/static contract: PASS
AutoPage actual SDK Builder bounds, single current value, Quick +/- and Full range, 84 reversible samples PASS
(node:44280) ExperimentalWarning: stripTypeScriptTypes is an experimental feature and might change at any time
(Use `node --trace-warnings ...` to show where the warning was created)
reader auto-page pure state: PASS
production automatic turn and stop durations use monotonic time; calendar access rejected: PASS
(node:44303) ExperimentalWarning: stripTypeScriptTypes is an experimental feature and might change at any time
(Use `node --trace-warnings ...` to show where the warning was created)
Auto Full timer actual SDK Builder parent/child width budget, original306 baseline, 42 retained reversible poses, wheel paint Prop and mutation PASS
(node:44310) ExperimentalWarning: stripTypeScriptTypes is an experimental feature and might change at any time
(Use `node --trace-warnings ...` to show where the warning was created)
reader book-turn architecture contract: PASS
event delivery: 22 checks, 0 failures
bookturn_motion_test: 538 checks, 0 failures
373 checks, 0 failures
scenario: successful next turn
scenario: previous turn (reverse direction)
scenario: stale confirmations rejected
scenario: rollback clears after ArkUI restoration
scenario: rapid consecutive turns, late stale release
scenario: cross-chapter texture refresh during retention
scenario: slow progress storage holds the terminal frame
scenario: arkui presentation timeout keeps the terminal frame
scenario: page exit (detach) and re-attach
scenario: detach drops stale surface mailbox work
scenario: window reflow during retention
245 checks, 0 failures
reader book-turn motion state: PASS
T01 roll-radius PASS (390->42.9000, 200->28.0000, 1000->64.0000)
T02 schedule bijection+boundaries PASS (worst roundtrip 1.79e-07 over 1001 samples)
T03 INV-1 no-freeze PASS (next: least step 0.566vp, final fold 0.000vp; previous: least step 0.975vp, initial fold 0.000vp)
T04 INV-2 no-commit-pop PASS (next tau=1: maxX 0.000vp <= 11.70, maxZ 0.000; prev commit maxX 390.000vp, maxZ 0.000; worst coverage step -1.089vp over tau 0.75..1)
T05 INV-3 cancel-reversal PASS (worst |reverse-forward| 0.00e+00 vp over tau0 0.2/0.4/0.6/0.8)
T06 previous semantics PASS (31 same-edge points worst schedule diff 0.00e+00; start maxX 0.000vp, commit maxX 390.000vp)
T07 S3/S4 schedule deviation PASS (worst beta 0.00e+00 rad <= 8.73e-03, worst radius 2.60e-07 vp, worst |gripPhi-beta| 0.00e+00)
T08 C1 seam at tau=0.5 PASS (worst |dAxis| 0.4605 vp (bounds 2/1/0.5), worst |phi-pi| 0.00e+00)
T09 milestone phi=pi/2 + continuity PASS (crossing delta 14.868 vp vs 14.868 expected, edge.x 375.1; regular worst 0.0351 rad, S5 schedule worst 0.157 rad <= 0.2, onset worst 0.631 rad [documented scope])
T10 developability PASS (a: A-grade cylinder worst 6.57e-05 <= 1e-3; b: strict phi<=pi/4 p95 6.104e-05 max 5.293e-04 vs 1e-3/5e-3; band p95 2.078e-02 max 2.082e-02 vs 2.5e-2 [2026-08-30 apex-law recalibration, pi*r'=0.0432])
T11 binding-edge PASS (a: theta=0 worst x 0.00e+00, y 0.00e+00, z 0.00e+00; b: theta=54deg worst 0.000 vp at tau=0.00)
T12 touch error (fit segment) PASS (worst screen-plane err 3.05e-05 vp <= 1.0; solver targetError incl. curl z up to 84.96 vp — scope note)
T13 free-edge inside page (fit segment) PASS (min 0.000 >= -0.26, max 378.072 <= 390.26)
T14 purity PASS (field-exact repeats, with and without previous)
T15 stage boundaries PASS (FLAT@W, LIFT@x(0.09), FLIP@x(0.3), ROLL@x(0.6), SPINE@x(0.8), COLLAPSE@x(0.95))
T16 tilt regressions PASS (cap 57.184 deg <= 60.0001, jitter 1.273 deg <= 2, sweep worst 0.00278 rad <= 0.02, zero-signbit +0/-0 honored)
T17 verticalPrevious smoke PASS (edge.x W/200/0 all finite, tilt within cap)
T18 strict three-branch PASS (anti-M second diff 6.866e-05 <= 1e-4; seam steps f 0.5000 z 0.5000 <= 0.501 at step 0.5)
235 checks, 0 failures
scenario: successful next turn
scenario: previous turn (reverse direction)
scenario: stale confirmations rejected
scenario: rollback clears after ArkUI restoration
scenario: rapid consecutive turns, late stale release
scenario: cross-chapter texture refresh during retention
scenario: slow progress storage holds the terminal frame
scenario: arkui presentation timeout keeps the terminal frame
scenario: page exit (detach) and re-attach
scenario: detach drops stale surface mailbox work
scenario: window reflow during retention
245 checks, 0 failures
Production Surface recovery: unwritten rollback, uncertain write retention, promoted completion, late failure PASS (7 scenarios)
(node:45037) ExperimentalWarning: stripTypeScriptTypes is an experimental feature and might change at any time
(Use `node --trace-warnings ...` to show where the warning was created)
reader bookmark panels static contract: PASS
reader bookmark projection behavior: PASS
PASS brightness cancel UI: issued ACK, preview retention, cancelled pending, newer intent, failed write convergence
(node:45066) ExperimentalWarning: stripTypeScriptTypes is an experimental feature and might change at any time
(Use `node --trace-warnings ...` to show where the warning was created)
reader brightness control contract: PASS
PASS brightness: HLG low-range allocation, 991 inverse samples, two-way pending toggle, system observation races, and SDK shared track clip
(node:45092) ExperimentalWarning: stripTypeScriptTypes is an experimental feature and might change at any time
(Use `node --trace-warnings ...` to show where the warning was created)
Reader brightness production writer: PASS (held MOVE, coalescing, ownership, restore, failure, cancel, microtask tail)
PASS brightness Cancel settles in-flight success/failure, drops pending, and isolates Window owner
PASS brightness failure boundaries: stale Window/owner lookup, current rejection, synchronous properties failure and subsequent drain
reader Chinese conversion gateway contract: PASS
reader cold-entry recovery contract: PASS
reader content business isolation: PASS
continuous production pointer, same-row anchor and trailing exit commit: PASS
production batched image reflow preserves leading fragment fraction and concurrent scroll: PASS
(node:45125) ExperimentalWarning: stripTypeScriptTypes is an experimental feature and might change at any time
(Use `node --trace-warnings ...` to show where the warning was created)
continuous mode change save/error/obsolete ownership and late stop receipt: PASS
production continuous restore waits for layout and rejects stale frame callbacks: PASS
production continuous cold-entry projection branch observes its reactive revision: PASS
continuous scalar quantization: five positions, 100 repeat round trips each: PASS
continuous restore suppresses premature stops and unknown-geometry progress writes: PASS
continuous padded viewport: START, positive y and negative y round trips: PASS
native List shared pointer ownership: quiet DOWN, extra finger, UP/CANCEL/disable/unmount, late drain: PASS
production continuous image row identity: decoder admission replaces placeholder, unchanged siblings retained: PASS
continuous short tap and stationary long UP share paged 500ms clock boundary: PASS
continuous-to-paged anchor: warm/cold/partial/foreign layout, containing page only: PASS
measured prefix whitespace gaps match complete canonical page identity: PASS
native List queued programmatic scroll cannot inherit prior multi-finger manual chapter-edge ownership: PASS
reader continuous reading and canonical progress pipeline: PASS
Control accessibility: actual Host close/Back + SDK virtual-node mounted observers PASS; NOT native screen-reader acceptance
(node:45154) ExperimentalWarning: stripTypeScriptTypes is an experimental feature and might change at any time
(Use `node --trace-warnings ...` to show where the warning was created)
Reader control shared actor geometry: production bidirectional/concurrent/pure sampling PASS
reader control appearance production geometry + independent source endpoints: PASS (810 ordered import drag cases)
Reader control backdrop publication: stable array/rect identity across motion PASS
(node:45163) ExperimentalWarning: stripTypeScriptTypes is an experimental feature and might change at any time
(Use `node --trace-warnings ...` to show where the warning was created)
reader control backdrop DOWN ownership and one-shot raw tap: PASS
Actual SDK nonempty bookmark row: mounted reversible actors, live metadata/identity and clip mutations PASS
PASS bookmark production geometry, native row-height extent binding and same-open anchor continuation; NOT native visual acceptance
(node:45190) ExperimentalWarning: stripTypeScriptTypes is an experimental feature and might change at any time
(Use `node --trace-warnings ...` to show where the warning was created)
(node:45193) ExperimentalWarning: stripTypeScriptTypes is an experimental feature and might change at any time
(Use `node --trace-warnings ...` to show where the warning was created)
Reader control bookmarks: production merge/async ownership/failure retry PASS; wiring assertions are not native acceptance
(node:45200) ExperimentalWarning: stripTypeScriptTypes is an experimental feature and might change at any time
(Use `node --trace-warnings ...` to show where the warning was created)
Bookmark mutation recovery: actual Index CRUD/reload and Host error/retry functions PASS; not native acceptance
reader control independent FullContentSurface source geometry and single-background wiring: PASS
Device probe actual runtime closures: ticket/dry-run/SHA/auth-denial/DOWN-based sampling/revocation PASS (mock transport only; no HDC/device/filesystem writes).
reader control directory content: structural wiring passed (not runtime or visual evidence)
Production directory model: late load, centering ownership, route/data independence PASS
Production Directory virtual-row capture, fraction, frame coalescing and late-user-input guards PASS
Production Directory rapid tab replacement, endpoint anchor release and user-scroll ownership PASS
Production Directory finite-tail Quick→Full→Quick semantic anchor restoration PASS
(node:45227) ExperimentalWarning: stripTypeScriptTypes is an experimental feature and might change at any time
(Use `node --trace-warnings ...` to show where the warning was created)
reader control geometry parameter contract: PASS
reader control bounded finger residue and distinct continuation timings: PASS
reader control gesture production driver behavior: PASS
PASS global presentation: shared policies, production actor-local clips, retained overflow, actual SDK font content/outline separation and reversal; device evidence separate
(node:45253) ExperimentalWarning: stripTypeScriptTypes is an experimental feature and might change at any time
(Use `node --trace-warnings ...` to show where the warning was created)
PH48/49/55 PASS: authoritative grabber actor, actual Host/native-parent admission, 7 modules x Quick/Full reversal, 28 hidden-hold UP/CANCEL paths, .2/.7/1 captured-visibility driver crossings, tap, actual Slider End/Click; two negative mutations rejected. Native compositor/physical touch remains separate.
(node:45258) ExperimentalWarning: stripTypeScriptTypes is an experimental feature and might change at any time
(Use `node --trace-warnings ...` to show where the warning was created)
reader control source FullHeader geometry + mounted SDK closure roundtrip: PASS
(node:45310) ExperimentalWarning: stripTypeScriptTypes is an experimental feature and might change at any time
(Use `node --trace-warnings ...` to show where the warning was created)
Reader control Host: actual SDK V1 member transform reproduces dropped accessor; ordinary-method input/backdrop gates PASS
Reader control Host input: actual production methods PASS (not device hit-testing/visual acceptance)
(node:45317) ExperimentalWarning: stripTypeScriptTypes is an experimental feature and might change at any time
(Use `node --trace-warnings ...` to show where the warning was created)
Reader control keyboard: production visibility/Back/hide failure cases PASS; structural Host wiring PASS (not native IME acceptance)
Reader control keyboard layout: actual Host methods/binding dependency and 414→700vp budget PASS (not native IME acceptance)
(node:45341) ExperimentalWarning: stripTypeScriptTypes is an experimental feature and might change at any time
(Use `node --trace-warnings ...` to show where the warning was created)
Reader control Host session: production projection, command, close-commit and lifecycle cases PASS
Reader control Host wiring: structural checks PASS (not ArkUI execution or visual acceptance)
Reader control input routing: PASS (actual SDK Header ancestor/child callback, 7 modules, runtime + Link delivery; native touch remains VM evidence)
(node:45348) ExperimentalWarning: stripTypeScriptTypes is an experimental feature and might change at any time
(Use `node --trace-warnings ...` to show where the warning was created)
reader control integration event ownership, CANCEL, and exact mixed-path behavior: PASS
PASS internal/user selection ownership: actual Host methods, stale reopen, TTS/projection negative mutations and committed-close semantics; NOT device acceptance
(node:45381) ExperimentalWarning: stripTypeScriptTypes is an experimental feature and might change at any time
(Use `node --trace-warnings ...` to show where the warning was created)
reader control atomic layout rebase production policy: PASS (no Stage/runtime visual claim)
reader control list positioning: production policy tests passed
PASS shared scroll lifecycle: 5 actual component adapters, latest-offset handoff, held endpoint reversals, delayed native reset, shared/full-only roles, new expansion top; NOT visual acceptance
(node:45407) ExperimentalWarning: stripTypeScriptTypes is an experimental feature and might change at any time
(Use `node --trace-warnings ...` to show where the warning was created)
MR1 archived show/hide capture absent; optional evidence checks skipped
PASS reader control motion geometry (production functions; no runtime/visual claim)
PASS all control modules 320/260/200/220, initial opening 220, remaining-distance release, hold/regrab/reverse, monotone velocity continuation; device acceptance separate
PASS TTS softened-content trial: nonzero middle fade, reversible content-only blur, Full details retain their original reveal, offscreen outlines, actual mounted SDK paint observers; NOT device visual acceptance
(node:45414) ExperimentalWarning: stripTypeScriptTypes is an experimental feature and might change at any time
(Use `node --trace-warnings ...` to show where the warning was created)
reader control narrow-width contract: PASS (10 viewport widths)
{"result":"PASS","layer":"real upstream 5.0 attribute diff + production modifier; not native layout or VM performance","mountedNodes":13,"mountedCalls":156,"poses":120,"legacyAttributeCalls":24960,"patchedAttributeCalls":7440,"reductionPercent":70.19,"reverseResizeBusinessAndCallback":"PASS"}
(node:45422) ExperimentalWarning: stripTypeScriptTypes is an experimental feature and might change at any time
(Use `node --trace-warnings ...` to show where the warning was created)
reader-control-p0 static contract: PASS
Actual SDK Auto/TTS mounted Builder observers: reversible actor geometry + live strings/numbers/booleans/child Prop payloads PASS
Reader control playback: live-track geometry, child clipping/min-height, persistent content, actual measurement identity, SDK syntax and 5 mutations PASS
(node:45443) ExperimentalWarning: stripTypeScriptTypes is an experimental feature and might change at any time
(Use `node --trace-warnings ...` to show where the warning was created)
Reader playback Host intents: PASS (production methods; immediate visual, delayed ACK, pause intent, barriers, 350/1750 ownership)
(node:45449) ExperimentalWarning: stripTypeScriptTypes is an experimental feature and might change at any time
(Use `node --trace-warnings ...` to show where the warning was created)
(node:45474) ExperimentalWarning: stripTypeScriptTypes is an experimental feature and might change at any time
(Use `node --trace-warnings ...` to show where the warning was created)
Replace actual SDK mounted rule font: fixed 12, preserved row tracks, parent-only clip, same rule identity and 4 mutations PASS
PASS reader-control-replace-content: actual async production methods, confirmation/failure/retry, session and preview dismissal guards; NOT ArkUI pixel evidence
{"name":"actual TextInput uses explicit compact geometry and live app-theme text without repeating label","status":"PASS"}
{"name":"actual editor has distinct back and fixed bottom save/cancel outside scrolling fields","status":"PASS"}
{"name":"actual reading draft uses real book/source defaults and editing/global creation remain independent","status":"PASS"}
{"name":"save failure retains draft, confirmed save closes, cancel performs no write and pending Back cannot dismiss","status":"PASS"}
{"name":"same mounted footer reacts to mutation, uncertain writes and endpoint input guards","status":"PASS"}
{"name":"actual standalone settings Add action has no inherited reading scope","status":"PASS"}
PH52–54 actual SDK editor and business behavior PASS (6 groups); no device evidence.
PASS reader-control-replace-gateway: real production requests, all rules, lossless partial CRUD, guards, receipts, preview and replace-only bundle
archived replace motion capture absent; optional source-value checks skipped
PASS reader-control-replace-geometry: production endpoint/midpoint sampling, widths and one-tree wiring; NOT native pixel acceptance
(node:45503) ExperimentalWarning: stripTypeScriptTypes is an experimental feature and might change at any time
(Use `node --trace-warnings ...` to show where the warning was created)
PASS Replace Host actual methods: reopen/import canonical read, stale reads, write ownership, uncertainty and Promise rejection; NOT device acceptance
PASS reader-control-replace-state: canonical all rows, partial/full guards, uncertainty, import and stale sessions
reader control original-operation resume, MR1 timing and mixed restoration: PASS
Production control runtime: seven modules, frame revocation, regrab, close, lifecycle PASS
Production Panel scalar projection: seven modules x 101 frames retain route identity and current input state PASS
(node:45510) ExperimentalWarning: stripTypeScriptTypes is an experimental feature and might change at any time
(Use `node --trace-warnings ...` to show where the warning was created)
PASS Search scroll: production row projection, source origin/end-padding, both-end reachability, guarded async rebase, clamp/user continuation, callback ownership and 9 mutations; NOT device acceptance
(node:45534) ExperimentalWarning: stripTypeScriptTypes is an experimental feature and might change at any time
(Use `node --trace-warnings ...` to show where the warning was created)
Actual SDK Results parent clip + child origin + native extent: same-instance roundtrip and 5 mutations PASS
Actual SDK Search/Settings mounted Builder observers: live payload/geometry/capability/switch changes PASS
PASS Search/Settings real actor geometry + production callback methods; not native/visual acceptance
(node:45537) ExperimentalWarning: stripTypeScriptTypes is an experimental feature and might change at any time
(Use `node --trace-warnings ...` to show where the warning was created)
reader control selection production reconciliation: PASS
reader control selection transaction: production ownership/commit policy passed
reader control session production state behavior: PASS
reader control shared spatial sampler and inverse production behavior: PASS
reader control Stage composition + diagnostic timing wiring: PASS (structure only; not pixels/touch)
reader control Stage lifecycle: production adapter methods passed (mock frame queue; not native/touch/visual acceptance)
(node:45571) ExperimentalWarning: stripTypeScriptTypes is an experimental feature and might change at any time
(Use `node --trace-warnings ...` to show where the warning was created)
Native diagnostic production parser: 4 valid + 18 malformed plans, CLI and non-injecting host gates PASS; authorization/runtime cleanup not executed.
PASS Make TTS: scroll-aware crossing occlusion, reverse poses, narrow layout, explicit timer modes, five-minute range and precise speed callbacks
(node:45655) ExperimentalWarning: stripTypeScriptTypes is an experimental feature and might change at any time
(Use `node --trace-warnings ...` to show where the warning was created)
reader control diagnostic cold-start production admission + packaging wiring: PASS
reader directory business-value snapshot and no-op prop refresh: PASS (native scroll still separate)
(node:45664) ExperimentalWarning: stripTypeScriptTypes is an experimental feature and might change at any time
(Use `node --trace-warnings ...` to show where the warning was created)
reader directory extent: production lifecycle + wiring passed (not native virtualization/anchor acceptance)
(node:45666) ExperimentalWarning: stripTypeScriptTypes is an experimental feature and might change at any time
(Use `node --trace-warnings ...` to show where the warning was created)
node:internal/modules/run_main:107
    triggerUncaughtException(
    ^

AssertionError [ERR_ASSERTION]: chapter markers must reuse the general exact-position Core bookmark path
    at file:///Users/minliny/Documents/Reader/Reader-for-HarmonyOS/tools/test-reader-directory-markers.mjs:147:8
    at ModuleJob.run (node:internal/modules/esm/module_job:437:25)
    at async onImport.tracePromise.__proto__ (node:internal/modules/esm/loader:642:26)
    at async asyncRunEntryPointWithESMLoader (node:internal/modules/run_main:101:5) {
  generatedMessage: false,
  code: 'ERR_ASSERTION',
  actual: "import { appendExpectedPositionVersions, decodeRemotePositionScope, encodeRemotePositionScope, type RemoteReadingPositionScope } from './RemoteReadingPositionMigration';\n" +
    "import type { JsonObject, RequestOptions } from '@reader/core-harmony';\n" +
    "import type { ReadingGatewayRuntime } from './ReadingGatewayRuntime';\n" +
    "import type { RemoteReadingIdentity } from './RemoteReadingContract';\n" +
    '\n' +
    '/**\n' +
    ' * Page-facing, materialized local-book TOC entry. The Core-owned local URL\n' +
    ' * and rule variables are deliberately not exposed because selecting a local\n' +
    ' * chapter is solely by its stable zero-based index.\n' +
    ' */\n' +
    'export type LocalReadingTocEntry = {\n' +
    '  index: number;\n' +
    '  title: string;\n' +
    '  downloadState: LocalReadingDownloadState;\n' +
    '  /** Remote volume headings retain their index but cannot navigate/download/bookmark. */\n' +
    '  navigable?: boolean;\n' +
    '  // `undefined` means the bookmark projection has not been admitted yet;\n' +
    '  // an empty array is the Core-confirmed "no bookmarks" result.\n' +
    '  bookmarks?: LocalReadingBookmark[];\n' +
    '};\n' +
    '\n' +
    'export type LocalReadingDownloadState =\n' +
    "  'unknown' | 'missing' | 'queued' | 'inProgress' | 'cached' | 'completed' | 'failed' | 'cancelled';\n" +
    '\n' +
    'export type LocalReadingBookmark = {\n' +
    '  positionScope?: RemoteReadingPositionScope;\n' +
    '  time: number;\n' +
    '  chapterIndex: number;\n' +
    '  chapterOffset: number;\n' +
    '  chapterTitle: string;\n' +
    '  content: string;\n' +
    "  /** Original text, separate from the user's note in content. */\n" +
    '  bookText?: string;\n' +
    '};\n' +
    '\n' +
    'export type LocalReadingChapterStartBookmarkInput = {\n' +
    '  positionScope?: RemoteReadingPositionScope;\n' +
    '  bookName: string;\n' +
    '  bookAuthor: string;\n' +
    '  chapterIndex: number;\n' +
    '  chapterTitle: string;\n' +
    '};\n' +
    '\n' +
    'export type LocalReadingPositionBookmarkInput = LocalReadingChapterStartBookmarkInput & {\n' +
    '  chapterOffset: number;\n' +
    '  bookText?: string;\n' +
    '};\n' +
    '\n' +
    'export type LocalReadingToc = {\n' +
    '  bookId: string;\n' +
    '  entries: LocalReadingTocEntry[];\n' +
    '};\n' +
    '\n' +
    '/**\n' +
    ' * The actual body returned from Core materialized chapter storage. A page can\n' +
    ' * lay this out, but it never receives the Core result envelope.\n' +
    ' */\n' +
    'export type LocalReadingChapter = {\n' +
    '  bookId: string;\n' +
    '  chapterIndex: number;\n' +
    '  chapterTitle: string;\n' +
    '  content: string;\n' +
    '  blocks?: unknown[];\n' +
    '};\n' +
    '\n' +
    '/**\n' +
    " * One half-open Unicode-scalar interval in Core's exact processed chapter\n" +
    ' * output. These are content metrics, not ArkUI layout/page measurements.\n' +
    ' */\n' +
    'export type LocalReadingChapterContentMetric = {\n' +
    '  chapterIndex: number;\n' +
    '  scalarLength: number;\n' +
    '  cumulativeStart: number;\n' +
    '  cumulativeEnd: number;\n' +
    '};\n' +
    '\n' +
    '/** Core-owned whole-book scalar index for a fully materialized local book. */\n' +
    'export type LocalReadingContentMetrics = {\n' +
    '  bookId: string;\n' +
    '  totalScalarLength: number;\n' +
    '  chapters: LocalReadingChapterContentMetric[];\n' +
    '};\n' +
    '\n' +
    '/**\n' +
    ' * The Core-owned current reading position for one local book. `chapterOffset`\n' +
    ' * is deliberately preserved as the Core protocol name; the reading surface\n' +
    ' * supplies its Unicode-scalar measurement to this field rather than this\n' +
    ' * gateway inventing a second position model.\n' +
    ' */\n' +
    'export type LocalReadingProgress = {\n' +
    '  bodyVersion?: string;\n' +
    '  processingVersion?: string;\n' +
    '  bookId: string;\n' +
    '  chapterIndex: number;\n' +
    '  chapterOffset: number;\n' +
    '  chapterProgress: number;\n' +
    '  updatedAt: number;\n' +
    '  locationRevision?: string;\n' +
    '};\n' +
    '\n' +
    'export type LocalReadingProgressState =\n' +
    "  | { kind: 'missing' }\n" +
    "  | { kind: 'restored'; progress: LocalReadingProgress };\n" +
    '\n' +
    'export type LocalReadingProgressUpdate = {\n' +
    '  expectedBodyVersion?: string;\n' +
    '  expectedProcessingVersion?: string;\n' +
    '  chapterIndex: number;\n' +
    '  chapterOffset: number;\n' +
    '  chapterProgress: number;\n' +
    '  locationRevision?: string;\n' +
    '};\n' +
    '\n' +
    "/** Host-measured layout facts accepted by Core's canonical location resolver. */\n" +
    'export type LocalReadingLayout = {\n' +
    '  viewportWidth: number;\n' +
    '  viewportHeight: number;\n' +
    '  fontScale: number;\n' +
    '  lineHeight?: number;\n' +
    '  pageIndex?: number;\n' +
    '  pageCount?: number;\n' +
    '};\n' +
    '\n' +
    '/** One Unicode-scalar anchor emitted by the local pagination/measurement layer. */\n' +
    'export type LocalReadingAnchor = {\n' +
    '  bodyVersion?: string;\n' +
    '  processingVersion?: string;\n' +
    '  chapterIndex: number;\n' +
    '  chapterOffset: number;\n' +
    '  chapterProgress: number;\n' +
    '};\n' +
    '\n' +
    "/** Core's layout-independent reading identity, exposed without a protocol envelope. */\n" +
    'export type LocalReadingResolvedLocation = {\n' +
    '  bookId: string;\n' +
    '  chapterIndex: number;\n' +
    '  chapterOffset: number;\n' +
    '  chapterProgress: number;\n' +
    '  locationRevision: string;\n' +
    '  resolverVersion: string;\n' +
    '  reflow: {\n' +
    "    strategy: 'offsetAnchor';\n" +
    "    primaryAnchor: 'chapterOffset';\n" +
    "    fallbackAnchor: 'chapterProgress';\n" +
    '    layoutIndependent: true;\n' +
    '  };\n' +
    '};\n' +
    '\n' +
    'export type LocalReadingAtomicResolution = {\n' +
    '  chapterTitle?: string;\n' +
    '  anchor: LocalReadingAnchor;\n' +
    '  layout: LocalReadingLayout;\n' +
    '};\n' +
    '\n' +
    "const LOCAL_SOURCE_ID = 'local';\n" +
    '\n' +
    '/**\n' +
    ' * A reader transaction supplies this guard instead of exposing NAPI request\n' +
    ' * identifiers to ArkUI. Once it returns false, the SDK cancels a still-pending\n' +
    ' * Core command before it can delay a newer chapter selection.\n' +
    ' */\n' +
    'type LocalReadingRequestGuard = () => boolean;\n' +
    '\n' +
    '/**\n' +
    ' * The only local-reading Core boundary for ArkUI pages. Local-book import\n' +
    ' * materializes the book in Core storage; this gateway reads that materialized\n' +
    ' * state and maps it to page data without exposing Core envelopes or protocol\n' +
    ' * fields that the pages do not need.\n' +
    ' */\n' +
    'export class LocalReadingFlowGateway {\n' +
    '  /**\n' +
    '   * Progress is current-book, last-write-wins state in Core. The atomic Core\n' +
    '   * update owns resolve plus persistence; this instance tail only preserves\n' +
    '   * the ordering of writes within one active reading session.\n' +
    '   */\n' +
    '  // Serialization belongs to this reading session. A slow commit from a\n' +
    '  // closed book must never hold the next session behind a process-global tail.\n' +
    '  private progressCommitTail: Promise<void> = Promise.resolve();\n' +
    '  private readonly runtimeOwner: ReadingGatewayRuntime;\n' +
    '\n' +
    '  constructor(runtimeOwner: ReadingGatewayRuntime) {\n' +
    '    this.runtimeOwner = runtimeOwner;\n' +
    '  }\n' +
    '\n' +
    '  async loadToc(bookId: string, isCurrent?: LocalReadingRequestGuard): Promise<LocalReadingToc> {\n' +
    "    this.assertNonBlankString(bookId, 'bookId');\n" +
    "    const result = await this.runtimeOwner.request('local_book.toc', { bookId }, this.requestOptions(isCurrent));\n" +
    "    this.assertLocalSource(result.data, 'local_book.toc');\n" +
    "    this.assertMatchingBookId(result.data, bookId, 'local_book.toc');\n" +
    '\n' +
    "    const rawToc = result.data['toc'];\n" +
    '    if (!Array.isArray(rawToc)) {\n' +
    "      throw new Error('local_book.toc returned invalid toc');\n" +
    '    }\n' +
    '\n' +
    '    const entries: LocalReadingTocEntry[] = [];\n' +
    '    const seenIndices = new Set<number>();\n' +
    '    for (const rawEntry of rawToc) {\n' +
    "      const entry = this.requireObject(rawEntry, 'local_book.toc entry');\n" +
    "      const index = this.requireNonNegativeInteger(entry, 'index', 'local_book.toc entry');\n" +
    '      if (seenIndices.has(index)) {\n' +
    "        throw new Error('local_book.toc returned duplicate chapter index');\n" +
    '      }\n' +
    '      seenIndices.add(index);\n' +
    '      // Although the URL is not page state, validate the complete required\n' +
    '      // Core entry shape before using its title and index.\n' +
    "      this.requireString(entry, 'url', 'local_book.toc entry');\n" +
    '      entries.push({\n' +
    '        index,\n' +
    "        title: this.requireString(entry, 'title', 'local_book.toc entry'),\n" +
    "        downloadState: 'unknown',\n" +
    '      });\n' +
    '    }\n' +
    '    return { bookId, entries };\n' +
    '  }\n' +
    '\n' +
    '  /**\n' +
    '   * Joins the Core-owned bookmark and cache/download facts onto an already\n' +
    '   * validated local TOC. No absence is inferred before both commands return.\n' +
    '   */\n' +
    '  async loadDirectoryProjection(\n' +
    '    bookId: string,\n' +
    '    bookName: string,\n' +
    '    bookAuthor: string,\n' +
    '    entries: LocalReadingTocEntry[],\n' +
    '    isCurrent?: LocalReadingRequestGuard,\n' +
    '  ): Promise<LocalReadingTocEntry[]> {\n' +
    "    this.assertNonBlankString(bookId, 'bookId');\n" +
    "    this.assertNonBlankString(bookName, 'bookName');\n" +
    "    if (typeof bookAuthor !== 'string') {\n" +
    "      throw new Error('bookAuthor must be a string');\n" +
    '    }\n' +
    '    const requests = await Promise.all([\n' +
    "      this.runtimeOwner.request('cache.book.status', {\n" +
    '        sourceId: LOCAL_SOURCE_ID,\n' +
    '        bookId,\n' +
    '        includeGlobalStats: false,\n' +
    '      }, this.requestOptions(isCurrent)),\n' +
    '      this.loadBookmarkProjection(bookName, bookAuthor, entries, isCurrent),\n' +
    '    ]);\n' +
    '    const cacheData = requests[0].data;\n' +
    "    this.assertLocalSource(cacheData, 'cache.book.status');\n" +
    "    this.assertMatchingBookId(cacheData, bookId, 'cache.book.status');\n" +
    "    const rawStatuses = cacheData['chapters'];\n" +
    '    if (!Array.isArray(rawStatuses)) {\n' +
    "      throw new Error('cache.book.status returned invalid chapters');\n" +
    '    }\n' +
    '    const stateByChapter = new Map<number, LocalReadingDownloadState>();\n' +
    '    for (const rawStatus of rawStatuses) {\n' +
    "      const status = this.requireObject(rawStatus, 'cache.book.status chapter');\n" +
    '      const chapterIndex = this.requireNonNegativeInteger(\n' +
    '        status,\n' +
    "        'chapterIndex',\n" +
    "        'cache.book.status chapter',\n" +
    '      );\n' +
    '      stateByChapter.set(\n' +
    '        chapterIndex,\n' +
    "        this.requireDownloadState(status, 'state', 'cache.book.status chapter'),\n" +
    '      );\n' +
    '    }\n' +
    '\n' +
    '    const bookmarkEntries = requests[1];\n' +
    '    const projected: LocalReadingTocEntry[] = [];\n' +
    '    for (const entry of bookmarkEntries) {\n' +
    '      projected.push({\n' +
    '        index: entry.index,\n' +
    '        title: entry.title,\n' +
    "        downloadState: stateByChapter.get(entry.index) ?? 'unknown',\n" +
    '        navigable: entry.navigable,\n' +
    '        bookmarks: entry.bookmarks,\n' +
    '      });\n' +
    '    }\n' +
    '    return projected;\n' +
    '  }\n' +
    '\n' +
    '  /**\n' +
    '   * Joins source-independent Core bookmarks onto any validated reading TOC.\n' +
    '   * Existing download state is preserved because local and remote offline\n' +
    '   * projections have different owners.\n' +
    '   */\n' +
    '  async loadBookmarkProjection(\n' +
    '    bookName: string,\n' +
    '    bookAuthor: string,\n' +
    '    entries: LocalReadingTocEntry[],\n' +
    '    isCurrent?: LocalReadingRequestGuard,\n' +
    '  ): Promise<LocalReadingTocEntry[]> {\n' +
    "    this.assertNonBlankString(bookName, 'bookName');\n" +
    "    if (typeof bookAuthor !== 'string') {\n" +
    "      throw new Error('bookAuthor must be a string');\n" +
    '    }\n' +
    "    const result = await this.runtimeOwner.request('bookmark.list', {\n" +
    '      bookName,\n' +
    '      boo'... 31138 more characters,
  expected: /createPositionBookmark\(\{[\s\S]*chapterOffset: 0,[\s\S]*chapterTitle: input\.chapterTitle/,
  operator: 'match',
  diff: 'simple'
}

Node.js v26.0.0
