    Checking reader-domain v0.1.0 (/Users/minliny/Documents/Reader/Reader-Core-Native/crates/reader-domain)
    Checking reader-contract v0.1.0 (/Users/minliny/Documents/Reader/Reader-Core-Native/crates/reader-contract)
warning: rquickjs-sys@0.8.1: 2026-09-04 11:44:33.871 xcodebuild[17889:15152317]  DVTFilePathFSEvents: Failed to start fs event stream.
warning: rquickjs-sys@0.8.1: 2026-09-04 11:44:34.074 xcodebuild[17889:15152310] [MT] DVTDeveloperPaths: Failed to get length of DARWIN_USER_CACHE_DIR from confstr(3), error = Error Domain=NSPOSIXErrorDomain Code=5 "Input/output error". Using NSCachesDirectory instead.
    Checking reader-html v0.1.0 (/Users/minliny/Documents/Reader/Reader-Core-Native/crates/reader-html)
   Compiling reader-local-book v0.1.0 (/Users/minliny/Documents/Reader/Reader-Core-Native/crates/reader-local-book)
    Checking rusqlite v0.31.0
   Compiling reader-runtime v0.1.0 (/Users/minliny/Documents/Reader/Reader-Core-Native/crates/reader-runtime)
    Checking reader-rule v0.1.0 (/Users/minliny/Documents/Reader/Reader-Core-Native/crates/reader-rule)
    Checking reader-sync v0.1.0 (/Users/minliny/Documents/Reader/Reader-Core-Native/crates/reader-sync)
    Checking reader-rss v0.1.0 (/Users/minliny/Documents/Reader/Reader-Core-Native/crates/reader-rss)
    Checking reader-js v0.1.0 (/Users/minliny/Documents/Reader/Reader-Core-Native/crates/reader-js)
    Checking reader-storage v0.1.0 (/Users/minliny/Documents/Reader/Reader-Core-Native/crates/reader-storage)
    Checking reader-content v0.1.0 (/Users/minliny/Documents/Reader/Reader-Core-Native/crates/reader-content)
    Checking reader-ffi v0.1.0 (/Users/minliny/Documents/Reader/Reader-Core-Native/crates/reader-ffi)
    Checking reader-cli v0.1.0 (/Users/minliny/Documents/Reader/Reader-Core-Native/tools/reader-cli)
    Finished `dev` profile [unoptimized + debuginfo] target(s) in 29.85s
   Compiling reader-domain v0.1.0 (/Users/minliny/Documents/Reader/Reader-Core-Native/crates/reader-domain)
   Compiling reader-contract v0.1.0 (/Users/minliny/Documents/Reader/Reader-Core-Native/crates/reader-contract)
warning: rquickjs-sys@0.8.1: 2026-09-04 11:44:33.871 xcodebuild[17889:15152317]  DVTFilePathFSEvents: Failed to start fs event stream.
warning: rquickjs-sys@0.8.1: 2026-09-04 11:44:34.074 xcodebuild[17889:15152310] [MT] DVTDeveloperPaths: Failed to get length of DARWIN_USER_CACHE_DIR from confstr(3), error = Error Domain=NSPOSIXErrorDomain Code=5 "Input/output error". Using NSCachesDirectory instead.
   Compiling reader-html v0.1.0 (/Users/minliny/Documents/Reader/Reader-Core-Native/crates/reader-html)
   Compiling reader-local-book v0.1.0 (/Users/minliny/Documents/Reader/Reader-Core-Native/crates/reader-local-book)
   Compiling rusqlite v0.31.0
   Compiling reader-runtime v0.1.0 (/Users/minliny/Documents/Reader/Reader-Core-Native/crates/reader-runtime)
   Compiling reader-rule v0.1.0 (/Users/minliny/Documents/Reader/Reader-Core-Native/crates/reader-rule)
   Compiling reader-sync v0.1.0 (/Users/minliny/Documents/Reader/Reader-Core-Native/crates/reader-sync)
   Compiling reader-rss v0.1.0 (/Users/minliny/Documents/Reader/Reader-Core-Native/crates/reader-rss)
   Compiling reader-js v0.1.0 (/Users/minliny/Documents/Reader/Reader-Core-Native/crates/reader-js)
   Compiling reader-storage v0.1.0 (/Users/minliny/Documents/Reader/Reader-Core-Native/crates/reader-storage)
   Compiling reader-content v0.1.0 (/Users/minliny/Documents/Reader/Reader-Core-Native/crates/reader-content)
   Compiling reader-ffi v0.1.0 (/Users/minliny/Documents/Reader/Reader-Core-Native/crates/reader-ffi)
   Compiling reader-cli v0.1.0 (/Users/minliny/Documents/Reader/Reader-Core-Native/tools/reader-cli)
    Finished `test` profile [unoptimized + debuginfo] target(s) in 52.65s
────────────
 Nextest run ID fdd83f03-90af-4e76-bd4f-d8ef650903d8 with nextest profile: default
    Starting 3809 tests across 95 binaries
        PASS [   2.153s] reader-cli::host_replay host_replay_roundtrips_request_session_contract_fields
        PASS [   2.158s] reader-cli::fixture_vertical fixture_vertical_runs_full_pipeline
        PASS [   0.022s] reader-cli::bin/reader-cli anti_bot::tests::detect_baidu_verify
        PASS [   0.013s] reader-cli::bin/reader-cli anti_bot::tests::detect_cloudflare_classic_jschl
        PASS [   0.013s] reader-cli::bin/reader-cli anti_bot::tests::detect_cloudflare_ip_block_403
        PASS [   0.012s] reader-cli::bin/reader-cli anti_bot::tests::detect_cloudflare_managed_challenge
        FAIL [   0.069s] reader-cli::host_replay host_replay_suite_runs_remote_reading_e2e
  stdout ───

    running 1 test
    test host_replay_suite_runs_remote_reading_e2e ... FAILED

    failures:

    failures:
        host_replay_suite_runs_remote_reading_e2e

    test result: FAILED. 0 passed; 1 failed; 0 ignored; 0 measured; 4 filtered out; finished in 0.06s

  stderr ───

    thread 'host_replay_suite_runs_remote_reading_e2e' (65906788) panicked at tools/reader-cli/tests/host_replay.rs:409:5:
    reader-cli failed: stdout={"type":"host.request","protocolVersion":1,"requestId":901,"operationId":1,"capability":"http.execute","params":{"body":"q=dune","charset":"gbk","followRedirects":false,"headers":{"Accept":"application/json","Cookie":"sid=old","X-Reader-Step":"search"},"maxRedirects":0,"method":"POST","retry":{"backoffMillis":50,"maxAttempts":2},"session":{"id":"core-session-main"},"url":"https://books.example.test/search?q=dune","usePlatformCookieJar":false}}
    {"type":"result","protocolVersion":1,"requestId":901,"data":{"books":[{"author":"Herbert","bookId":"1","title":"Dune"},{"author":"Asimov","bookId":"2","title":"Foundation"}],"http":{"charsetHint":"gbk","finalUrl":"https://books.example.test/search?q=dune","finalUrlDigest":"bbb0b3011784b13e01f9f1bbe9bd4ea5316b5f16e8b8632acb0afca52b1dae8e","headers":{"content-type":"application/json; charset=gbk","set-cookie":["sid=search; Path=/; HttpOnly"],"x-reader-step":"search"},"responseBytes":114,"responseDigest":"cd8f364b1743ba192a496d2d135ee4082ae3d9818f67d051932e6e6366b4e1e9","session":{"id":"core-session-main"},"status":200},"sourceId":"remote-replay-src"}}
    {"type":"host.request","protocolVersion":1,"requestId":911,"operationId":2,"capability":"http.execute","params":{"body":null,"charset":"utf-8","followRedirects":true,"headers":{"Accept":"application/json","Cookie":"sid=search","X-Reader-Step":"detail"},"maxRedirects":3,"method":"GET","retry":{"backoffMillis":null,"maxAttempts":1},"session":{"id":"core-session-main"},"url":"https://books.example.test/books/1","usePlatformCookieJar":true}}
    {"type":"result","protocolVersion":1,"requestId":911,"data":{"book":{"author":"Frank Herbert","bookId":"1","coverUrl":"https://img.example.test/dune.png","intro":"A desert planet.","title":"Dune"},"http":{"charsetHint":"utf-8","finalUrl":"https://books.example.test/books/1?from=search","finalUrlDigest":"57ecc66ac5e23230e7349351d8592508947f0b471c36917c73e6257a8f381146","headers":{"content-type":"application/json; charset=utf-8","set-cookie":["sid=detail; Path=/; HttpOnly"],"x-reader-step":"detail"},"responseBytes":139,"responseDigest":"2de370bba641a7160aad45bf51a2bdb4a97532c881d9329fdac486aa241e2713","session":{"id":"core-session-main"},"status":200},"sourceId":"remote-replay-src"}}
    {"type":"host.request","protocolVersion":1,"requestId":921,"operationId":3,"capability":"http.execute","params":{"body":null,"charset":"utf-8","followRedirects":true,"headers":{"Accept":"application/json","Cookie":"sid=detail","X-Reader-Step":"toc"},"maxRedirects":2,"method":"GET","retry":{"backoffMillis":25,"maxAttempts":2},"session":{"id":"core-session-main"},"url":"https://books.example.test/books/1/toc","usePlatformCookieJar":true}}
    {"type":"result","protocolVersion":1,"requestId":921,"data":{"bookId":"1","catalogAt":1789398807763,"catalogInstalled":true,"catalogVersion":"9cb052f3812b2940017935ba595758f420b765b1cf5e70875a503e3a8a8b5594","contextVersion":"5cb0dba2b11faf69de8846ddbe7014f33fd37d395bbf2ece70d7369dd9a72a85","continuationVariables":{"book":"{\"author\":\"Frank Herbert\",\"bookUrl\":\"1\",\"name\":\"Dune\"}","sourceId":"remote-replay-src"},"http":{"charsetHint":"utf-8","finalUrl":"https://books.example.test/books/1/toc","finalUrlDigest":"02e3dbd9ebabb24e23e1dd58c0bef5f7a413cb86d907444cbd4739a638f3b6e7","firstResponseBytes":161,"firstResponseDigest":"a189f48786556438448d5486d5aa584eeb4124f929416e5dbd7c35b4abe1e1b8","headers":{"content-type":"application/json; charset=utf-8","set-cookie":["sid=toc; Path=/; HttpOnly"],"x-reader-step":"toc"},"responseBytes":161,"responseDigest":"a189f48786556438448d5486d5aa584eeb4124f929416e5dbd7c35b4abe1e1b8","session":{"id":"core-session-main"},"status":200},"sourceId":"remote-replay-src","toc":[{"index":0,"title":"Chapter 1","url":"https://books.example.test/books/1/chapters/1"},{"index":1,"title":"Chapter 2","url":"https://books.example.test/books/1/chapters/2"}]}}
    {"type":"error","protocolVersion":1,"requestId":0,"error":{"code":"INTERNAL","message":"host replay result data mismatch","retryable":true,"details":{"actual":{"bookId":"1","catalogAt":1789398807763,"catalogInstalled":true,"catalogVersion":"9cb052f3812b2940017935ba595758f420b765b1cf5e70875a503e3a8a8b5594","contextVersion":"5cb0dba2b11faf69de8846ddbe7014f33fd37d395bbf2ece70d7369dd9a72a85","continuationVariables":{"book":"{\"author\":\"Frank Herbert\",\"bookUrl\":\"1\",\"name\":\"Dune\"}","sourceId":"remote-replay-src"},"http":{"charsetHint":"utf-8","finalUrl":"https://books.example.test/books/1/toc","finalUrlDigest":"02e3dbd9ebabb24e23e1dd58c0bef5f7a413cb86d907444cbd4739a638f3b6e7","firstResponseBytes":161,"firstResponseDigest":"a189f48786556438448d5486d5aa584eeb4124f929416e5dbd7c35b4abe1e1b8","headers":{"content-type":"application/json; charset=utf-8","set-cookie":["sid=toc; Path=/; HttpOnly"],"x-reader-step":"toc"},"responseBytes":161,"responseDigest":"a189f48786556438448d5486d5aa584eeb4124f929416e5dbd7c35b4abe1e1b8","session":{"id":"core-session-main"},"status":200},"sourceId":"remote-replay-src","toc":[{"index":0,"title":"Chapter 1","url":"https://books.example.test/books/1/chapters/1"},{"index":1,"title":"Chapter 2","url":"https://books.example.test/books/1/chapters/2"}]},"expected":{"bookId":"1","http":{"charsetHint":"utf-8","finalUrl":"https://books.example.test/books/1/toc","finalUrlDigest":"02e3dbd9ebabb24e23e1dd58c0bef5f7a413cb86d907444cbd4739a638f3b6e7","firstResponseBytes":161,"firstResponseDigest":"a189f48786556438448d5486d5aa584eeb4124f929416e5dbd7c35b4abe1e1b8","headers":{"content-type":"application/json; charset=utf-8","set-cookie":["sid=toc; Path=/; HttpOnly"],"x-reader-step":"toc"},"responseBytes":161,"responseDigest":"a189f48786556438448d5486d5aa584eeb4124f929416e5dbd7c35b4abe1e1b8","session":{"id":"core-session-main"},"status":200},"sourceId":"remote-replay-src","toc":[{"index":0,"title":"Chapter 1","url":"https://books.example.test/books/1/chapters/1"},{"index":1,"title":"Chapter 2","url":"https://books.example.test/books/1/chapters/2"}]}}}}
     stderr=
    note: run with `RUST_BACKTRACE=1` environment variable to display a backtrace

  Cancelling due to test failure: 9 tests still running
        PASS [   0.013s] reader-cli::bin/reader-cli anti_bot::tests::detect_geetest
        PASS [   2.244s] reader-cli::host_replay host_record_outputs_replayable_single_step_fixture
        FAIL [   2.245s] reader-cli::host_replay host_record_suite_outputs_replayable_comparison_fixture
  stdout ───

    running 1 test
    test host_record_suite_outputs_replayable_comparison_fixture ... FAILED

    failures:

    failures:
        host_record_suite_outputs_replayable_comparison_fixture

    test result: FAILED. 0 passed; 1 failed; 0 ignored; 0 measured; 4 filtered out; finished in 2.23s

  stderr ───

    thread 'host_record_suite_outputs_replayable_comparison_fixture' (65906571) panicked at tools/reader-cli/tests/host_replay.rs:409:5:
    reader-cli failed: stdout={"type":"host.request","protocolVersion":1,"requestId":901,"operationId":1,"capability":"http.execute","params":{"body":"q=dune","charset":"gbk","followRedirects":false,"headers":{"Accept":"application/json","Cookie":"sid=old","X-Reader-Step":"search"},"maxRedirects":0,"method":"POST","retry":{"backoffMillis":50,"maxAttempts":2},"session":{"id":"core-session-main"},"url":"https://books.example.test/search?q=dune","usePlatformCookieJar":false}}
    {"type":"result","protocolVersion":1,"requestId":901,"data":{"books":[{"author":"Herbert","bookId":"1","title":"Dune"},{"author":"Asimov","bookId":"2","title":"Foundation"}],"http":{"charsetHint":"gbk","finalUrl":"https://books.example.test/search?q=dune","finalUrlDigest":"bbb0b3011784b13e01f9f1bbe9bd4ea5316b5f16e8b8632acb0afca52b1dae8e","headers":{"content-type":"application/json; charset=gbk","set-cookie":["sid=search; Path=/; HttpOnly"],"x-reader-step":"search"},"responseBytes":114,"responseDigest":"cd8f364b1743ba192a496d2d135ee4082ae3d9818f67d051932e6e6366b4e1e9","session":{"id":"core-session-main"},"status":200},"sourceId":"remote-replay-src"}}
    {"type":"host.request","protocolVersion":1,"requestId":911,"operationId":2,"capability":"http.execute","params":{"body":null,"charset":"utf-8","followRedirects":true,"headers":{"Accept":"application/json","Cookie":"sid=search","X-Reader-Step":"detail"},"maxRedirects":3,"method":"GET","retry":{"backoffMillis":null,"maxAttempts":1},"session":{"id":"core-session-main"},"url":"https://books.example.test/books/1","usePlatformCookieJar":true}}
    {"type":"result","protocolVersion":1,"requestId":911,"data":{"book":{"author":"Frank Herbert","bookId":"1","coverUrl":"https://img.example.test/dune.png","intro":"A desert planet.","title":"Dune"},"http":{"charsetHint":"utf-8","finalUrl":"https://books.example.test/books/1?from=search","finalUrlDigest":"57ecc66ac5e23230e7349351d8592508947f0b471c36917c73e6257a8f381146","headers":{"content-type":"application/json; charset=utf-8","set-cookie":["sid=detail; Path=/; HttpOnly"],"x-reader-step":"detail"},"responseBytes":139,"responseDigest":"2de370bba641a7160aad45bf51a2bdb4a97532c881d9329fdac486aa241e2713","session":{"id":"core-session-main"},"status":200},"sourceId":"remote-replay-src"}}
    {"type":"host.request","protocolVersion":1,"requestId":921,"operationId":3,"capability":"http.execute","params":{"body":null,"charset":"utf-8","followRedirects":true,"headers":{"Accept":"application/json","Cookie":"sid=detail","X-Reader-Step":"toc"},"maxRedirects":2,"method":"GET","retry":{"backoffMillis":25,"maxAttempts":2},"session":{"id":"core-session-main"},"url":"https://books.example.test/books/1/toc","usePlatformCookieJar":true}}
    {"type":"result","protocolVersion":1,"requestId":921,"data":{"bookId":"1","catalogAt":1789398807785,"catalogInstalled":true,"catalogVersion":"9cb052f3812b2940017935ba595758f420b765b1cf5e70875a503e3a8a8b5594","contextVersion":"5cb0dba2b11faf69de8846ddbe7014f33fd37d395bbf2ece70d7369dd9a72a85","continuationVariables":{"book":"{\"author\":\"Frank Herbert\",\"bookUrl\":\"1\",\"name\":\"Dune\"}","sourceId":"remote-replay-src"},"http":{"charsetHint":"utf-8","finalUrl":"https://books.example.test/books/1/toc","finalUrlDigest":"02e3dbd9ebabb24e23e1dd58c0bef5f7a413cb86d907444cbd4739a638f3b6e7","firstResponseBytes":161,"firstResponseDigest":"a189f48786556438448d5486d5aa584eeb4124f929416e5dbd7c35b4abe1e1b8","headers":{"content-type":"application/json; charset=utf-8","set-cookie":["sid=toc; Path=/; HttpOnly"],"x-reader-step":"toc"},"responseBytes":161,"responseDigest":"a189f48786556438448d5486d5aa584eeb4124f929416e5dbd7c35b4abe1e1b8","session":{"id":"core-session-main"},"status":200},"sourceId":"remote-replay-src","toc":[{"index":0,"title":"Chapter 1","url":"https://books.example.test/books/1/chapters/1"},{"index":1,"title":"Chapter 2","url":"https://books.example.test/books/1/chapters/2"}]}}
    {"type":"error","protocolVersion":1,"requestId":0,"error":{"code":"INTERNAL","message":"host replay result data mismatch","retryable":true,"details":{"actual":{"bookId":"1","catalogAt":1789398807785,"catalogInstalled":true,"catalogVersion":"9cb052f3812b2940017935ba595758f420b765b1cf5e70875a503e3a8a8b5594","contextVersion":"5cb0dba2b11faf69de8846ddbe7014f33fd37d395bbf2ece70d7369dd9a72a85","continuationVariables":{"book":"{\"author\":\"Frank Herbert\",\"bookUrl\":\"1\",\"name\":\"Dune\"}","sourceId":"remote-replay-src"},"http":{"charsetHint":"utf-8","finalUrl":"https://books.example.test/books/1/toc","finalUrlDigest":"02e3dbd9ebabb24e23e1dd58c0bef5f7a413cb86d907444cbd4739a638f3b6e7","firstResponseBytes":161,"firstResponseDigest":"a189f48786556438448d5486d5aa584eeb4124f929416e5dbd7c35b4abe1e1b8","headers":{"content-type":"application/json; charset=utf-8","set-cookie":["sid=toc; Path=/; HttpOnly"],"x-reader-step":"toc"},"responseBytes":161,"responseDigest":"a189f48786556438448d5486d5aa584eeb4124f929416e5dbd7c35b4abe1e1b8","session":{"id":"core-session-main"},"status":200},"sourceId":"remote-replay-src","toc":[{"index":0,"title":"Chapter 1","url":"https://books.example.test/books/1/chapters/1"},{"index":1,"title":"Chapter 2","url":"https://books.example.test/books/1/chapters/2"}]},"expected":{"bookId":"1","catalogAt":1789398807727,"catalogInstalled":true,"catalogVersion":"9cb052f3812b2940017935ba595758f420b765b1cf5e70875a503e3a8a8b5594","contextVersion":"5cb0dba2b11faf69de8846ddbe7014f33fd37d395bbf2ece70d7369dd9a72a85","continuationVariables":{"book":"{\"author\":\"Frank Herbert\",\"bookUrl\":\"1\",\"name\":\"Dune\"}","sourceId":"remote-replay-src"},"http":{"charsetHint":"utf-8","finalUrl":"https://books.example.test/books/1/toc","finalUrlDigest":"02e3dbd9ebabb24e23e1dd58c0bef5f7a413cb86d907444cbd4739a638f3b6e7","firstResponseBytes":161,"firstResponseDigest":"a189f48786556438448d5486d5aa584eeb4124f929416e5dbd7c35b4abe1e1b8","headers":{"content-type":"application/json; charset=utf-8","set-cookie":["sid=toc; Path=/; HttpOnly"],"x-reader-step":"toc"},"responseBytes":161,"responseDigest":"a189f48786556438448d5486d5aa584eeb4124f929416e5dbd7c35b4abe1e1b8","session":{"id":"core-session-main"},"status":200},"sourceId":"remote-replay-src","toc":[{"index":0,"title":"Chapter 1","url":"https://books.example.test/books/1/chapters/1"},{"index":1,"title":"Chapter 2","url":"https://books.example.test/books/1/chapters/2"}]}}}}
     stderr=
    note: run with `RUST_BACKTRACE=1` environment variable to display a backtrace

        PASS [   2.464s] reader-cli::fixture_vertical fixture_vertical_runs_legado_css_dsl_pipeline
        FAIL [   2.477s] reader-cli::host_replay host_replay_suite_runs_legado_desensitized_corpus
  stdout ───

    running 1 test
    test host_replay_suite_runs_legado_desensitized_corpus ... FAILED

    failures:

    failures:
        host_replay_suite_runs_legado_desensitized_corpus

    test result: FAILED. 0 passed; 1 failed; 0 ignored; 0 measured; 4 filtered out; finished in 2.46s

  stderr ───

    thread 'host_replay_suite_runs_legado_desensitized_corpus' (65906570) panicked at tools/reader-cli/tests/host_replay.rs:409:5:
    reader-cli failed: stdout={"type":"host.request","protocolVersion":1,"requestId":3000,"operationId":1,"capability":"http.execute","params":{"body":"searchkey=mirror&page=1","charset":"gbk","followRedirects":false,"headers":{"Accept":"application/json, text/html;q=0.9","Cookie":"REDACTED_BOOT=1","User-Agent":"REDACTED_LEGADO_UA","X-Reader-Step":"search"},"maxRedirects":0,"method":"POST","retry":{"backoffMillis":80,"maxAttempts":2},"session":{"id":"legado-alpha-session"},"url":"https://alpha.example.test/search.php?key=mirror","usePlatformCookieJar":false}}
    {"type":"result","protocolVersion":1,"requestId":3000,"data":{"books":[{"author":"Author A","bookId":"alpha-1001","kind":"urban","lastChapter":"Volume 1 - Awakening","title":"Mirror City"},{"author":"Author B","bookId":"alpha-1002","kind":"fantasy","lastChapter":"Prologue","title":"River Archive"}],"http":{"charsetHint":"gbk","finalUrl":"https://alpha.example.test/search.php?key=mirror","finalUrlDigest":"7203c0865bff66ea53bcfd4b3d25564c501b394897a62826ef61aabc3ebdd91d","headers":{"content-type":"application/json; charset=gbk","set-cookie":["REDACTED_SEARCH=1; Path=/; HttpOnly"],"x-reader-step":"search"},"responseBytes":239,"responseDigest":"57ae0db34a9a9954ad925b2bf9acf6cb197a86c20884d4a026d3b185b03ba952","session":{"id":"legado-alpha-session"},"status":200},"sourceId":"legado-alpha-desensitized"}}
    {"type":"host.request","protocolVersion":1,"requestId":3010,"operationId":2,"capability":"http.execute","params":{"body":null,"charset":"utf-8","followRedirects":true,"headers":{"Accept":"application/json","Cookie":"REDACTED_SEARCH=1","User-Agent":"REDACTED_LEGADO_UA","X-Reader-Step":"detail"},"maxRedirects":5,"method":"GET","retry":{"backoffMillis":null,"maxAttempts":1},"session":{"id":"legado-alpha-session"},"url":"https://alpha.example.test/book/alpha-1001","usePlatformCookieJar":true}}
    {"type":"result","protocolVersion":1,"requestId":3010,"data":{"book":{"author":"Author A","bookId":"alpha-1001","coverUrl":"https://alpha.example.test/covers/alpha-1001.jpg","intro":"Desensitized detail synopsis from a real Legado-style source.","kind":"urban","lastChapter":"Volume 1 - Awakening","title":"Mirror City"},"http":{"charsetHint":"utf-8","finalUrl":"https://alpha.example.test/mobile/book/alpha-1001","finalUrlDigest":"1d2d501cadf3dfd262445e0184d5e9069eaec3628d4b85cdb106dfd37270a9b7","headers":{"content-type":"application/json; charset=utf-8","set-cookie":["REDACTED_DETAIL=1; Path=/; HttpOnly"],"x-reader-step":"detail"},"responseBytes":262,"responseDigest":"29ee720d79ea2046c78044859a8e31ea737a66835e16029249d306b8e1dbab19","session":{"id":"legado-alpha-session"},"status":200},"sourceId":"legado-alpha-desensitized","tocUrl":"https://alpha.example.test/mobile/book/alpha-1001"}}
    {"type":"host.request","protocolVersion":1,"requestId":3020,"operationId":3,"capability":"http.execute","params":{"body":null,"charset":"gb18030","followRedirects":true,"headers":{"Accept":"application/json","Cookie":"REDACTED_DETAIL=1","User-Agent":"REDACTED_LEGADO_UA","X-Reader-Step":"toc"},"maxRedirects":5,"method":"GET","retry":{"backoffMillis":120,"maxAttempts":2},"session":{"id":"legado-alpha-session"},"url":"https://alpha.example.test/book/alpha-1001/catalog","usePlatformCookieJar":true}}
    {"type":"result","protocolVersion":1,"requestId":3020,"data":{"bookId":"alpha-1001","catalogAt":1789398808002,"catalogInstalled":true,"catalogVersion":"a41faa3cc1bdcee34d18a9f142010ad5a1a19f8326d74f6d031674df80d1c623","contextVersion":"ab65cb0f1c817caf9af2e86a98b80feeebfc3c679d89c74b207d176c84586fa3","continuationVariables":{"book":"{\"author\":\"Author A\",\"bookUrl\":\"alpha-1001\",\"name\":\"Mirror City\"}"},"http":{"charsetHint":"gb18030","finalUrl":"https://alpha.example.test/book/alpha-1001/catalog","finalUrlDigest":"def8c2d086d23260353758ad1773decae52b8d442c7a96c05665debe0f7b7987","firstResponseBytes":287,"firstResponseDigest":"0e9c41bfaa80c73fb6e08f148d1e4c4066ce4e6f0b0f140c107d2205a801e3ec","headers":{"content-type":"application/json; charset=gb18030","set-cookie":["REDACTED_TOC=1; Path=/; HttpOnly"],"x-reader-step":"toc"},"responseBytes":287,"responseDigest":"0e9c41bfaa80c73fb6e08f148d1e4c4066ce4e6f0b0f140c107d2205a801e3ec","session":{"id":"legado-alpha-session"},"status":200},"sourceId":"legado-alpha-desensitized","toc":[{"index":0,"title":"Volume 1 - Awakening","url":"https://alpha.example.test/book/alpha-1001/chapter/1"},{"index":1,"title":"Volume 2 - Detour","url":"https://alpha.example.test/book/alpha-1001/chapter/2"},{"index":2,"title":"Side Story","url":"https://alpha.example.test/book/alpha-1001/chapter/extra"}]}}
    {"type":"error","protocolVersion":1,"requestId":0,"error":{"code":"INTERNAL","message":"host replay result data mismatch","retryable":true,"details":{"actual":{"bookId":"alpha-1001","catalogAt":1789398808002,"catalogInstalled":true,"catalogVersion":"a41faa3cc1bdcee34d18a9f142010ad5a1a19f8326d74f6d031674df80d1c623","contextVersion":"ab65cb0f1c817caf9af2e86a98b80feeebfc3c679d89c74b207d176c84586fa3","continuationVariables":{"book":"{\"author\":\"Author A\",\"bookUrl\":\"alpha-1001\",\"name\":\"Mirror City\"}"},"http":{"charsetHint":"gb18030","finalUrl":"https://alpha.example.test/book/alpha-1001/catalog","finalUrlDigest":"def8c2d086d23260353758ad1773decae52b8d442c7a96c05665debe0f7b7987","firstResponseBytes":287,"firstResponseDigest":"0e9c41bfaa80c73fb6e08f148d1e4c4066ce4e6f0b0f140c107d2205a801e3ec","headers":{"content-type":"application/json; charset=gb18030","set-cookie":["REDACTED_TOC=1; Path=/; HttpOnly"],"x-reader-step":"toc"},"responseBytes":287,"responseDigest":"0e9c41bfaa80c73fb6e08f148d1e4c4066ce4e6f0b0f140c107d2205a801e3ec","session":{"id":"legado-alpha-session"},"status":200},"sourceId":"legado-alpha-desensitized","toc":[{"index":0,"title":"Volume 1 - Awakening","url":"https://alpha.example.test/book/alpha-1001/chapter/1"},{"index":1,"title":"Volume 2 - Detour","url":"https://alpha.example.test/book/alpha-1001/chapter/2"},{"index":2,"title":"Side Story","url":"https://alpha.example.test/book/alpha-1001/chapter/extra"}]},"expected":{"bookId":"alpha-1001","http":{"charsetHint":"gb18030","finalUrl":"https://alpha.example.test/book/alpha-1001/catalog","finalUrlDigest":"def8c2d086d23260353758ad1773decae52b8d442c7a96c05665debe0f7b7987","firstResponseBytes":287,"firstResponseDigest":"0e9c41bfaa80c73fb6e08f148d1e4c4066ce4e6f0b0f140c107d2205a801e3ec","headers":{"content-type":"application/json; charset=gb18030","set-cookie":["REDACTED_TOC=1; Path=/; HttpOnly"],"x-reader-step":"toc"},"responseBytes":287,"responseDigest":"0e9c41bfaa80c73fb6e08f148d1e4c4066ce4e6f0b0f140c107d2205a801e3ec","session":{"id":"legado-alpha-session"},"status":200},"sourceId":"legado-alpha-desensitized","toc":[{"index":0,"title":"Volume 1 - Awakening","url":"https://alpha.example.test/book/alpha-1001/chapter/1"},{"index":1,"title":"Volume 2 - Detour","url":"https://alpha.example.test/book/alpha-1001/chapter/2"},{"index":2,"title":"Side Story","url":"https://alpha.example.test/book/alpha-1001/chapter/extra"}]}}}}
     stderr=
    note: run with `RUST_BACKTRACE=1` environment variable to display a backtrace

        PASS [   2.482s] reader-cli::fixture_vertical fixture_vertical_runs_legado_zhuishu_json_real_source_pipeline
        PASS [   2.610s] reader-cli::fixture_vertical booksource_fixture_outputs_stable_json
        PASS [   3.771s] reader-cli::fixture_vertical fixture_vertical_runs_legado_yodu_multirule_real_source_pipeline
        PASS [   7.343s] reader-cli::fixture_vertical fixture_vertical_runs_legado_sudugu_real_source_pipeline
────────────
     Summary [   7.346s] 16/3809 tests run: 13 passed, 3 failed, 0 skipped
        FAIL [   2.245s] reader-cli::host_replay host_record_suite_outputs_replayable_comparison_fixture
  stdout ───

    running 1 test
    test host_record_suite_outputs_replayable_comparison_fixture ... FAILED

    failures:

    failures:
        host_record_suite_outputs_replayable_comparison_fixture

    test result: FAILED. 0 passed; 1 failed; 0 ignored; 0 measured; 4 filtered out; finished in 2.23s

  stderr ───

    thread 'host_record_suite_outputs_replayable_comparison_fixture' (65906571) panicked at tools/reader-cli/tests/host_replay.rs:409:5:
    reader-cli failed: stdout={"type":"host.request","protocolVersion":1,"requestId":901,"operationId":1,"capability":"http.execute","params":{"body":"q=dune","charset":"gbk","followRedirects":false,"headers":{"Accept":"application/json","Cookie":"sid=old","X-Reader-Step":"search"},"maxRedirects":0,"method":"POST","retry":{"backoffMillis":50,"maxAttempts":2},"session":{"id":"core-session-main"},"url":"https://books.example.test/search?q=dune","usePlatformCookieJar":false}}
    {"type":"result","protocolVersion":1,"requestId":901,"data":{"books":[{"author":"Herbert","bookId":"1","title":"Dune"},{"author":"Asimov","bookId":"2","title":"Foundation"}],"http":{"charsetHint":"gbk","finalUrl":"https://books.example.test/search?q=dune","finalUrlDigest":"bbb0b3011784b13e01f9f1bbe9bd4ea5316b5f16e8b8632acb0afca52b1dae8e","headers":{"content-type":"application/json; charset=gbk","set-cookie":["sid=search; Path=/; HttpOnly"],"x-reader-step":"search"},"responseBytes":114,"responseDigest":"cd8f364b1743ba192a496d2d135ee4082ae3d9818f67d051932e6e6366b4e1e9","session":{"id":"core-session-main"},"status":200},"sourceId":"remote-replay-src"}}
    {"type":"host.request","protocolVersion":1,"requestId":911,"operationId":2,"capability":"http.execute","params":{"body":null,"charset":"utf-8","followRedirects":true,"headers":{"Accept":"application/json","Cookie":"sid=search","X-Reader-Step":"detail"},"maxRedirects":3,"method":"GET","retry":{"backoffMillis":null,"maxAttempts":1},"session":{"id":"core-session-main"},"url":"https://books.example.test/books/1","usePlatformCookieJar":true}}
    {"type":"result","protocolVersion":1,"requestId":911,"data":{"book":{"author":"Frank Herbert","bookId":"1","coverUrl":"https://img.example.test/dune.png","intro":"A desert planet.","title":"Dune"},"http":{"charsetHint":"utf-8","finalUrl":"https://books.example.test/books/1?from=search","finalUrlDigest":"57ecc66ac5e23230e7349351d8592508947f0b471c36917c73e6257a8f381146","headers":{"content-type":"application/json; charset=utf-8","set-cookie":["sid=detail; Path=/; HttpOnly"],"x-reader-step":"detail"},"responseBytes":139,"responseDigest":"2de370bba641a7160aad45bf51a2bdb4a97532c881d9329fdac486aa241e2713","session":{"id":"core-session-main"},"status":200},"sourceId":"remote-replay-src"}}
    {"type":"host.request","protocolVersion":1,"requestId":921,"operationId":3,"capability":"http.execute","params":{"body":null,"charset":"utf-8","followRedirects":true,"headers":{"Accept":"application/json","Cookie":"sid=detail","X-Reader-Step":"toc"},"maxRedirects":2,"method":"GET","retry":{"backoffMillis":25,"maxAttempts":2},"session":{"id":"core-session-main"},"url":"https://books.example.test/books/1/toc","usePlatformCookieJar":true}}
    {"type":"result","protocolVersion":1,"requestId":921,"data":{"bookId":"1","catalogAt":1789398807785,"catalogInstalled":true,"catalogVersion":"9cb052f3812b2940017935ba595758f420b765b1cf5e70875a503e3a8a8b5594","contextVersion":"5cb0dba2b11faf69de8846ddbe7014f33fd37d395bbf2ece70d7369dd9a72a85","continuationVariables":{"book":"{\"author\":\"Frank Herbert\",\"bookUrl\":\"1\",\"name\":\"Dune\"}","sourceId":"remote-replay-src"},"http":{"charsetHint":"utf-8","finalUrl":"https://books.example.test/books/1/toc","finalUrlDigest":"02e3dbd9ebabb24e23e1dd58c0bef5f7a413cb86d907444cbd4739a638f3b6e7","firstResponseBytes":161,"firstResponseDigest":"a189f48786556438448d5486d5aa584eeb4124f929416e5dbd7c35b4abe1e1b8","headers":{"content-type":"application/json; charset=utf-8","set-cookie":["sid=toc; Path=/; HttpOnly"],"x-reader-step":"toc"},"responseBytes":161,"responseDigest":"a189f48786556438448d5486d5aa584eeb4124f929416e5dbd7c35b4abe1e1b8","session":{"id":"core-session-main"},"status":200},"sourceId":"remote-replay-src","toc":[{"index":0,"title":"Chapter 1","url":"https://books.example.test/books/1/chapters/1"},{"index":1,"title":"Chapter 2","url":"https://books.example.test/books/1/chapters/2"}]}}
    {"type":"error","protocolVersion":1,"requestId":0,"error":{"code":"INTERNAL","message":"host replay result data mismatch","retryable":true,"details":{"actual":{"bookId":"1","catalogAt":1789398807785,"catalogInstalled":true,"catalogVersion":"9cb052f3812b2940017935ba595758f420b765b1cf5e70875a503e3a8a8b5594","contextVersion":"5cb0dba2b11faf69de8846ddbe7014f33fd37d395bbf2ece70d7369dd9a72a85","continuationVariables":{"book":"{\"author\":\"Frank Herbert\",\"bookUrl\":\"1\",\"name\":\"Dune\"}","sourceId":"remote-replay-src"},"http":{"charsetHint":"utf-8","finalUrl":"https://books.example.test/books/1/toc","finalUrlDigest":"02e3dbd9ebabb24e23e1dd58c0bef5f7a413cb86d907444cbd4739a638f3b6e7","firstResponseBytes":161,"firstResponseDigest":"a189f48786556438448d5486d5aa584eeb4124f929416e5dbd7c35b4abe1e1b8","headers":{"content-type":"application/json; charset=utf-8","set-cookie":["sid=toc; Path=/; HttpOnly"],"x-reader-step":"toc"},"responseBytes":161,"responseDigest":"a189f48786556438448d5486d5aa584eeb4124f929416e5dbd7c35b4abe1e1b8","session":{"id":"core-session-main"},"status":200},"sourceId":"remote-replay-src","toc":[{"index":0,"title":"Chapter 1","url":"https://books.example.test/books/1/chapters/1"},{"index":1,"title":"Chapter 2","url":"https://books.example.test/books/1/chapters/2"}]},"expected":{"bookId":"1","catalogAt":1789398807727,"catalogInstalled":true,"catalogVersion":"9cb052f3812b2940017935ba595758f420b765b1cf5e70875a503e3a8a8b5594","contextVersion":"5cb0dba2b11faf69de8846ddbe7014f33fd37d395bbf2ece70d7369dd9a72a85","continuationVariables":{"book":"{\"author\":\"Frank Herbert\",\"bookUrl\":\"1\",\"name\":\"Dune\"}","sourceId":"remote-replay-src"},"http":{"charsetHint":"utf-8","finalUrl":"https://books.example.test/books/1/toc","finalUrlDigest":"02e3dbd9ebabb24e23e1dd58c0bef5f7a413cb86d907444cbd4739a638f3b6e7","firstResponseBytes":161,"firstResponseDigest":"a189f48786556438448d5486d5aa584eeb4124f929416e5dbd7c35b4abe1e1b8","headers":{"content-type":"application/json; charset=utf-8","set-cookie":["sid=toc; Path=/; HttpOnly"],"x-reader-step":"toc"},"responseBytes":161,"responseDigest":"a189f48786556438448d5486d5aa584eeb4124f929416e5dbd7c35b4abe1e1b8","session":{"id":"core-session-main"},"status":200},"sourceId":"remote-replay-src","toc":[{"index":0,"title":"Chapter 1","url":"https://books.example.test/books/1/chapters/1"},{"index":1,"title":"Chapter 2","url":"https://books.example.test/books/1/chapters/2"}]}}}}
     stderr=
    note: run with `RUST_BACKTRACE=1` environment variable to display a backtrace

        FAIL [   2.477s] reader-cli::host_replay host_replay_suite_runs_legado_desensitized_corpus
  stdout ───

    running 1 test
    test host_replay_suite_runs_legado_desensitized_corpus ... FAILED

    failures:

    failures:
        host_replay_suite_runs_legado_desensitized_corpus

    test result: FAILED. 0 passed; 1 failed; 0 ignored; 0 measured; 4 filtered out; finished in 2.46s

  stderr ───

    thread 'host_replay_suite_runs_legado_desensitized_corpus' (65906570) panicked at tools/reader-cli/tests/host_replay.rs:409:5:
    reader-cli failed: stdout={"type":"host.request","protocolVersion":1,"requestId":3000,"operationId":1,"capability":"http.execute","params":{"body":"searchkey=mirror&page=1","charset":"gbk","followRedirects":false,"headers":{"Accept":"application/json, text/html;q=0.9","Cookie":"REDACTED_BOOT=1","User-Agent":"REDACTED_LEGADO_UA","X-Reader-Step":"search"},"maxRedirects":0,"method":"POST","retry":{"backoffMillis":80,"maxAttempts":2},"session":{"id":"legado-alpha-session"},"url":"https://alpha.example.test/search.php?key=mirror","usePlatformCookieJar":false}}
    {"type":"result","protocolVersion":1,"requestId":3000,"data":{"books":[{"author":"Author A","bookId":"alpha-1001","kind":"urban","lastChapter":"Volume 1 - Awakening","title":"Mirror City"},{"author":"Author B","bookId":"alpha-1002","kind":"fantasy","lastChapter":"Prologue","title":"River Archive"}],"http":{"charsetHint":"gbk","finalUrl":"https://alpha.example.test/search.php?key=mirror","finalUrlDigest":"7203c0865bff66ea53bcfd4b3d25564c501b394897a62826ef61aabc3ebdd91d","headers":{"content-type":"application/json; charset=gbk","set-cookie":["REDACTED_SEARCH=1; Path=/; HttpOnly"],"x-reader-step":"search"},"responseBytes":239,"responseDigest":"57ae0db34a9a9954ad925b2bf9acf6cb197a86c20884d4a026d3b185b03ba952","session":{"id":"legado-alpha-session"},"status":200},"sourceId":"legado-alpha-desensitized"}}
    {"type":"host.request","protocolVersion":1,"requestId":3010,"operationId":2,"capability":"http.execute","params":{"body":null,"charset":"utf-8","followRedirects":true,"headers":{"Accept":"application/json","Cookie":"REDACTED_SEARCH=1","User-Agent":"REDACTED_LEGADO_UA","X-Reader-Step":"detail"},"maxRedirects":5,"method":"GET","retry":{"backoffMillis":null,"maxAttempts":1},"session":{"id":"legado-alpha-session"},"url":"https://alpha.example.test/book/alpha-1001","usePlatformCookieJar":true}}
    {"type":"result","protocolVersion":1,"requestId":3010,"data":{"book":{"author":"Author A","bookId":"alpha-1001","coverUrl":"https://alpha.example.test/covers/alpha-1001.jpg","intro":"Desensitized detail synopsis from a real Legado-style source.","kind":"urban","lastChapter":"Volume 1 - Awakening","title":"Mirror City"},"http":{"charsetHint":"utf-8","finalUrl":"https://alpha.example.test/mobile/book/alpha-1001","finalUrlDigest":"1d2d501cadf3dfd262445e0184d5e9069eaec3628d4b85cdb106dfd37270a9b7","headers":{"content-type":"application/json; charset=utf-8","set-cookie":["REDACTED_DETAIL=1; Path=/; HttpOnly"],"x-reader-step":"detail"},"responseBytes":262,"responseDigest":"29ee720d79ea2046c78044859a8e31ea737a66835e16029249d306b8e1dbab19","session":{"id":"legado-alpha-session"},"status":200},"sourceId":"legado-alpha-desensitized","tocUrl":"https://alpha.example.test/mobile/book/alpha-1001"}}
    {"type":"host.request","protocolVersion":1,"requestId":3020,"operationId":3,"capability":"http.execute","params":{"body":null,"charset":"gb18030","followRedirects":true,"headers":{"Accept":"application/json","Cookie":"REDACTED_DETAIL=1","User-Agent":"REDACTED_LEGADO_UA","X-Reader-Step":"toc"},"maxRedirects":5,"method":"GET","retry":{"backoffMillis":120,"maxAttempts":2},"session":{"id":"legado-alpha-session"},"url":"https://alpha.example.test/book/alpha-1001/catalog","usePlatformCookieJar":true}}
    {"type":"result","protocolVersion":1,"requestId":3020,"data":{"bookId":"alpha-1001","catalogAt":1789398808002,"catalogInstalled":true,"catalogVersion":"a41faa3cc1bdcee34d18a9f142010ad5a1a19f8326d74f6d031674df80d1c623","contextVersion":"ab65cb0f1c817caf9af2e86a98b80feeebfc3c679d89c74b207d176c84586fa3","continuationVariables":{"book":"{\"author\":\"Author A\",\"bookUrl\":\"alpha-1001\",\"name\":\"Mirror City\"}"},"http":{"charsetHint":"gb18030","finalUrl":"https://alpha.example.test/book/alpha-1001/catalog","finalUrlDigest":"def8c2d086d23260353758ad1773decae52b8d442c7a96c05665debe0f7b7987","firstResponseBytes":287,"firstResponseDigest":"0e9c41bfaa80c73fb6e08f148d1e4c4066ce4e6f0b0f140c107d2205a801e3ec","headers":{"content-type":"application/json; charset=gb18030","set-cookie":["REDACTED_TOC=1; Path=/; HttpOnly"],"x-reader-step":"toc"},"responseBytes":287,"responseDigest":"0e9c41bfaa80c73fb6e08f148d1e4c4066ce4e6f0b0f140c107d2205a801e3ec","session":{"id":"legado-alpha-session"},"status":200},"sourceId":"legado-alpha-desensitized","toc":[{"index":0,"title":"Volume 1 - Awakening","url":"https://alpha.example.test/book/alpha-1001/chapter/1"},{"index":1,"title":"Volume 2 - Detour","url":"https://alpha.example.test/book/alpha-1001/chapter/2"},{"index":2,"title":"Side Story","url":"https://alpha.example.test/book/alpha-1001/chapter/extra"}]}}
    {"type":"error","protocolVersion":1,"requestId":0,"error":{"code":"INTERNAL","message":"host replay result data mismatch","retryable":true,"details":{"actual":{"bookId":"alpha-1001","catalogAt":1789398808002,"catalogInstalled":true,"catalogVersion":"a41faa3cc1bdcee34d18a9f142010ad5a1a19f8326d74f6d031674df80d1c623","contextVersion":"ab65cb0f1c817caf9af2e86a98b80feeebfc3c679d89c74b207d176c84586fa3","continuationVariables":{"book":"{\"author\":\"Author A\",\"bookUrl\":\"alpha-1001\",\"name\":\"Mirror City\"}"},"http":{"charsetHint":"gb18030","finalUrl":"https://alpha.example.test/book/alpha-1001/catalog","finalUrlDigest":"def8c2d086d23260353758ad1773decae52b8d442c7a96c05665debe0f7b7987","firstResponseBytes":287,"firstResponseDigest":"0e9c41bfaa80c73fb6e08f148d1e4c4066ce4e6f0b0f140c107d2205a801e3ec","headers":{"content-type":"application/json; charset=gb18030","set-cookie":["REDACTED_TOC=1; Path=/; HttpOnly"],"x-reader-step":"toc"},"responseBytes":287,"responseDigest":"0e9c41bfaa80c73fb6e08f148d1e4c4066ce4e6f0b0f140c107d2205a801e3ec","session":{"id":"legado-alpha-session"},"status":200},"sourceId":"legado-alpha-desensitized","toc":[{"index":0,"title":"Volume 1 - Awakening","url":"https://alpha.example.test/book/alpha-1001/chapter/1"},{"index":1,"title":"Volume 2 - Detour","url":"https://alpha.example.test/book/alpha-1001/chapter/2"},{"index":2,"title":"Side Story","url":"https://alpha.example.test/book/alpha-1001/chapter/extra"}]},"expected":{"bookId":"alpha-1001","http":{"charsetHint":"gb18030","finalUrl":"https://alpha.example.test/book/alpha-1001/catalog","finalUrlDigest":"def8c2d086d23260353758ad1773decae52b8d442c7a96c05665debe0f7b7987","firstResponseBytes":287,"firstResponseDigest":"0e9c41bfaa80c73fb6e08f148d1e4c4066ce4e6f0b0f140c107d2205a801e3ec","headers":{"content-type":"application/json; charset=gb18030","set-cookie":["REDACTED_TOC=1; Path=/; HttpOnly"],"x-reader-step":"toc"},"responseBytes":287,"responseDigest":"0e9c41bfaa80c73fb6e08f148d1e4c4066ce4e6f0b0f140c107d2205a801e3ec","session":{"id":"legado-alpha-session"},"status":200},"sourceId":"legado-alpha-desensitized","toc":[{"index":0,"title":"Volume 1 - Awakening","url":"https://alpha.example.test/book/alpha-1001/chapter/1"},{"index":1,"title":"Volume 2 - Detour","url":"https://alpha.example.test/book/alpha-1001/chapter/2"},{"index":2,"title":"Side Story","url":"https://alpha.example.test/book/alpha-1001/chapter/extra"}]}}}}
     stderr=
    note: run with `RUST_BACKTRACE=1` environment variable to display a backtrace

        FAIL [   0.069s] reader-cli::host_replay host_replay_suite_runs_remote_reading_e2e
  stdout ───

    running 1 test
    test host_replay_suite_runs_remote_reading_e2e ... FAILED

    failures:

    failures:
        host_replay_suite_runs_remote_reading_e2e

    test result: FAILED. 0 passed; 1 failed; 0 ignored; 0 measured; 4 filtered out; finished in 0.06s

  stderr ───

    thread 'host_replay_suite_runs_remote_reading_e2e' (65906788) panicked at tools/reader-cli/tests/host_replay.rs:409:5:
    reader-cli failed: stdout={"type":"host.request","protocolVersion":1,"requestId":901,"operationId":1,"capability":"http.execute","params":{"body":"q=dune","charset":"gbk","followRedirects":false,"headers":{"Accept":"application/json","Cookie":"sid=old","X-Reader-Step":"search"},"maxRedirects":0,"method":"POST","retry":{"backoffMillis":50,"maxAttempts":2},"session":{"id":"core-session-main"},"url":"https://books.example.test/search?q=dune","usePlatformCookieJar":false}}
    {"type":"result","protocolVersion":1,"requestId":901,"data":{"books":[{"author":"Herbert","bookId":"1","title":"Dune"},{"author":"Asimov","bookId":"2","title":"Foundation"}],"http":{"charsetHint":"gbk","finalUrl":"https://books.example.test/search?q=dune","finalUrlDigest":"bbb0b3011784b13e01f9f1bbe9bd4ea5316b5f16e8b8632acb0afca52b1dae8e","headers":{"content-type":"application/json; charset=gbk","set-cookie":["sid=search; Path=/; HttpOnly"],"x-reader-step":"search"},"responseBytes":114,"responseDigest":"cd8f364b1743ba192a496d2d135ee4082ae3d9818f67d051932e6e6366b4e1e9","session":{"id":"core-session-main"},"status":200},"sourceId":"remote-replay-src"}}
    {"type":"host.request","protocolVersion":1,"requestId":911,"operationId":2,"capability":"http.execute","params":{"body":null,"charset":"utf-8","followRedirects":true,"headers":{"Accept":"application/json","Cookie":"sid=search","X-Reader-Step":"detail"},"maxRedirects":3,"method":"GET","retry":{"backoffMillis":null,"maxAttempts":1},"session":{"id":"core-session-main"},"url":"https://books.example.test/books/1","usePlatformCookieJar":true}}
    {"type":"result","protocolVersion":1,"requestId":911,"data":{"book":{"author":"Frank Herbert","bookId":"1","coverUrl":"https://img.example.test/dune.png","intro":"A desert planet.","title":"Dune"},"http":{"charsetHint":"utf-8","finalUrl":"https://books.example.test/books/1?from=search","finalUrlDigest":"57ecc66ac5e23230e7349351d8592508947f0b471c36917c73e6257a8f381146","headers":{"content-type":"application/json; charset=utf-8","set-cookie":["sid=detail; Path=/; HttpOnly"],"x-reader-step":"detail"},"responseBytes":139,"responseDigest":"2de370bba641a7160aad45bf51a2bdb4a97532c881d9329fdac486aa241e2713","session":{"id":"core-session-main"},"status":200},"sourceId":"remote-replay-src"}}
    {"type":"host.request","protocolVersion":1,"requestId":921,"operationId":3,"capability":"http.execute","params":{"body":null,"charset":"utf-8","followRedirects":true,"headers":{"Accept":"application/json","Cookie":"sid=detail","X-Reader-Step":"toc"},"maxRedirects":2,"method":"GET","retry":{"backoffMillis":25,"maxAttempts":2},"session":{"id":"core-session-main"},"url":"https://books.example.test/books/1/toc","usePlatformCookieJar":true}}
    {"type":"result","protocolVersion":1,"requestId":921,"data":{"bookId":"1","catalogAt":1789398807763,"catalogInstalled":true,"catalogVersion":"9cb052f3812b2940017935ba595758f420b765b1cf5e70875a503e3a8a8b5594","contextVersion":"5cb0dba2b11faf69de8846ddbe7014f33fd37d395bbf2ece70d7369dd9a72a85","continuationVariables":{"book":"{\"author\":\"Frank Herbert\",\"bookUrl\":\"1\",\"name\":\"Dune\"}","sourceId":"remote-replay-src"},"http":{"charsetHint":"utf-8","finalUrl":"https://books.example.test/books/1/toc","finalUrlDigest":"02e3dbd9ebabb24e23e1dd58c0bef5f7a413cb86d907444cbd4739a638f3b6e7","firstResponseBytes":161,"firstResponseDigest":"a189f48786556438448d5486d5aa584eeb4124f929416e5dbd7c35b4abe1e1b8","headers":{"content-type":"application/json; charset=utf-8","set-cookie":["sid=toc; Path=/; HttpOnly"],"x-reader-step":"toc"},"responseBytes":161,"responseDigest":"a189f48786556438448d5486d5aa584eeb4124f929416e5dbd7c35b4abe1e1b8","session":{"id":"core-session-main"},"status":200},"sourceId":"remote-replay-src","toc":[{"index":0,"title":"Chapter 1","url":"https://books.example.test/books/1/chapters/1"},{"index":1,"title":"Chapter 2","url":"https://books.example.test/books/1/chapters/2"}]}}
    {"type":"error","protocolVersion":1,"requestId":0,"error":{"code":"INTERNAL","message":"host replay result data mismatch","retryable":true,"details":{"actual":{"bookId":"1","catalogAt":1789398807763,"catalogInstalled":true,"catalogVersion":"9cb052f3812b2940017935ba595758f420b765b1cf5e70875a503e3a8a8b5594","contextVersion":"5cb0dba2b11faf69de8846ddbe7014f33fd37d395bbf2ece70d7369dd9a72a85","continuationVariables":{"book":"{\"author\":\"Frank Herbert\",\"bookUrl\":\"1\",\"name\":\"Dune\"}","sourceId":"remote-replay-src"},"http":{"charsetHint":"utf-8","finalUrl":"https://books.example.test/books/1/toc","finalUrlDigest":"02e3dbd9ebabb24e23e1dd58c0bef5f7a413cb86d907444cbd4739a638f3b6e7","firstResponseBytes":161,"firstResponseDigest":"a189f48786556438448d5486d5aa584eeb4124f929416e5dbd7c35b4abe1e1b8","headers":{"content-type":"application/json; charset=utf-8","set-cookie":["sid=toc; Path=/; HttpOnly"],"x-reader-step":"toc"},"responseBytes":161,"responseDigest":"a189f48786556438448d5486d5aa584eeb4124f929416e5dbd7c35b4abe1e1b8","session":{"id":"core-session-main"},"status":200},"sourceId":"remote-replay-src","toc":[{"index":0,"title":"Chapter 1","url":"https://books.example.test/books/1/chapters/1"},{"index":1,"title":"Chapter 2","url":"https://books.example.test/books/1/chapters/2"}]},"expected":{"bookId":"1","http":{"charsetHint":"utf-8","finalUrl":"https://books.example.test/books/1/toc","finalUrlDigest":"02e3dbd9ebabb24e23e1dd58c0bef5f7a413cb86d907444cbd4739a638f3b6e7","firstResponseBytes":161,"firstResponseDigest":"a189f48786556438448d5486d5aa584eeb4124f929416e5dbd7c35b4abe1e1b8","headers":{"content-type":"application/json; charset=utf-8","set-cookie":["sid=toc; Path=/; HttpOnly"],"x-reader-step":"toc"},"responseBytes":161,"responseDigest":"a189f48786556438448d5486d5aa584eeb4124f929416e5dbd7c35b4abe1e1b8","session":{"id":"core-session-main"},"status":200},"sourceId":"remote-replay-src","toc":[{"index":0,"title":"Chapter 1","url":"https://books.example.test/books/1/chapters/1"},{"index":1,"title":"Chapter 2","url":"https://books.example.test/books/1/chapters/2"}]}}}}
     stderr=
    note: run with `RUST_BACKTRACE=1` environment variable to display a backtrace

warning: 3793/3809 tests were not run due to test failure (run with --no-fail-fast to run all tests, or run with --max-fail)
error: test run failed
