   Compiling reader-runtime v0.1.0 (/Users/minliny/Documents/Reader/Reader-Core-Native/crates/reader-runtime)
   Compiling reader-storage v0.1.0 (/Users/minliny/Documents/Reader/Reader-Core-Native/crates/reader-storage)
   Compiling reader-ffi v0.1.0 (/Users/minliny/Documents/Reader/Reader-Core-Native/crates/reader-ffi)
    Finished `release` profile [optimized] target(s) in 2m 44s
built target/aarch64-unknown-linux-ohos/release/libreader_core.a
evidence target/aarch64-unknown-linux-ohos/release/ohos-build-evidence.txt
name=reader-core-native-ohos
target=aarch64-unknown-linux-ohos
artifact=target/aarch64-unknown-linux-ohos/release/libreader_core.a
artifact_sha256=8b9c3cdb6851102ad5039069f01f4df710e561198a03db457e08ba7afbb49e05
artifact_bytes=37218168
rustc=rustc 1.97.1 (8bab26f4f 2026-07-14)
cargo=cargo 1.97.1 (c980f4866 2026-06-30)
ohos_sdk_home=/Applications/DevEco-Studio.app/Contents/sdk/default
CC_aarch64_unknown_linux_ohos=/Applications/DevEco-Studio.app/Contents/sdk/default/openharmony/native/llvm/bin/aarch64-unknown-linux-ohos-clang
CXX_aarch64_unknown_linux_ohos=/Applications/DevEco-Studio.app/Contents/sdk/default/openharmony/native/llvm/bin/aarch64-unknown-linux-ohos-clang++
AR_aarch64_unknown_linux_ohos=/Applications/DevEco-Studio.app/Contents/sdk/default/openharmony/native/llvm/bin/llvm-ar
RANLIB_aarch64_unknown_linux_ohos=/Applications/DevEco-Studio.app/Contents/sdk/default/openharmony/native/llvm/bin/llvm-ranlib
CARGO_TARGET_AARCH64_UNKNOWN_LINUX_OHOS_LINKER=/Applications/DevEco-Studio.app/Contents/sdk/default/openharmony/native/llvm/bin/aarch64-unknown-linux-ohos-clang
libclang_path=/Library/Developer/CommandLineTools/usr/lib
-- Configuring done (0.0s)
-- Generating done (0.0s)
-- Build files have been written to: /Users/minliny/Documents/Reader/Reader-Core-Native/target/harmony-napi/arm64-v8a
[1/1] Linking CXX shared library libreader_core_napi.so
built target/harmony-napi/arm64-v8a/libreader_core_napi.so
evidence target/harmony-napi/arm64-v8a/harmony-napi-build-evidence.txt
name=reader-core-native-harmony-napi
target=aarch64-unknown-linux-ohos
ohos_arch=arm64-v8a
artifact=target/harmony-napi/arm64-v8a/libreader_core_napi.so
artifact_sha256=325ae25d4787daedad802c860ca2dc64cb30bc6414567e2b53dd62009e928752
artifact_bytes=19609816
reader_core_static=target/aarch64-unknown-linux-ohos/release/libreader_core.a
reader_core_static_sha256=8b9c3cdb6851102ad5039069f01f4df710e561198a03db457e08ba7afbb49e05
reader_core_static_bytes=37218168
cmake=cmake version 3.28.2
ninja=1.12.0
toolchain=/Applications/DevEco-Studio.app/Contents/sdk/default/openharmony/native/build/cmake/ohos.toolchain.cmake
ohos_sdk_home=/Applications/DevEco-Studio.app/Contents/sdk/default
arkts_entry=bindings/harmony/Index.ets
ohpm_package=bindings/harmony/oh-package.json5
package_dir=target/harmony-napi/arm64-v8a/package
package_manifest=target/harmony-napi/arm64-v8a/harmony-package-manifest.sha256
package_manifest_sha256=bdc82a8b174a8950b490402c5db989281afe3f2e7ca33cbc1212ded9ac5e4133
core_build_identity=target/harmony-napi/arm64-v8a/core-build-identity.json
core_build_identity_sha256=fb1fbd2bf679b70615bd4620d4e84f07b4e5396ed0f9a26313c3e69369fc62cb
exports=abiVersion,readEpubEntry,encodeText,createRuntime,releaseRuntime,sendCommand,cancelRequest,readEvent,pendingEventCount,completeHostRequest,failHostRequest,pingSmoke,hostSmoke,lifecycleSmoke
sdk_smoke=pass
sdk_smoke_tests=bindings/harmony/sdk
sdk_smoke_output=target/harmony-napi/arm64-v8a/harmony-sdk-smoke.txt
sdk_smoke_output_sha256=1ac9170ac421d730d649532827adaeea5bf40cc613a5e10def97884d3bd0ea91
sdk_smoke_raw_output=target/harmony-napi/arm64-v8a/harmony-sdk-smoke.raw.txt
symbols=target/harmony-napi/arm64-v8a/libreader_core_napi.symbols.txt
symbols_sha256=7bf5ffa65ddac66d80a636908c5860272df7c366e2f6cf7f103e8e81ddf91227
napi_symbols=target/harmony-napi/arm64-v8a/libreader_core_napi.napi-symbols.txt
napi_symbols_sha256=d2033cdc42483c3f55aee9470b3399977beb3e17b197bf5b815eda6f7b0d7f79
