app shell safe geometry: PASS
(node:37555) ExperimentalWarning: stripTypeScriptTypes is an experimental feature and might change at any time
(Use `node --trace-warnings ...` to show where the warning was created)
PASS: ArkWeb document DNS pin plus same-host navigation/resource enforcement
PASS: ArkWeb queue and cookie capture retain their admitted session generation
PASS: ArkWeb cookie capture keeps exact admitted host scope
PASS actual resource callbacks: first full match before page-ready, no timeline or refetch
PASS serialized matching preserves callback order across delayed evaluations
PASS source initialization runs once and its real resource event completes capture
PASS an earlier admitted match wins over a later resource-budget terminal marker
PASS terminal cleanup and late callback suppression: timeout
PASS terminal cleanup and late callback suppression: cancel
PASS terminal cleanup and late callback suppression: detach
PASS terminal cleanup and late callback suppression: cookie-generation
PASS terminal cleanup and late callback suppression: network
PASS terminal cleanup and late callback suppression: budget
PASS terminal cleanup and late callback suppression: invalid-matcher
PASS source profiles retain isolated cookie hydration/capture and generation
PASS POST HTML capture, bounded matcher admission and production callback wiring
PASS execution failure is terminal with bounded cleanup: matcher-reject
PASS execution failure is terminal with bounded cleanup: matcher-sync-throw
PASS execution failure is terminal with bounded cleanup: initialization-reject
PASS execution failure is terminal with bounded cleanup: load-throw
PASS late asynchronous matcher completion cannot publish into the next source profile
PASS quotes and executable-looking text in observed URLs remain JSON-encoded data
PH76 Host production-path resource capture: 19 scenarios passed; VM/platform callback behavior remains unverified
(node:37567) ExperimentalWarning: stripTypeScriptTypes is an experimental feature and might change at any time
(Use `node --trace-warnings ...` to show where the warning was created)
PASS diagnostic early fixture, fixed admission, measurement and timer/observer cleanup
PASS diagnostic attributes old resource token during new job: lateOld=false
PASS diagnostic attributes old resource token during new job: lateOld=true
PASS disposing the pilot cancels only owned jobs and clears response timers/observer
PASS diagnostic execution errors retain a failure receipt
PH76 diagnostic runner: 5 scenario groups plus production default/policy wiring passed; these are unit checks, not VM evidence
(node:37584) ExperimentalWarning: stripTypeScriptTypes is an experimental feature and might change at any time
(Use `node --trace-warnings ...` to show where the warning was created)
shared book acquisition lifecycle, identities, and scheduling: PASS
PH65 registry epoch: five mutation entries success/failure and late list deletion race PASS
R1/R2 cache-refresh separation, original freshness, dispatch consumers and scoped facts: PASS
(node:37590) ExperimentalWarning: stripTypeScriptTypes is an experimental feature and might change at any time
(Use `node --trace-warnings ...` to show where the warning was created)
shared metadata: identical 56/55 and transitive 74/73 URL/source sets, rename/remount, no network, synopsis presentation: PASS
book-source production import contract: PASS
(node:37613) ExperimentalWarning: stripTypeScriptTypes is an experimental feature and might change at any time
(Use `node --trace-warnings ...` to show where the warning was created)
bookshelf detail removal: PASS
PASS PH60 shelf filters: independent dimensions, real SDK live chips/toggles, shared order, legacy data and hidden batch-selection safety
(node:37621) ExperimentalWarning: stripTypeScriptTypes is an experimental feature and might change at any time
(Use `node --trace-warnings ...` to show where the warning was created)
bookshelf management Core ownership contract: PASS
(node:37647) ExperimentalWarning: stripTypeScriptTypes is an experimental feature and might change at any time
(Use `node --trace-warnings ...` to show where the warning was created)
{"name":"manual update bypasses prepared sessions and executes real Gateway detail/TOC","status":"PASS"}
{"name":"manual update also bypasses durable catalog cache after prepared eviction","status":"PASS"}
{"name":"manual request waits for a cache-only in-flight acquisition then refreshes","status":"PASS"}
{"name":"per-book failure/empty results preserve old records, settle flags and continue bounded batch","status":"PASS"}
{"name":"automatic checks retain 10-minute threshold and disabled/local/active-sweep exclusions","status":"PASS"}
{"name":"multiple force waiters share one refresh after the nonforce admission settles","status":"PASS"}
{"name":"force waiting revalidates cancel before new network work","status":"PASS"}
{"name":"force waiting revalidates close before new network work","status":"PASS"}
{"name":"force waiting revalidates source-delete before new network work","status":"PASS"}
PH60 real Index → Gateway → Coordinator manual catalog refresh and bounded failure recovery PASS
PASS PH60 More: four rows, bounded scrolling geometry, anchored pointer, live progress/theme, empty/background guards and once-only update
(node:37673) ExperimentalWarning: stripTypeScriptTypes is an experimental feature and might change at any time
(Use `node --trace-warnings ...` to show where the warning was created)
PASS TXT uses format identity without changing Core metadata
PASS default group retains empty and explicit default identities without mutating legacy groups
PASS real section settings callback opens the default selector without navigating to another settings surface
PASS PH61 progress/source retain equal left/right slots and live progress after row reuse
PASS PH83 detail preview exposes 20 chapters in the original four-row scroll viewport
PASS day: detail metadata shares source typography, label and moving source action
PASS night: detail metadata shares source typography, label and moving source action
PASS PH46/47 original author typography and the entire five-line block align with the cover
PASS missing synopsis is explained without contaminating the metadata projection
PASS empty chapters expose status: 暂无章节信息
PASS empty chapters expose status: 正在读取本地目录…
PASS empty chapters expose status: 目录读取失败，请重试
PASS source name/category/URL remain distinct and login precedes detect (no login)
PASS source name/category/URL remain distinct and login precedes detect (login)
PASS single-book sheet matches cover frame and both layers have straight lower corners
PASS 44vp source SVG stays 44vp in the single-book more action
(node:37680) ExperimentalWarning: stripTypeScriptTypes is an experimental feature and might change at any time
(Use `node --trace-warnings ...` to show where the warning was created)
(node:37705) ExperimentalWarning: stripTypeScriptTypes is an experimental feature and might change at any time
(Use `node --trace-warnings ...` to show where the warning was created)
bookshelf reading entry: PASS (local/remote, info/search, back, cancellation, failure, retry/source switch)
Reader Info production chain: explicit navigation, serialized stop/record/progress, save failure/retry and layered Back PASS
<anonymous_script>:34
    this.searchPublication.updateShelf(this.shelfBooks);
                           ^

TypeError: Cannot read properties of undefined (reading 'updateShelf')
    at Probe.applyBookshelfState (eval at productionMotionMethods (file:///Users/minliny/Documents/Reader/Reader-for-HarmonyOS/tools/lib/reader-motion-method-probe.mjs:20:10), <anonymous>:34:28)
    at file:///Users/minliny/Documents/Reader/Reader-for-HarmonyOS/tools/test-bookshelf-source-name-durability.mjs:23:6

Node.js v26.0.0
