node:internal/modules/run_main:107
    triggerUncaughtException(
    ^

AssertionError [ERR_ASSERTION]: Expected "actual" to be reference-equal to "expected":
+ actual - expected

  {
    bookId: 'b',
    chapterIndex: 1999,
    chapterOffset: 2,
+   chapterTitle: '章 1999',
-   chapterTitle: '新标题',
    matchLength: 1,
    snippet: '保留原文',
    snippetStart: 0,
    sourceId: 's'
  }

    at file:///Users/minliny/Documents/Reader/Reader-for-HarmonyOS/tools/test-reader-content-search-publication.mjs:70:8
    at ModuleJob.run (node:internal/modules/esm/module_job:437:25)
    at async onImport.tracePromise.__proto__ (node:internal/modules/esm/loader:642:26)
    at async asyncRunEntryPointWithESMLoader (node:internal/modules/run_main:101:5) {
  generatedMessage: true,
  code: 'ERR_ASSERTION',
  actual: {
    sourceId: 's',
    bookId: 'b',
    chapterIndex: 1999,
    chapterOffset: 2,
    chapterTitle: '章 1999',
    snippet: '保留原文',
    snippetStart: 0,
    matchLength: 1
  },
  expected: {
    sourceId: 's',
    bookId: 'b',
    chapterIndex: 1999,
    chapterOffset: 2,
    chapterTitle: '新标题',
    snippet: '保留原文',
    snippetStart: 0,
    matchLength: 1
  },
  operator: 'strictEqual',
  diff: 'simple'
}

Node.js v26.0.0
