node:internal/modules/run_main:107
    triggerUncaughtException(
    ^

/Users/minliny/Documents/Reader/Reader-for-HarmonyOS/entry/src/main/ets/features/reading/ReadingSurfaceLayoutMap.ts:36

  constructor(private readonly content: string) {
                               ^^^^^^^^^^^^^^^
    let utf16Offset = 0;

SyntaxError [ERR_UNSUPPORTED_TYPESCRIPT_SYNTAX]: TypeScript parameter property is not supported in strip-only mode
    at parseTypeScript (node:internal/modules/typescript:59:40)
    at processTypeScriptCode (node:internal/modules/typescript:135:42)
    at stripTypeScriptModuleTypes (node:internal/modules/typescript:179:22)
    at Object.getFileProtocolModuleFormat [as file:] (node:internal/modules/esm/get_format:199:26)
    at defaultGetFormat (node:internal/modules/esm/get_format:262:36)
    at defaultLoadSync (node:internal/modules/esm/load:158:16)
    at #loadAndMaybeBlockOnLoaderThread (node:internal/modules/esm/loader:779:12)
    at #loadSync (node:internal/modules/esm/loader:799:49)
    at ModuleLoader.load (node:internal/modules/esm/loader:765:26)
    at ModuleLoader.loadAndTranslate (node:internal/modules/esm/loader:507:31) {
  code: 'ERR_UNSUPPORTED_TYPESCRIPT_SYNTAX'
}

Node.js v26.0.0
