   Compiling reader-runtime v0.1.0 (/Users/minliny/Documents/Reader/Reader-Core-Native/crates/reader-runtime)
   Compiling reader-ffi v0.1.0 (/Users/minliny/Documents/Reader/Reader-Core-Native/crates/reader-ffi)
    Finished `release` profile [optimized] target(s) in 1m 44s
built target/aarch64-unknown-linux-ohos/release/libreader_core.a
evidence target/aarch64-unknown-linux-ohos/release/ohos-build-evidence.txt
name=reader-core-native-ohos
target=aarch64-unknown-linux-ohos
artifact=target/aarch64-unknown-linux-ohos/release/libreader_core.a
artifact_sha256=81404b2c4382417fefd77e2c61a36b130b70a7f0fad300eef667eb0bc7276944
artifact_bytes=37254720
rustc=rustc 1.97.1 (8bab26f4f 2026-07-14)
cargo=cargo 1.97.1 (c980f4866 2026-06-30)
ohos_sdk_home=/Applications/DevEco-Studio.app/Contents/sdk/default
CC_aarch64_unknown_linux_ohos=/Applications/DevEco-Studio.app/Contents/sdk/default/openharmony/native/llvm/bin/aarch64-unknown-linux-ohos-clang
CXX_aarch64_unknown_linux_ohos=/Applications/DevEco-Studio.app/Contents/sdk/default/openharmony/native/llvm/bin/aarch64-unknown-linux-ohos-clang++
AR_aarch64_unknown_linux_ohos=/Applications/DevEco-Studio.app/Contents/sdk/default/openharmony/native/llvm/bin/llvm-ar
RANLIB_aarch64_unknown_linux_ohos=/Applications/DevEco-Studio.app/Contents/sdk/default/openharmony/native/llvm/bin/llvm-ranlib
CARGO_TARGET_AARCH64_UNKNOWN_LINUX_OHOS_LINKER=/Applications/DevEco-Studio.app/Contents/sdk/default/openharmony/native/llvm/bin/aarch64-unknown-linux-ohos-clang
libclang_path=/Library/Developer/CommandLineTools/usr/lib
-- Configuring done (0.0s)
-- Generating done (0.0s)
-- Build files have been written to: /Users/minliny/Documents/Reader/Reader-Core-Native/target/harmony-napi/arm64-v8a
[1/1] Linking CXX shared library libreader_core_napi.so
built target/harmony-napi/arm64-v8a/libreader_core_napi.so
evidence target/harmony-napi/arm64-v8a/harmony-napi-build-evidence.txt
name=reader-core-native-harmony-napi
target=aarch64-unknown-linux-ohos
ohos_arch=arm64-v8a
artifact=target/harmony-napi/arm64-v8a/libreader_core_napi.so
artifact_sha256=b49783b623dd35ff39c77de821055119b09597befe4ce1714655983222394a46
artifact_bytes=19633240
reader_core_static=target/aarch64-unknown-linux-ohos/release/libreader_core.a
reader_core_static_sha256=81404b2c4382417fefd77e2c61a36b130b70a7f0fad300eef667eb0bc7276944
reader_core_static_bytes=37254720
cmake=cmake version 3.28.2
ninja=1.12.0
toolchain=/Applications/DevEco-Studio.app/Contents/sdk/default/openharmony/native/build/cmake/ohos.toolchain.cmake
ohos_sdk_home=/Applications/DevEco-Studio.app/Contents/sdk/default
arkts_entry=bindings/harmony/Index.ets
ohpm_package=bindings/harmony/oh-package.json5
package_dir=target/harmony-napi/arm64-v8a/package
package_manifest=target/harmony-napi/arm64-v8a/harmony-package-manifest.sha256
package_manifest_sha256=64c30fda1443ba6fcaba79c672815efa2e819bb70a225d282470f5da12a42070
core_build_identity=target/harmony-napi/arm64-v8a/core-build-identity.json
core_build_identity_sha256=d20d78c2886ee2242b9a16f956fa99a99653ce52a80f79d9c5c3a183cc430977
exports=abiVersion,readEpubEntry,encodeText,createRuntime,releaseRuntime,sendCommand,cancelRequest,readEvent,pendingEventCount,completeHostRequest,failHostRequest,pingSmoke,hostSmoke,lifecycleSmoke
sdk_smoke=pass
sdk_smoke_tests=bindings/harmony/sdk
sdk_smoke_output=target/harmony-napi/arm64-v8a/harmony-sdk-smoke.txt
sdk_smoke_output_sha256=1ac9170ac421d730d649532827adaeea5bf40cc613a5e10def97884d3bd0ea91
sdk_smoke_raw_output=target/harmony-napi/arm64-v8a/harmony-sdk-smoke.raw.txt
symbols=target/harmony-napi/arm64-v8a/libreader_core_napi.symbols.txt
symbols_sha256=6c050ab6f602899d949a39a864aab5af9c670fb6c2bd97ac43926c3ecb710a32
napi_symbols=target/harmony-napi/arm64-v8a/libreader_core_napi.napi-symbols.txt
napi_symbols_sha256=d22161524fb2c69aee31c90a3eec3d24ab9eb9d9df875fcf0a06f5544f6291c0
