node:internal/modules/run_main:107
    triggerUncaughtException(
    ^

AssertionError [ERR_ASSERTION]: Expected values to be strictly equal:
+ actual - expected

+ '#FFFCF8F0'
- '#FFF7F3EA'
       ^

    at file:///Users/minliny/Documents/Reader/Reader-for-HarmonyOS/tools/test-reader-theme-paper-origin.mjs:35:10
    at ModuleJob.run (node:internal/modules/esm/module_job:437:25)
    at async onImport.tracePromise.__proto__ (node:internal/modules/esm/loader:642:26)
    at async asyncRunEntryPointWithESMLoader (node:internal/modules/run_main:101:5) {
  generatedMessage: true,
  code: 'ERR_ASSERTION',
  actual: '#FFFCF8F0',
  expected: '#FFF7F3EA',
  operator: 'strictEqual',
  diff: 'simple'
}

Node.js v26.0.0
