   Compiling reader-runtime v0.1.0 (/Users/minliny/Documents/Reader/Reader-Core-Native/crates/reader-runtime)
    Finished `test` profile [unoptimized + debuginfo] target(s) in 12.23s
     Running unittests src/lib.rs (target/debug/deps/reader_runtime-f73decdacc6c78ac)

running 432 tests
test aes_backup::tests::known_password_known_key ... ok
test aes_backup::tests::empty_password_known_key ... ok
test aes_backup::tests::empty_plaintext_produces_nonempty_ciphertext ... ok
test aes_backup::tests::invalid_base64_fails ... ok
test aes_backup::tests::legado_vector_empty_plaintext_test_password ... ok
test aes_backup::tests::legado_vector_hello_world_mypassword ... ok
test aes_backup::tests::legado_vector_block_aligned_plaintext_appends_full_padding_block ... ok
test aes_backup::tests::legado_vector_single_char_plaintext_and_password ... ok
test aes_backup::tests::legado_vector_hello_test_password ... ok
test aes_backup::tests::legado_vector_chinese_content_and_password ... ok
test aes_backup::tests::legado_known_ciphertext_wrong_password_fails ... ok
test aes_backup::tests::legado_vector_json_book_source_array ... ok
test aes_backup::tests::ciphertext_is_base64 ... ok
test aes_backup::tests::roundtrip_empty_password ... ok
test aes_backup::tests::roundtrip_empty_plaintext ... ok
test aes_backup::tests::nist_aes128_ecb_block_3_encrypts_to_known_vector ... ok
test aes_backup::tests::nist_aes128_ecb_block_2_encrypts_to_known_vector ... ok
test aes_backup::tests::nist_aes128_ecb_block_1_encrypts_to_known_vector ... ok
test aes_backup::tests::nist_aes128_ecb_block_4_encrypts_to_known_vector ... ok
test aes_backup::tests::roundtrip_json_array ... ok
test aes_backup::tests::nist_aes128_ecb_decrypts_back_to_plaintext ... ok
test aes_backup::tests::roundtrip_unicode_content ... ok
test aes_backup::tests::wrong_password_fails ... ok
test host_callback_bridge::tests::abort_request_wakes_only_the_cancelled_callback ... ok
test host_callback_bridge::tests::bridge_registers_all_host_descriptor_callback_names ... ok
test host_callback_bridge::tests::a64_cookie_callback_fail_closed_when_cookie_not_in_manifest ... ok
test host_callback_bridge::tests::a64_js_callback_fail_closed_when_http_execute_not_in_manifest ... ok
test host_callback_bridge::tests::a64_clear_host_manifest_returns_to_optimistic ... ok
test host_callback_bridge::tests::cookie_get_cookie_routes_to_host_capability_cookie_get ... ok
test host_callback_bridge::tests::callback_context_and_variables_are_isolated_across_source_workers ... ok
test host_callback_bridge::tests::build_sandbox_executes_js_with_java_android_id ... ok
test host_callback_bridge::tests::core_side_local_stubs_return_empty_without_blocking ... ok
test host_callback_bridge::tests::deferred_callbacks_return_deferred_messages ... ok
test aes_backup::tests::migration_preserves_legacy_backup_vectors ... ok
test host_callback_bridge::tests::a64_js_callback_succeeds_when_http_execute_in_manifest ... ok
test host_callback_bridge::tests::a64_js_callback_optimistic_when_no_manifest ... ok
test host_callback_bridge::tests::fail_closed_callbacks_return_red_line_4_messages ... ok
test host_callback_bridge::tests::build_sandbox_executes_js_with_non_http_host_callbacks ... ok
test host_callback_bridge::tests::java_android_id_returns_stub_value ... ok
test host_callback_bridge::tests::build_sandbox_executes_js_with_java_get_callback ... ok
test host_callback_bridge::tests::cookie_remove_cookie_expires_host_records ... ok
test host_callback_bridge::tests::cookie_set_cookie_routes_to_host_capability_cookie_set ... ok
test host_callback_bridge::tests::java_ajax_parses_url_dsl_headers_method_and_body ... ok
test host_callback_bridge::tests::host_error_routes_error_message_to_callback ... ok
test host_callback_bridge::tests::java_get_source_returns_empty_object ... ok
test host_callback_bridge::tests::java_put_returns_value_without_network ... ok
test host_callback_bridge::tests::java_replace_font_returns_original_text_as_graceful_degradation ... ok
test host_callback_bridge::tests::execute_single_http_emits_host_request_and_receives_body ... ok
test host_callback_bridge::tests::missing_request_context_fails_fast ... ok
test host_callback_bridge::tests::pending_callback_cleanup_guard_preserves_reused_operation_entry ... ok
test host_callback_bridge::tests::pending_callback_cleanup_guard_removes_unpublished_entry ... ok
test host_callback_bridge::tests::reentrant_abort_keeps_late_completion_on_same_callback ... ok
test host_callback_bridge::tests::reentrant_completion_is_retained_until_sink_returns ... ok
test host_callback_bridge::tests::java_ajax_returns_body_string_only ... ok
test host_callback_bridge::tests::java_connect_returns_final_url_when_host_provides_it ... ok
test host_callback_bridge::tests::java_get_host_request_includes_charset_field ... ok
test host_callback_bridge::tests::source_get_key_returns_empty_string_no_credentials ... ok
test host_callback_bridge::tests::source_get_set_variable_round_trips_through_bridge ... ok
test host_callback_bridge::tests::try_complete_returns_false_for_unknown_op_id ... ok
test host_callback_bridge::tests::try_complete_returns_false_when_operation_id_missing ... ok
test host_callback_bridge::tests::resource_capture_bridge_rejects_unsupported_regex_before_any_host_request ... ok
test http_tts_profile::tests::build_bounds_text_without_rejecting_normal_newlines ... ok
test http_tts_profile::tests::invalid_precision_and_unknown_pcm_metadata_fail_explicitly ... ok
test http_tts_profile::tests::legacy_request_is_preserved_and_templates_bind_new_fields ... ok
test host_callback_bridge::tests::java_get_cookie_routes_to_scoped_host_cookie_jar ... ok
test http_tts_profile::tests::profile_boundary_rejects_cleartext_alias_mismatch_and_static_secrets ... ok
test http_tts_profile::tests::template_get_allows_only_bound_api_key_url_placeholder ... ok
test http_tts_profile::tests::speech_json_fields_formats_and_secret_reference ... ok
test http_tts_profile::tests::azure_xml_is_escaped_by_upstream_writer ... ok
test host_callback_bridge::tests::java_get_host_request_includes_follow_redirects_false ... ok
test host_callback_bridge::tests::java_web_view_routes_to_scoped_host_capability ... ok
test host_callback_bridge::tests::java_get_returns_final_url_when_host_provides_it ... ok
test host_callback_bridge::tests::set_current_charset_overrides_default_in_host_request ... ok
test host_callback_bridge::tests::resource_capture_bridge_requires_real_callback_receipt_and_preserves_session ... ok
test host_callback_bridge::tests::callback_times_out_when_host_never_responds ... ok
test remote::acquisition::tests::disabled_source_preserves_offline_body_but_blocks_force_refresh_before_http ... ok
test remote::acquisition::tests::catalog_freshness_and_context_are_from_one_snapshot_and_semantic_refresh_is_stable ... ok
test remote::acquisition::tests::changed_processing_or_wrong_cached_chapter_invalidates_scoped_success ... ok
test remote::acquisition::tests::empty_materialized_projection_cannot_publish_readable_even_with_matching_hashes ... ok
test remote::acquisition::tests::failure_confirmation_requires_an_explicit_current_content_cause_and_preserves_raw_facts ... ok
test remote::acquisition::tests::projected_failures_are_scoped_and_later_catalog_success_obsoletes_early_failures ... ok
test remote::acquisition::tests::failure_category_admission_keeps_related_order_independent_of_failures ... ok
test remote::content_search::tests::content_search_checks_cancellation_between_chapters_before_projection ... ok
test remote::acquisition::tests::shallow_search_preserves_enriched_detail_in_both_storage_representations ... ok
test remote::content_search::tests::content_search_later_page_matches_original_scalar_offsets ... ok
test remote::local_book_catalog_bounds_tests::local_book_catalog_accepts_small_wire_payload ... ok
test remote::acquisition::tests::scoped_readable_uses_core_body_evidence_and_rejects_every_stale_scope ... ok
test remote::local_book_catalog_bounds_tests::local_book_catalog_rejects_oversized_string_and_depth ... ok
test remote::acquisition::tests::changed_search_template_cannot_relabel_an_old_author_inherited_by_detail ... ok
test remote::content_search::tests::content_search_limit_does_not_process_remaining_corpus_and_keeps_scope ... ok
test remote::content_search::tests::content_search_processing_releases_publication_and_sqlite_for_progress ... ok
test remote::acquisition::tests::source_bound_author_full_rule_search_detail_and_relation_keep_raw_context ... ok
test remote::local_book_catalog_bounds_tests::local_book_catalog_rejects_oversized_array_before_typed_decode ... ok
test remote::content_search::tests::content_search_rejects_concurrent_body_even_with_same_revision_and_timestamp ... ok
test remote::remote_content_positions::tests::explicit_chapter_request_without_chapter_url_keeps_its_original_redirect_binding ... ok
test remote::remote_content_positions::tests::explicit_refresh_partially_restores_positions_without_rebinding_unresolved_marks ... ok
test remote::content_search::tests::content_search_rejects_changed_processing_and_source_snapshots ... ok
test remote::acquisition::tests::old_and_unknown_acquisition_json_survive_backup_without_becoming_scoped_readability ... ok
test remote::remote_content_positions::tests::cached_position_context_reads_preserve_data_with_large_book_history ... ok
test remote::remote_content_positions::tests::format2_first_download_and_ad_hoc_preview_hash_the_same_canonical_format ... ok
test remote::remote_content_positions::tests::first_redirect_materialization_records_logical_url_and_rejects_stale_or_concurrent_binding ... ok
test remote::remote_content_positions::tests::format2_explicit_refresh_maps_format1_array_and_only_the_requested_chapter ... ok
test remote::remote_content_positions::tests::format2_old_cache_is_read_only_until_explicit_upgrade_and_current_cache_does_not_refetch ... ok
test remote::remote_content_positions::tests::remote_cache_clear_detached_proof_rejects_position_changes_and_processing_drift ... ok
test remote::remote_content_positions::tests::refreshed_redirects_bind_logical_chapter_and_preserve_stable_mark_identity ... ok
test remote::remote_content_positions::tests::explicit_refresh_replaces_format1_array_and_resets_unresolvable_wrapper_position ... ok
test remote::remote_content_positions::tests::legacy_redirect_requires_observed_identity_and_binding_survives_snapshot_reopen ... ok
test remote::remote_content_positions::tests::remote_cached_reads_validate_context_without_network_and_reject_old_scope_after_upgrade ... ok
test remote::remote_content_positions::tests::explicit_refresh_receipt_resolves_and_commits_new_progress_versions ... ok
test remote::remote_content_positions::tests::remote_changed_title_keeps_old_projection_basis_and_commits_new_title ... ok
test remote::remote_content_positions::tests::remote_js_string_refresh_uses_the_same_atomic_position_migration ... ok
test remote::remote_content_positions::tests::remote_legacy_marks_never_gain_scope_from_rename_or_current_body_and_preserve_refresh ... ok
test remote::remote_content_positions::tests::remote_first_materialization_keeps_explicit_chapter_start_but_refuses_unknown_nonzero_offsets ... ok
test remote::remote_content_positions::tests::remote_lww_progress_response_uses_retained_chapter_proof ... ok
test remote::remote_content_positions::tests::remote_position_readers_and_writers_share_proof_and_preserve_note_only_edits ... ok
test remote::remote_content_positions::tests::explicit_refresh_rebuilds_missing_body_only_from_valid_detached_proof ... ok
test remote::remote_content_positions::tests::remote_processing_changes_keep_positions_protected_until_previous_settings_are_restored ... ok
test remote::remote_content_positions::tests::remote_same_name_foreign_owner_prevents_bookmark_migration_without_guessing ... ok
test remote::remote_content_positions::tests::remote_mark_proof_survives_full_backup_and_metadata_rename_but_not_fact_loss_or_coordinate_mutation ... ok
test remote::remote_content_positions::tests::explicit_refresh_http_failures_and_concurrent_edits_never_replace_cached_body ... ok
test remote::remote_content_positions::tests::remote_upgrade_cas_rejects_concurrent_progress_without_rolling_it_back ... ok
test remote::required_chapter_admission_tests::environment_failure_stops_source_check_and_change_source_without_verdicts ... ok
test remote::remote_content_positions::tests::remote_upgrade_maps_progress_history_bookmark_highlight_and_captured_host_anchors ... ok
test remote::resource_capture::tests::resource_capture_unsupported_regex_and_missing_callback_receipts_fail_explicitly ... ok
test remote::remote_content_positions::tests::remote_processing_seal_is_safe_after_failed_change_and_unaffected_or_positionless_books_stay_readable ... ok
test remote::resource_capture::tests::resource_capture_regex_is_full_match_and_regex_text_is_only_json_data ... ok
test remote::remote_content_positions::tests::strict_refresh_preserves_conflicting_highlight_url_and_same_body_never_grants_scope ... ok
test remote::source_cookie_session_tests::disabled_source_does_not_allocate_a_host_session ... ok
test remote::source_cookie_session_tests::enabled_source_uses_exact_source_id_as_opaque_host_session ... ok
test remote::remote_content_positions::tests::remote_scalar_anchors_preserve_emoji_crlf_images_and_chapter_end ... ok
test remote::required_chapter_admission_tests::required_chapter_type_error_is_structured_and_cannot_replace_cached_body ... ok
test remote::remote_content_positions::tests::remote_upgrade_preserves_old_body_on_short_repeated_or_conflicting_anchors ... ok
test remote::scoped_search::tests::scoped_search_validates_scope_boundaries ... ok
test remote::source_fetch_and_catalog_tests::a_late_stale_chapter_completion_cannot_overwrite_the_newer_body ... ok
test remote::source_fetch_and_catalog_tests::a_late_stale_toc_completion_cannot_overwrite_the_newer_cache ... ok
test remote::source_fetch_and_catalog_tests::a_newer_toc_completion_wins_even_when_the_older_one_finishes_first ... ok
test remote::scoped_search::tests::scoped_search_batch_exact_missing_and_source_fingerprint_reuse ... ok
test remote::source_fetch_and_catalog_tests::cached_toc_status_classifies_corruption_and_successful_fetch_repairs_it ... ok
test remote::scoped_search::tests::scoped_search_related_pages_and_stale_are_structured ... ok
test remote::source_fetch_and_catalog_tests::chapter_context_uses_canonical_identity_and_current_redirect_on_every_page ... ok
test remote::source_fetch_and_catalog_tests::display_intro_projection_does_not_rewrite_stored_source_books ... ok
test remote::source_fetch_and_catalog_tests::catalog_write_lock_excludes_concurrent_writers_for_the_same_book ... ok
test remote::remote_content_positions::tests::remote_preserved_receipts_echo_captured_anchors_for_ambiguity_and_storage_rollback ... ok
test remote::source_fetch_and_catalog_tests::inline_source_fetches_are_exempt_from_version_drift ... ok
test remote::source_fetch_and_catalog_tests::explicit_chapter_refresh_bypasses_cache_without_deleting_body_or_anchor ... ok
test remote::source_fetch_and_catalog_tests::progress_update_refreshes_the_catalog_through_the_write_lock ... ok
test remote::source_fetch_and_catalog_tests::prefetch_range_skips_non_navigable_volume_rows_without_renumbering ... ok
test remote::source_fetch_and_catalog_tests::toc_book_identity_survives_redirects_and_empty_first_pages ... ok
test remote::source_fetch_and_catalog_tests::toc_classifies_non_json_response_without_changing_search_policy ... ok
test remote::source_fetch_and_catalog_tests::toc_completion_rejects_a_response_after_the_source_is_deleted ... ok
test remote::source_fetch_and_catalog_tests::toc_completion_still_parses_when_the_source_is_unchanged ... ok
test remote::source_fetch_and_catalog_tests::webdav_product_relative_href_rejects_encoded_path_traversal ... ok
test remote::source_fetch_and_catalog_tests::webdav_product_response_size_is_checked_before_bridge_copy ... ok
test remote::source_fetch_and_catalog_tests::toc_empty_volume_only_and_rule_errors_preserve_previous_directory_and_progress ... ok
test remote::source_fetch_and_catalog_tests::toc_next_page_completion_rejects_a_drifted_source ... ok
test remote::remote_content_positions::tests::remote_cache_clear_retains_position_facts_and_restores_only_identical_body ... ok
test remote::source_fetch_and_catalog_tests::toc_http_failure_keeps_safe_response_summary_and_old_cache ... ok
test remote::source_fetch_and_catalog_tests::toc_book_url_matches_base_url_positive_control ... ok
test remote::source_fetch_and_catalog_tests::toc_pagination_cycle_and_limit_never_publish_partial_directory ... ok
test remote::source_fetch_and_catalog_tests::toc_page_continuation_keeps_allowed_variables_and_canonical_book_facts ... ok
test remote::source_fetch_and_catalog_tests::webdav_shutdown_clear_releases_completed_start_rows ... ok
test remote::source_fetch_and_catalog_tests::webdav_stale_completion_cannot_remove_a_newer_revision ... ok
test remote::source_fetch_and_catalog_tests::webdav_stale_continuation_cannot_resurrect_cancelled_transaction ... ok
test remote::source_fetch_and_catalog_tests::webdav_start_cancellation_between_precheck_and_insert_drops_row ... ok
test remote::source_fetch_and_catalog_tests::webdav_transaction_survives_reused_request_id_cancellation ... ok
test remote::source_webview_plan_tests::chapter_redirect_final_url_survives_the_canonical_cache_for_relative_images ... ok
test remote::source_webview_plan_tests::content_rule_web_js_is_the_fallback_only_for_webview_content_fetches ... ok
test remote::source_webview_plan_tests::content_resource_matching_is_not_a_text_replacement_or_timeline_guess ... ok
test remote::source_webview_plan_tests::get_webview_rule_becomes_typed_navigation_with_headers_and_profile ... ok
test remote::source_webview_plan_tests::post_http_then_webview_completion_reuses_the_normal_search_parser ... ok
test remote::source_webview_plan_tests::post_webview_rule_preserves_http_then_html_sequence ... ok
test remote::tests::http_host_result_is_consumed_without_echoing_large_bodies_in_errors ... ok
test remote::tests::book_cache_clear_reports_toc_without_counting_retained_catalog ... ok
test remote::tests::parse_source_headers_empty_string_returns_empty_map ... ok
test remote::tests::parse_source_headers_handles_double_quoted_json_string ... ok
test remote::tests::parse_source_headers_handles_single_quoted_json_string ... ok
test remote::tests::parse_source_headers_object_form_passes_through ... ok
test remote::tests::persistence_mutator_classifier_covers_pipeline_cache_writers ... ok
test remote::source_webview_plan_tests::remote_reading_search_replace_and_tts_share_one_document_scalar_space ... ok
test remote::tests::bookmark_time_clock_rollback_and_invalid_clock_preserve_keys ... ok
test remote::tests::cache_clear_preserves_bookshelf_catalog_product_state ... ok
test remote::tests::cache_status_can_project_toc_without_chapter_or_global_state_scans ... ok
test remote::webdav_legacy_theme_tests::legacy_theme_migration_preserves_strict_public_dto_and_exact_historical_ids ... ok
test remote::webdav_legacy_theme_tests::legacy_theme_unknown_id_uses_explicit_observations_without_name_guessing ... ok
test remote::tests::cache_status_restores_cold_start_rule_variables ... ok
test remote::tests::catalog_refresh_remaps_progress_and_projects_unread_chapters ... ok
test remote::tests::remote_finish_decides_before_reused_request_generation_can_clear_tombstone ... ok
test remote::tests::online_chapter_processing_reuses_legado_leading_title_deduplication ... ok
test remote::tests::replace_persist_rejects_create_existing_noop_update_and_delete_missing ... ok
test remote::tests::replace_undo_consumption_and_generation_survive_value_aba ... ok
test remote::webdav_restore_receipt_regressions::final_apply_rebases_live_progress_and_receipt_retry_never_replays_it ... ok
test remote::webdav_restore_receipt_regressions::operation_identity_uses_cross_restart_entropy_and_query_has_strict_bounds ... ok
test runtime::tests::book_detail_merges_metadata ... ok
test runtime::tests::book_search_fetches_response_through_host_http ... ok
test runtime::tests::book_detail_returns_legado_toc_url_when_v1_detail_rules_exist ... ok
test runtime::tests::book_search_requires_response_or_host_request ... ok
test runtime::tests::book_search_returns_books ... ok
test runtime::tests::book_toc_returns_entries_and_caches ... ok
test runtime::tests::cancellation_and_worker_finish_linearize_without_stale_marker ... ok
test runtime::tests::cancelling_pending_host_request_emits_cancelled ... ok
test runtime::tests::cancelling_pending_transition_detaches_new_operation_and_suppresses_old_finish ... ok
test runtime::tests::cancel_unknown_and_completed_requests_is_idempotent ... ok
test runtime::tests::caught_js_host_failure_does_not_replace_later_success_or_unrelated_error ... ok
test runtime::tests::change_book_source_iterates_multiple_sources ... ok
test runtime::tests::change_book_source_keyword_param_overrides_book_title ... ok
test runtime::tests::change_book_source_rejects_empty_source_ids ... ok
test runtime::tests::change_book_source_rejects_missing_keyword_and_book ... ok
test runtime::tests::change_book_source_returns_candidates_via_host_http ... ok
test runtime::tests::change_cover_deduplicates_cover_urls_across_sources ... ok
test runtime::tests::change_cover_rejects_empty_source_ids ... ok
test runtime::tests::change_cover_rejects_missing_book ... ok
test runtime::tests::change_cover_returns_cover_urls_via_host_http ... ok
test runtime::tests::chapter_content_extracts_body ... ok
test runtime::tests::chapter_content_projects_body_images_and_preserves_projection_on_cache_hit ... ok
test runtime::tests::core_info_advertises_v1_capabilities ... ok
test runtime::tests::configured_runtime_persists_directly_to_sqlite_without_host_snapshot_put ... ok
test runtime::tests::duplicate_active_request_id_is_rejected_before_enqueue ... ok
test runtime::tests::empty_book_toc_preserves_last_non_empty_cache ... ok
test runtime::tests::host_operation_registration_rejects_inactive_or_cancelled_request ... ok
test runtime::tests::host_completion_claim_wins_cancel_and_suppresses_late_finish ... ok
test runtime::tests::host_error_attaches_typed_diagnostics_to_original_request ... ok
test runtime::tests::host_error_routes_error_to_original_request ... ok
test runtime::tests::host_operation_publication_lease_survives_reentrant_cancellation ... ok
test remote::source_fetch_and_catalog_tests::transient_http_status_is_checked_before_search_detail_or_body_rules ... ok
test runtime::tests::host_request_event_shape_and_completion_route_to_original_request ... ok
test runtime::tests::host_smoke_fail_closed_when_capability_not_advertised ... ok
test runtime::tests::host_completion_rejects_zero_operation_id ... ok
test runtime::tests::host_smoke_optimistic_when_no_manifest ... ok
test runtime::tests::host_smoke_succeeds_for_advertised_capability_after_manifest ... ok
test runtime::tests::idle_source_workers_take_requests_while_another_worker_is_blocked ... ok
test runtime::tests::js_host_environment_failure_survives_a_source_catch_and_generic_url_error ... ok
test runtime::tests::latency_lane_excludes_callback_capable_source_commands ... ok
test runtime::tests::idle_runtime_reaps_expired_webdav_transaction_without_followup_command ... ok
test runtime::tests::js_host_error_keeps_typed_diagnostics_in_final_search_failure ... ok
test runtime::tests::js_rule_success_path_returns_value ... ok
test runtime::tests::js_rule_unsupported_is_structured_not_fake_network ... ok
test runtime::tests::late_unknown_host_completion_after_shutdown_is_suppressed ... ok
test runtime::tests::local_book_catalog_rejects_entry_not_object ... ok
test runtime::tests::local_book_catalog_upserts_entry ... ok
test runtime::tests::host_smoke_rejects_malformed_capability_names ... ok
test runtime::tests::local_book_import_materializes_toc_and_chapter_content ... ok
test runtime::tests::local_book_parse_dispatches_pdf_bytes_base64 ... ok
test runtime::tests::local_book_parse_dispatches_epub_bytes_base64 ... ok
test runtime::tests::legacy_local_book_import_consumes_large_compensation_journal ... ok
test runtime::tests::local_book_parse_falls_back_to_auto_when_no_txt_toc_rule_matches ... ok
test runtime::tests::local_book_parse_rejects_blank_text ... ok
test runtime::tests::local_book_parse_rejects_missing_text_and_bytes ... ok
test runtime::tests::local_book_parse_rejects_malformed_bytes_base64 ... ok
test runtime::tests::local_book_parse_returns_book ... ok
test runtime::tests::local_book_parse_uses_stored_txt_toc_rule_for_chapter_splitting ... ok
test runtime::tests::local_book_toc_rejects_book_without_import_materialization ... ok
test runtime::tests::local_book_raw_utf16_bytes_apply_txt_toc_rules_and_materialize ... ok
test runtime::tests::local_epub_import_projects_body_image_locator_through_chapter_read ... ok
test runtime::tests::manga_pages_extract_extracts_img_src_from_html_via_source_rule ... ok
test runtime::tests::manga_pages_extract_parses_json_array_response ... ok
test runtime::tests::local_book_parse_rejects_oversized_legacy_inputs_before_parser ... ok
test runtime::tests::manga_pages_extract_parses_newline_separated_urls ... ok
test runtime::tests::manga_pages_extract_parses_single_image_url ... ok
test runtime::tests::media_download_host_smoke_emits_host_request_when_advertised ... ok
test runtime::tests::media_download_host_smoke_fail_closed_when_not_advertised ... ok
test runtime::tests::manga_pages_extract_passes_rule_variables_and_chapter_url_context ... ok
test runtime::tests::media_download_host_smoke_round_trip_with_host_complete ... ok
test runtime::tests::ordinary_host_error_preserves_environment_category_before_remote_continuation ... ok
test runtime::tests::parses_runtime_config_boundary ... ok
test runtime::tests::ping_round_trips ... ok
test runtime::tests::no_param_control_methods_reject_unknown_params ... ok
test runtime::tests::pending_host_request_budget_expires_and_releases_operation ... ok
test runtime::tests::reader_location_resolve_returns_canonical_location_without_storage_write ... ok
test runtime::tests::reading_progress_writes_and_reads_back ... ok
test runtime::tests::remote_host_http_completion_rejects_invalid_headers_shape ... ok
test runtime::tests::remote_host_http_completion_rejects_invalid_status ... ok
test runtime::tests::remote_host_http_completion_requires_body_string ... ok
test runtime::tests::nontransient_http_reject_keeps_original_66_required_endpoint_typed ... ok
test runtime::tests::repeated_host_completion_after_operation_completed_is_rejected ... ok
test runtime::tests::replace_persist_registration_failure_restores_exact_before_image ... ok
test runtime::tests::rss_persistence_transaction_selector_covers_canonical_and_reader_ui_mutators ... ok
test runtime::tests::replace_persistence_failures_restore_persist_and_undo_before_images ... ok
test runtime::tests::rss_parse_decodes_feed ... ok
test runtime::tests::rss_parse_rejects_blank_xml ... ok
test runtime::tests::rss_refresh_rejects_blank_subscription_id ... ok
test runtime::tests::rss_refresh_returns_forced_decision ... ok
test runtime::tests::runtime_cancel_command_cancels_pending_host_request ... ok
test runtime::tests::runtime_cancel_command_for_unknown_id_returns_false ... ok
test runtime::tests::runtime_cancel_command_rejects_invalid_params ... ok
test runtime::tests::runtime_cancel_command_rejects_self_cancel ... ok
test runtime::tests::runtime_set_host_capabilities_command_applies_manifest_and_fail_closes ... ok
test runtime::tests::replace_tokens_keep_active_and_consumed_state_across_runtime_host_restore ... ok
test runtime::tests::runtime_set_host_capabilities_rejects_unknown_params ... ok
test runtime::tests::runtime_status_hides_internal_completing_tombstone ... ok
test runtime::tests::runtime_shutdown_cancels_pending_host_request ... ok
test runtime::tests::runtime_shutdown_preserves_completing_host_claim_until_finish ... ok
test runtime::tests::runtime_shutdown_rejects_unknown_params_without_shutting_down ... ok
test runtime::tests::runtime_status_rejects_unknown_params ... ok
test runtime::tests::runtime_shutdown_stops_future_commands ... ok
test runtime::tests::runtime_status_reports_empty_runtime_without_counting_itself ... ok
test runtime::tests::runtime_status_reports_pending_host_operation_without_payload ... ok
test runtime::tests::runtime_storage_apply_cancel_and_shutdown_roll_back_tentative_state ... ok
test runtime::tests::runtime_storage_restore_rejects_corrupt_snapshot_without_enabling_writes ... ok
test runtime::tests::runtime_storage_apply_rejects_corrupt_payload_and_rolls_back_host_cas_failure ... ok
test runtime::tests::runtime_storage_export_apply_round_trip_restores_source_local_book_and_progress ... ok
test runtime::tests::runtime_storage_restore_write_through_and_local_book_survive_new_runtime ... ok
test runtime::tests::shutdown_claimed_remote_completion_rolls_back_and_finishes_cancelled ... ok
test runtime::tests::shutdown_pending_continuation_finishes_cancelled_without_host_request ... ok
test runtime::tests::shutdown_suppression_is_armed_before_reentrant_terminal_publish ... ok
test runtime::tests::source_import_derives_name_from_book_source_book_source_name ... ok
test runtime::tests::source_import_rejects_empty_name ... ok
test runtime::tests::source_import_rejects_missing_name_and_book_source_name ... ok
test runtime::tests::source_import_succeeds_and_stores ... ok
test runtime::tests::source_reading_prewarm_cancel_releases_actual_js_wait_for_content ... ok
test runtime::tests::source_search_pool_continues_while_reading_worker_is_blocked ... ok
test runtime::tests::protocol_version_rejected_before_enqueue ... ok
test runtime::tests::stale_host_completion_claim_restores_inactive_pending_operation ... ok
test runtime::tests::sync_backup_rejects_package_not_object ... ok
test runtime::tests::nontransient_http_reject_cause_survives_only_its_required_js_result ... ok
test runtime::tests::source_search_waits_preserve_reading_dispatch_and_host_completion ... ok
test runtime::tests::sync_backup_returns_plan ... ok
test runtime::tests::sync_merge_rejects_local_not_object ... ok
test runtime::tests::sync_merge_returns_merged_snapshot ... ok
test runtime::tests::source_search_wait_shutdown_releases_running_and_queued_work ... ok
test runtime::tests::transient_66_http_failure_keeps_required_endpoint_admission_typed ... ok
test runtime::tests::transient_ordinary_http_failure_preserves_per_source_evidence ... ok
test runtime::tests::unknown_host_completion_returns_error_for_completion_request ... ok
test runtime::tests::unknown_method_still_errors_after_remote_dispatch ... ok
test runtime::tests::unknown_method_yields_error ... ok
test runtime::tests::webview_host_completion_rejects_invalid_result_shape ... ok
test tts::tests::chapter_transition_for_echoes_drain_behavior ... ok
test tts::tests::chapter_transition_for_echoes_next_chapter_when_provided ... ok
test tts::tests::chapter_transition_for_returns_no_next_when_no_toc ... ok
test tts::tests::completed_queue_can_transition_to_stopped_then_stop_again ... ok
test tts::tests::dispatch_tts_chapter_plan_echoes_next_chapter_when_provided ... ok
test tts::tests::dispatch_tts_chapter_plan_rejects_unknown_field ... ok
test tts::tests::dispatch_tts_chapter_plan_returns_result_event_with_no_next ... ok
test tts::tests::dispatch_tts_queue_control_round_trip_play_pause_resume_stop ... ok
test tts::tests::dispatch_tts_queue_invalid_transition_returns_error_event ... ok
test tts::tests::dispatch_tts_queue_next_and_prev_advance_and_retreat_cursor ... ok
test tts::tests::dispatch_tts_queue_play_rejects_unknown_field ... ok
test tts::tests::dispatch_tts_queue_play_returns_result_event_with_snapshot ... ok
test tts::tests::dispatch_tts_queue_report_status_returns_result_event_with_snapshot ... ok
test tts::tests::dispatch_tts_queue_seek_rejects_unknown_field ... ok
test tts::tests::dispatch_tts_queue_seek_returns_result_event_with_snapshot ... ok
test tts::tests::dispatch_tts_queue_set_rate_returns_result_event_with_rate ... ok
test tts::tests::dispatch_tts_queue_skip_returns_result_event_with_snapshot ... ok
test tts::tests::dispatch_tts_queue_status_rejects_unknown_field ... ok
test tts::tests::dispatch_tts_queue_status_returns_result_event_with_idle_snapshot ... ok
test tts::tests::dispatch_tts_slice_default_strategy_is_paragraph ... ok
test tts::tests::dispatch_tts_slice_rejects_empty_content_with_invalid_params ... ok
test tts::tests::dispatch_tts_slice_rejects_unknown_field_with_invalid_params ... ok
test tts::tests::dispatch_tts_slice_returns_result_event_with_plan ... ok
test tts::tests::dispatch_tts_unknown_method_returns_not_handled ... ok
test tts::tests::next_advances_cursor_and_marks_previous_slice_done ... ok
test tts::tests::next_at_last_slice_enters_completed ... ok
test tts::tests::next_rejects_when_not_playing_or_paused ... ok
test tts::tests::paragraph_slice_keeps_exact_multiline_document_range_and_skips_images ... ok
test tts::tests::pause_rejects_when_not_playing ... ok
test tts::tests::pause_resume_stop_happy_path_transitions ... ok
test tts::tests::play_can_restart_from_stopped_or_completed ... ok
test tts::tests::play_loads_plan_and_starts_at_slice_zero ... ok
test tts::tests::play_rejects_empty_plan ... ok
test tts::tests::play_rejects_out_of_range_start_slice_index ... ok
test tts::tests::play_rejects_when_queue_already_active ... ok
test tts::tests::play_with_start_slice_index_marks_given_slice_speaking ... ok
test tts::tests::prev_at_first_slice_errors ... ok
test tts::tests::prev_rejects_when_not_playing_or_paused ... ok
test tts::tests::prev_retreats_cursor_and_marks_current_pending ... ok
test tts::tests::queue_snapshot_for_returns_idle_for_any_chapter ... ok
test tts::tests::report_callback_done_advances_once_and_duplicate_is_a_noop ... ok
test tts::tests::report_callback_failure_policy_and_limit_are_core_owned ... ok
test tts::tests::report_status_accepts_failed_status ... ok
test tts::tests::report_status_rejects_out_of_range_slice_index ... ok
test tts::tests::report_status_rejects_pending_status ... ok
test tts::tests::report_status_rejects_skipped_status ... ok
test tts::tests::report_status_updates_slice_status_without_advancing_cursor ... ok
test tts::tests::resume_rejects_when_not_paused ... ok
test tts::tests::seek_jumps_cursor_and_marks_current_skipped ... ok
test tts::tests::seek_rejects_out_of_range_slice_index ... ok
test tts::tests::seek_rejects_when_not_playing_or_paused ... ok
test tts::tests::seek_to_current_slice_is_noop ... ok
test tts::tests::seek_works_from_paused_state ... ok
test tts::tests::set_rate_rejects_when_no_queue_loaded ... ok
test tts::tests::set_rate_updates_runtime_rate ... ok
test tts::tests::set_rate_works_from_paused_state ... ok
test tts::tests::skip_at_last_slice_enters_completed ... ok
test tts::tests::skip_marks_current_skipped_and_advances_cursor ... ok
test tts::tests::skip_rejects_when_not_playing_or_paused ... ok
test tts::tests::skip_then_next_distinguishes_skip_from_done ... ok
test tts::tests::slice_chapter_assigns_paragraph_index_for_line_break_strategy ... ok
test tts::tests::slice_chapter_empty_content_yields_empty_slices ... ok
test tts::tests::slice_chapter_line_break_splits_on_newline_dropping_blanks ... ok
test tts::tests::slice_chapter_paragraph_splits_on_blank_lines ... ok
test tts::tests::slice_chapter_paragraph_then_sentence_hybrid ... ok
test tts::tests::slice_chapter_sentence_splits_on_terminal_punctuation ... ok
test tts::tests::slice_chapter_sets_char_ranges_as_unicode_scalar_offsets ... ok
test tts::tests::slice_chapter_skips_body_image_objects_without_shifting_offsets ... ok
test tts::tests::stop_is_idempotent_after_reaching_stopped ... ok
test tts::tests::stop_rejects_when_no_queue_is_loaded ... ok
test tts::tests::tts_queue_status_reflects_state_after_next_advance ... ok
test tts::tests::tts_queue_status_returns_real_snapshot_after_play ... ok
test webdav_bridge::tests::bridge_empty_path_returns_base_url ... ok
test webdav_bridge::tests::bridge_injects_authorization_header_when_auth_provided ... ok
test webdav_bridge::tests::bridge_method_to_http_verb_covers_all_variants ... ok
test webdav_bridge::tests::bridge_mkcol_has_no_body_no_depth ... ok
test webdav_bridge::tests::bridge_propfind_injects_depth_header ... ok
test webdav_bridge::tests::bridge_put_binary_body_returns_typed_error ... ok
test webdav_bridge::tests::bridge_put_utf8_body_uses_plain_string ... ok
test webdav_bridge::tests::bridge_rejects_absolute_path_override ... ok
test webdav_bridge::tests::bridge_rejects_cleartext_or_credential_bearing_base_url ... ok
test webdav_bridge::tests::bridge_rejects_empty_base_url ... ok
test webdav_bridge::tests::bridge_repeated_headers_merge_with_comma ... ok
test webdav_bridge::tests::bridge_response_decodes_base64_body_when_present ... ok
test webdav_bridge::tests::bridge_response_decodes_utf8_body_to_bytes ... ok
test webdav_bridge::tests::bridge_response_rejects_malformed_base64 ... ok
test webdav_bridge::tests::bridge_response_rejects_missing_status ... ok
test webdav_bridge::tests::bridge_response_rejects_status_out_of_range ... ok
test webdav_bridge::tests::bridge_round_trip_propfind_descriptor_survives_host_transport ... ok
test webdav_bridge::tests::bridge_skips_blank_authorization_header ... ok
test webdav_bridge::tests::bridge_status_check_empty_accepted_allows_any_status ... ok
test webdav_bridge::tests::bridge_status_check_match_returns_ok ... ok
test webdav_bridge::tests::bridge_status_check_mismatch_returns_err ... ok
test webdav_bridge::tests::bridge_url_join_handles_missing_trailing_slash ... ok
test webdav_bridge::tests::bridge_url_join_strips_duplicate_slash ... ok
test webdav_bridge::tests::decode_base64_handles_padding_variants ... ok
test webdav_bridge::tests::decode_base64_rejects_non_alphabet_chars ... ok
test webdav_bridge::tests::decode_base64_rejects_wrong_length ... ok
test runtime::tests::webview_host_request_shape_and_completion_are_typed ... ok
test runtime::tests::transient_http_status_evidence_does_not_override_success_or_independent_throw ... ok
test runtime::tests::transient_js_http_evidence_only_explains_its_failed_required_result ... ok
test runtime::tests::send_json_malformed_command_returns_structured_error ... ok
test runtime::tests::send_json_missing_request_id_returns_structured_error ... ok
test runtime::tests::send_json_rejects_invalid_command_envelope_before_enqueue ... ok
test runtime::tests::create_destroy_1000_times_no_leak_or_crash ... ok
test remote::webdav_legacy_theme_tests::authenticated_legacy_theme_backup_crosses_actual_decrypt_manifest_and_typed_boundary ... ok
test aes_backup::tests::product_backup_is_randomized_authenticated_and_round_trips ... ok

test result: ok. 432 passed; 0 failed; 0 ignored; 0 measured; 0 filtered out; finished in 28.23s

     Running tests/runtime_integration.rs (target/debug/deps/runtime_integration-fb80445612078c8f)

running 642 tests
test auto_build_other::book_toc_auto_build_resolves_relative_toc_url ... ok
test auto_build_other::book_detail_auto_build_resolves_relative_book_url ... ok
test auto_build_other::book_toc_auto_builds_get_request_from_toc_url ... ok
test auto_build_other::book_detail_auto_build_continuation_carries_book_url ... ok
test auto_build_other::book_detail_auto_build_merges_source_header ... ok
test auto_build_other::book_detail_auto_builds_post_request_from_book_url_dsl ... ok
test auto_build_other::book_detail_auto_builds_get_request_from_book_url ... ok
test auto_build_other::book_toc_auto_build_continuation_carries_toc_url ... ok
test auto_build_other::book_detail_does_not_auto_build_when_detail_response_present ... ok
test auto_build_other::book_toc_does_not_auto_build_when_toc_response_present ... ok
test auto_build_other::chapter_content_does_not_auto_build_when_chapter_response_present ... ok
test auto_build_other::chapter_content_auto_build_continuation_carries_chapter_url ... ok
test auto_build_other::chapter_content_auto_build_merges_source_header ... ok
test auto_build_other::chapter_content_auto_builds_get_request_from_chapter_url ... ok
test auto_build_other::chapter_content_auto_build_resolves_relative_chapter_url ... ok
test auto_build_other::chapter_content_js_rule_path_skips_auto_build ... ok
test auto_build_other::book_detail_uses_book_url_as_base_url_for_toc_template ... ok
test auto_build_other::chapter_content_prefetched_response_uses_chapter_url_as_js_base_url ... ok
test auto_build_other::chapter_content_prefetched_response_receives_detail_variables ... ok
test auto_build_search::book_search_auto_build_applies_source_headers_in_object_form ... ok
test auto_build_search::book_search_auto_build_applies_source_headers_in_string_form ... ok
test auto_build_search::book_search_auto_build_continuation_carries_keyword_and_page ... ok
test auto_build_search::book_search_auto_build_resolves_relative_search_url_against_base ... ok
test auto_build_search::book_search_auto_build_errors_when_source_has_no_search_url ... ok
test auto_build_search::book_search_auto_build_js_error_surfaces_as_finished ... ok
test auto_build_search::book_search_auto_build_keeps_original_url_when_dsl_js_option_returns_empty ... ok
test auto_build_search::book_search_auto_build_substitutes_source_book_source_url_canonical ... ok
test auto_build_search::book_search_auto_build_substitutes_source_key_placeholder ... ok
test auto_build_search::book_search_auto_build_substitutes_source_book_source_url_lowercase ... ok
test auto_build_search::book_search_auto_builds_from_at_js_expression_via_sandbox ... ok
test auto_build_search::book_search_auto_builds_from_dsl_js_option_via_sandbox ... ok
test b12_js_url_boundary::build_request_with_js_propagates_ctx_js_lib_to_url_js ... ok
test auto_build_search::book_search_auto_builds_post_request_with_body_and_charset ... ok
test auto_build_search::book_search_auto_builds_from_js_tag_expression_via_sandbox ... ok
test auto_build_search::book_search_auto_builds_get_request_from_search_url_template ... ok
test auto_build_search::book_search_does_not_auto_build_when_search_response_present ... ok
test auto_build_search::book_search_errors_when_no_keyword_no_request_no_response ... ok
test b12_js_url_boundary::end_to_end_at_js_url_calling_java_get_emits_host_request ... ok
test b12_js_url_boundary::host_request_carries_correct_capability_and_request_id ... ok
test b12_js_url_boundary::end_to_end_at_js_url_calling_java_post_emits_host_request ... ok
test b12_js_url_boundary::java_ajax_host_request_descriptor_fields ... ok
test b12_js_url_boundary::java_get_host_request_descriptor_fields ... ok
test b12_js_url_boundary::java_get_with_headers_passes_through ... ok
test b12_js_url_boundary::java_get_host_error_timeout_propagates_to_analyze_url ... ok
test b12_js_url_boundary::url_js_without_jslib_still_fails_on_undefined_function ... ok
test b12_js_url_boundary::url_js_evaluates_jslib_helper_function_from_context ... ok
test b12_js_url_boundary::java_post_host_request_descriptor_fields ... ok
test b12_js_url_boundary::js_dynamic_page_extracts_url_from_fetched_html ... ok
test auto_build_search::book_search_host_completion_uses_final_url_for_js_booklist_base_url ... ok
test auto_build_search::book_search_js_guard_invalid_url_soft_skips_with_empty_results ... ok
test auto_build_search::book_search_non_js_invalid_url_still_surfaces_as_error ... ok
test auto_build_search::book_search_prefers_explicit_search_request_over_auto_build ... ok
test book_group_commands::create_with_explicit_id_round_trips ... ok
test book_group_commands::create_without_id_assigns_monotonic_id ... ok
test book_chapter_review_commands::book_chapter_review_auto_builds_get_request_from_review_url ... ok
test book_chapter_review_commands::book_chapter_review_rejects_missing_response_and_url ... ok
test book_group_commands::delete_existing_group_returns_deleted_true ... ok
test book_group_commands::list_returns_groups_sorted_by_order_then_id ... ok
test book_highlight_commands::mutation_classification_persists_only_writes ... ok
test book_group_commands::delete_unknown_id_is_idempotent_returns_deleted_false ... ok
test book_group_commands::list_with_show_only_filters_hidden_groups ... ok
test book_chapter_review_commands::book_chapter_review_extracts_reviews_from_html_response ... ok
test book_group_commands::update_applies_partial_changes_and_returns_updated_group ... ok
test book_group_commands::update_unknown_id_returns_invalid_params_error ... ok
test book_highlight_commands::delete_is_idempotent_and_unknown_update_is_invalid ... ok
test bookmark_commands::automatic_time_exhaustion_returns_error_without_replacing_old_records ... ok
test book_highlight_commands::create_round_trips_all_observable_fields_and_assigns_monotonic_time ... ok
test book_highlight_commands::invalid_identity_range_and_unscoped_search_are_rejected ... ok
test book_highlight_commands::list_matches_global_and_book_scoped_ordering_and_search ... ok
test book_highlight_commands::update_is_partial_and_revalidates_the_complete_range ... ok
test bookmark_commands::automatic_time_storage_read_error_never_falls_back_to_an_existing_key ... ok
test bookmark_commands::create_with_explicit_time_round_trips ... ok
test bookmark_commands::concurrent_automatic_times_do_not_overwrite_existing_bookmarks ... ok
test bookmark_commands::create_without_time_assigns_monotonic_time ... ok
test bookmark_commands::delete_existing_bookmark_returns_deleted_true ... ok
test bookmark_commands::delete_unknown_time_is_idempotent_returns_deleted_false ... ok
test bookmark_commands::global_list_searches_book_chapter_text_and_note_case_insensitively ... ok
test bookmark_commands::global_list_supports_legado_book_location_order ... ok
test bookmark_commands::automatic_time_rejects_unsafe_generated_integer_without_changing_explicit_keys ... ok
test bookmark_commands::list_filtered_by_book_name_and_author ... ok
test bookmark_commands::list_rejects_partial_book_identity ... ok
test bookmark_commands::list_returns_all_bookmarks_sorted_by_time ... ok
test bookmark_commands::update_applies_partial_changes_and_returns_updated_bookmark ... ok
test bookmark_commands::update_unknown_time_returns_invalid_params_error ... ok
test bookshelf_book_update_commands::local_book_update_writes_through_the_local_metadata_cache ... ok
test bookshelf_book_update_commands::partial_update_preserves_shelf_state_and_updates_cached_metadata_and_highlights ... ok
test bookshelf_group_assign_commands::group_assign_preserves_metadata_and_explicit_clear ... ok
test bookshelf_book_update_commands::update_rejects_empty_missing_or_invalid_title_and_supports_author_clear ... ok
test bookshelf_group_assign_commands::group_assign_rejects_missing_required_group ... ok
test bookshelf_remove_batch_commands::remove_batch_is_persistence_mutator_not_a_client_side_sequence ... ok
test bookshelf_group_assign_commands::group_assign_requires_existing_composite_key_and_isolates_sources ... ok
test bookshelf_list_commands::shelf_keeps_books_with_legacy_envelope_and_damaged_toc_caches ... ok
test bookshelf_list_commands::shelf_source_name_never_exposes_source_identity_or_url ... ok
test bookshelf_remove_batch_commands::remove_batch_is_exact_atomic_and_returns_ordered_idempotent_receipt ... ok
test bookshelf_list_commands::bookshelf_list_has_reading_progress_filter_is_true_false_or_absent ... ok
test bookshelf_list_commands::toc_then_shelf_list_preserves_unread_book ... ok
test bookshelf_remove_batch_commands::remove_batch_rejects_malformed_payload_before_touching_any_selected_book ... ok
test bookshelf_group_assign_commands::group_assign_survives_storage_snapshot_restore_and_is_write_through_mutator ... ok
test bookshelf_list_commands::shelf_source_name_survives_cold_sqlite_without_new_shelf_fields_and_tracks_rename_delete ... ok
test cache_commands::clear_book_is_source_scoped_and_cache_mutation_classification_is_exact ... ok
test bookshelf_group_assign_commands::group_assign_write_through_payload_rehydrates_a_new_runtime ... ok
test cache_commands::initial_checkpoint_host_error_rolls_prefetch_back_before_any_http ... ok
test cache_commands::cache_and_all_clear_preserve_imported_local_reading_and_rollback ... ok
test cache_commands::final_persistence_host_error_rolls_back_completed_body_and_queue ... ok
test cache_commands::invalid_final_persistence_completion_rolls_back_completed_body_and_queue ... ok
test cache_commands::invalid_initial_checkpoint_completion_rolls_prefetch_back_to_its_before_image ... ok
test cache_commands::malformed_host_results_retry_exact_task_then_leave_terminal_failure ... ok
test cache_commands::persistent_runtime_checkpoints_queue_before_first_http_and_flushes_final_body ... ok
test cache_commands::status_reports_per_chapter_queue_states_and_global_cache_stats ... ok
test cache_commands::storage_full_report_keeps_body_failed_and_retries_without_http ... ok
test cache_commands::cancellation_and_capability_rejection_leave_no_prefetch_mutation ... ok
test cache_commands::runtime_host_error_retries_the_same_chapter_then_can_succeed ... ok
test cancel_caught_js::audit_caught_callback_cancellation_must_stop_js ... ok
test change_book_source_commands::dispatch_and_host_completion_return_change_candidates ... ok
test change_book_source_commands::empty_source_ids_return_invalid_params ... ok
test cache_commands::publishing_host_completion_finishes_once_and_cancellation_still_wins_before_claim ... ok
test change_book_source_commands::malformed_host_response_skips_only_the_failed_source ... ok
test change_book_source_commands::host_error_skips_only_the_failed_source_and_continues_the_batch ... ok
test cache_commands::prefetch_executes_cached_toc_range_serially_and_materializes_every_body ... ok
test change_book_source_commands::stored_title_lookup_uses_exact_current_source_identity ... ok
test change_cover_commands::dispatch_and_host_completion_return_deduped_cover_urls ... ok
test change_cover_commands::empty_source_ids_return_invalid_params ... ok
test chapter_content_audio::chapter_content_audio_m3u8_streaming_url_passes_through ... ok
test chapter_content_audio::chapter_content_audio_url_extracted_from_direct_href ... ok
test chapter_content_audio::chapter_content_audio_url_extracted_from_jp_jplayer_init_data ... ok
test chapter_content_audio::chapter_content_audio_url_extracted_from_og_audio_meta_tag ... ok
test chapter_content_audio::chapter_content_audio_url_with_query_params_preserved ... ok
test chapter_content_audio::chapter_content_audio_url_passes_through_verbatim_from_js_rule ... ok
test chapter_content_audio::chapter_content_js_base_url_injected_for_audio_source_derivation ... ok
test cancel_blocking_js_callback::runtime_shutdown_delivers_single_cancelled_terminal_and_suppresses_late_finish ... ok
test cancel_blocking_js_callback::runtime_cancel_unblocks_js_blocked_host_callback_promptly_without_second_terminal ... ok
test chinese_conversion_commands::default_get_is_none_and_put_updates_visible_local_content ... ok
test chinese_conversion_commands::put_rejects_unknown_modes ... ok
test concurrency::concurrent_runtime_ping_is_isolated ... ok
test concurrency::concurrent_source_import_storage_is_isolated ... ok
test concurrency::dropping_runtime_cancels_active_js_evaluation_before_join_timeout ... ok
test content_edit_commands::put_get_list_delete_round_trip ... ok
test chinese_conversion_commands::durable_runtime_reloads_mode_and_projects_existing_source_text ... ok
test content_edit_commands::chapter_content_ignores_dormant_content_edit_row ... ok
test concurrency::stress_8_concurrent_runtimes_create_ping_drop ... ok
test content_edit_commands::put_rejects_empty_book_id ... ok
test continuation_complete::book_detail_pending_continuation_is_book_detail_variant ... ok
test content_edit_commands::content_edit_rows_do_not_override_either_source ... ok
test continuation_complete::book_detail_pending_to_complete_parses_response ... ok
test continuation_complete::book_detail_pending_to_complete_propagates_http_diagnostics ... ok
test continuation_complete::book_toc_pending_continuation_is_book_toc_variant ... ok
test continuation_complete::book_toc_pending_to_complete_empty_page_returns_empty_array ... ok
test continuation_complete::book_toc_pending_to_complete_parses_single_page ... ok
test continuation_complete::chapter_content_pending_continuation_is_chapter_content_variant ... ok
test continuation_complete::chapter_content_pending_to_complete_extracts_html_with_image ... ok
test dict_rule_query::dict_rule_query_auto_builds_request_from_url_rule ... ok
test continuation_complete::chapter_content_pending_to_complete_parses_response ... ok
test dict_rule_query::dict_rule_query_continuation_parses_via_show_rule ... ok
test concurrency::drop_one_runtime_does_not_break_siblings ... ok
test dict_rule_query::dict_rule_query_continuation_returns_definition ... ok
test dict_rule_query::dict_rule_query_errors_when_rule_name_missing ... ok
test dict_rule_query::dict_rule_query_errors_when_rule_not_found ... ok
test dict_rule_query::dict_rule_query_errors_when_word_blank ... ok
test dict_rule_query::dict_rule_query_honors_pre_built_dict_request ... ok
test dict_rule_query::dict_rule_query_parses_definition_via_show_rule ... ok
test dict_rule_query::dict_rule_query_returns_raw_body_when_show_rule_blank ... ok
test getinfoitem_fallback::book_search_returns_single_book_when_response_is_detail_page ... ok
test getinfoitem_fallback::book_search_returns_zero_when_response_is_genuine_empty_search ... ok
test highlight_rule_commands::delete_is_idempotent_and_mutation_classification_is_exact ... ok
test highlight_rule_commands::import_merges_by_uuid_move_preserves_partition_order_and_replace_is_scoped ... ok
test highlight_rule_commands::invalid_rows_and_unknown_update_are_rejected ... ok
test highlight_rule_commands::list_supports_all_enabled_and_legado_book_scope_queries ... ok
test highlight_rule_commands::update_is_partial_supports_scope_clear_and_rejects_uuid_collision ... ok
test host_boundary_protocols::bookshelf_add_creates_new_entry ... ok
test host_boundary_protocols::book_search_redirect_descriptor_passes_through_and_final_url_resolves_relative_paths ... ok
test host_boundary_protocols::bookshelf_add_then_remove_then_add_works ... ok
test host_boundary_protocols::bookshelf_add_upserts_existing_entry ... ok
test highlight_rule_commands::create_round_trips_and_omitted_identity_assigns_id_uuid_and_order ... ok
test host_boundary_protocols::bookshelf_remove_deletes_existing_entry ... ok
test host_boundary_protocols::bookshelf_remove_is_idempotent_for_missing_entry ... ok
test host_boundary_protocols::source_debug_empty_key_routes_to_search_entry ... ok
test host_boundary_protocols::source_debug_empty_source_id_returns_invalid_params ... ok
test host_boundary_protocols::source_debug_key_prefix_routes_to_content_entry ... ok
test host_boundary_protocols::source_debug_key_prefix_routes_to_toc_entry ... ok
test host_boundary_protocols::source_debug_key_prefix_routes_to_explore_entry ... ok
test host_boundary_protocols::source_debug_returns_logs_and_done_state ... ok
test host_boundary_protocols::source_debug_unknown_source_returns_invalid_params ... ok
test host_boundary_protocols::source_delete_blank_source_id_returns_invalid_params_without_deleting_prefix ... ok
test host_boundary_protocols::source_delete_empty_source_ids_returns_invalid_params ... ok
test host_boundary_protocols::source_delete_is_idempotent_for_unknown_ids ... ok
test host_boundary_protocols::source_delete_mixed_known_unknown_and_duplicate_counts_only_removed ... ok
test host_boundary_protocols::source_delete_removes_existing_source ... ok
test host_boundary_protocols::source_image_request_accepts_absolute_url ... ok
test host_boundary_protocols::source_image_request_empty_url_returns_invalid_params ... ok
test host_boundary_protocols::source_image_request_resolves_relative_url_against_chapter_url ... ok
test host_boundary_protocols::source_image_request_returns_descriptor_with_source_headers ... ok
test host_boundary_protocols::source_image_request_unknown_source_returns_invalid_params ... ok
test host_boundary_protocols::source_list_empty_storage_returns_empty_array ... ok
test host_boundary_protocols::source_list_enabled_only_filters_disabled_sources ... ok
test host_boundary_protocols::source_list_preserves_book_source_payload ... ok
test host_boundary_protocols::source_list_returns_all_sources_in_storage ... ok
test http_tts_build_request_smoke::http_tts_build_request_aliyun_provider_fixture ... ok
test http_tts_build_request_smoke::http_tts_build_request_baidu_provider_fixture ... ok
test http_tts_build_request_smoke::http_tts_build_request_concurrent_rate_pass_through_matrix ... ok
test http_tts_build_request_smoke::http_tts_build_request_produces_descriptor_with_text_substituted ... ok
test http_tts_build_request_smoke::http_tts_build_request_profile_url_api_key_placeholder_stays_host_bound ... ok
test http_tts_build_request_smoke::http_tts_build_request_rejects_unknown_id ... ok
test http_tts_build_request_smoke::http_tts_build_request_rejects_empty_text ... ok
test http_tts_commands::delete_existing_returns_deleted_true_and_removes_row ... ok
test http_tts_build_request_smoke::http_tts_build_request_self_hosted_provider_fixture ... ok
test http_tts_commands::delete_unknown_id_is_idempotent_returns_deleted_false ... ok
test http_tts_commands::get_unknown_id_returns_tts_none ... ok
test http_tts_commands::list_returns_all_rows_sorted_by_id_asc ... ok
test http_tts_commands::put_and_get_round_trip_returns_stored_fields ... ok
test http_tts_commands::put_round_trips_optional_fields_as_none ... ok
test http_tts_commands::put_upserts_on_same_id ... ok
test http_tts_commands::put_with_empty_name_returns_invalid_params_error ... ok
test http_tts_commands::put_with_empty_url_returns_invalid_params_error ... ok
test local_book_catalog_commands::catalog_chapter_with_mismatched_book_id_returns_error ... ok
test local_book_catalog_commands::catalog_invalid_schema_version_returns_error ... ok
test local_book_catalog_commands::catalog_non_object_catalog_returns_invalid_params ... ok
test local_book_catalog_commands::catalog_non_object_entry_returns_invalid_params ... ok
test local_book_catalog_commands::catalog_resource_with_mismatched_book_id_returns_error ... ok
test local_book_catalog_commands::catalog_upsert_adds_chapters_and_resources ... ok
test local_book_catalog_commands::catalog_upsert_into_empty_snapshot_adds_entry ... ok
test local_book_catalog_commands::catalog_upsert_preserves_other_books_chapters_and_resources ... ok
test local_book_catalog_commands::catalog_upsert_removes_old_chapters_for_same_book_id ... ok
test local_book_catalog_commands::catalog_upsert_replaces_existing_entry_with_same_stable_book_id ... ok
test local_book_catalog_commands::catalog_upsert_removes_old_resources_for_same_book_id ... ok
test local_book_content_metrics::metrics_fail_closed_for_a_book_that_was_not_materialized ... ok
test local_book_content_metrics::metrics_match_exact_processed_chapter_bodies_and_cumulative_intervals ... ok
test manga_pages_extract_commands::dispatch_extracts_json_array_pages_without_host_download ... ok
test manga_pages_extract_commands::host_response_continuation_extracts_img_src_as_absolute_urls ... ok
test pagination::book_toc_no_pagination_when_no_next_toc_url ... ok
test pagination::book_toc_pagination_merges_three_pages_in_order ... ok
test pagination::book_toc_pagination_starts_when_next_toc_url_present ... ok
test pagination::book_toc_pagination_stops_on_cycle ... ok
test pagination::chapter_content_no_pagination_when_no_next_content_url ... ok
test pagination::chapter_content_pagination_starts_when_next_content_url_present ... ok
test pagination::chapter_content_pagination_concatenates_three_pages ... ok
test pagination::chapter_content_pagination_stops_on_cycle ... ok
test pagination::final_replacement_images_resolve_against_first_page_and_keep_existing_absolute_images ... ok
test pagination::merged_chapter_replacement_runs_once_and_keeps_first_analyzer_context ... ok
test playback_runtime_commands::runtime_reader_location_resolve_returns_typed_canonical_location_without_host_io ... ok
test read_record_commands::accumulate_adds_elapsed_time_atomically_and_rejects_non_positive_delta ... ok
test read_record_commands::accumulate_overflow_is_invalid_params_and_preserves_record ... ok
test playback_runtime_commands::runtime_tts_final_done_next_completed_stop_and_repeated_stop_are_deterministic ... ok
test read_record_commands::concurrent_accumulate_keeps_every_delta ... ok
test read_record_commands::create_round_trips_and_persists ... ok
test read_record_commands::create_upserts_on_composite_key ... ok
test read_record_commands::create_with_empty_book_name_returns_invalid_params_error ... ok
test read_record_commands::delete_by_book_removes_all_devices_then_clear_removes_remainder ... ok
test read_record_commands::delete_existing_record_returns_deleted_true ... ok
test read_record_commands::delete_unknown_composite_key_is_idempotent_returns_deleted_false ... ok
test read_record_commands::list_filtered_by_device_id ... ok
test read_record_commands::list_returns_all_records ... ok
test read_record_commands::summary_aggregates_devices_authors_total_search_and_sort_modes ... ok
test read_record_commands::update_applies_partial_changes_and_returns_updated_record ... ok
test read_record_commands::update_unknown_composite_key_returns_invalid_params_error ... ok
test reader_location_resolve_commands::reader_location_resolve_accepts_progress_boundary_one ... ok
test reader_location_resolve_commands::reader_location_resolve_accepts_progress_boundary_zero ... ok
test reader_location_resolve_commands::reader_location_resolve_does_not_write_storage ... ok
test reader_location_resolve_commands::reader_location_resolve_optional_chapter_title_round_trips ... ok
test reader_location_resolve_commands::reader_location_resolve_optional_source_id_round_trips ... ok
test pagination::final_replacement_failure_preserves_the_previous_cached_body_and_version ... ok
test reader_location_resolve_commands::reader_location_resolve_persists_via_progress_update ... ok
test reader_location_resolve_commands::reader_location_resolve_rejects_missing_anchor ... ok
test reader_location_resolve_commands::reader_location_resolve_rejects_missing_book_id ... ok
test reader_location_resolve_commands::reader_location_resolve_rejects_missing_layout ... ok
test reader_location_resolve_commands::reader_location_resolve_rejects_progress_out_of_range_high ... ok
test reader_location_resolve_commands::reader_location_resolve_rejects_progress_out_of_range_negative ... ok
test reader_location_resolve_commands::reader_location_resolve_rejects_unknown_field ... ok
test reader_location_resolve_commands::reader_location_resolve_returns_canonical_location_with_stable_revision ... ok
test reader_ui_import_commands::changed_local_chapters_preserve_existing_positions_and_bookmarks ... ok
test reader_ui_import_commands::each_kind_parse_persist_rollback_closes_and_replay_fails ... ok
test reader_ui_import_commands::epub_import_persist_returns_paragraph_boundaries_and_unicode_scalars_unchanged ... ok
test reader_ui_import_commands::incomplete_pdf_can_never_be_committed_as_a_readable_book ... ok
test reader_ui_import_commands::local_book_file_path_import_avoids_base64_and_verifies_content_identity ... ok
test reader_ui_import_commands::manual_metadata_edit_after_preview_rejects_stale_prepared_import ... ok
test reader_ui_import_commands::epub_import_uses_shared_metadata_for_embedded_titles_and_filename_fallback ... ok
test reader_ui_import_commands::local_book_finalize_consumes_large_journal_without_changing_committed_book ... ok
test reader_ui_import_commands::local_book_large_rollback_uses_core_reference_and_restores_all_content ... ok
test reader_ui_import_commands::migration_updates_shelf_catalog_before_host_confirmation_and_restores_it_on_rollback ... ok
test reader_ui_import_commands::manual_local_metadata_survives_reimport_restart_and_rollback_including_clears ... ok
test reader_ui_import_commands::parse_is_pure_for_all_three_kinds_and_normalizes_previews ... ok
test reader_ui_import_commands::migration_rollback_cannot_overwrite_reading_or_bookmark_edits_after_commit ... ok
test reader_ui_import_commands::persist_rechecks_the_latest_position_after_preview ... ok
test reader_ui_import_commands::preview_upgrade_maps_highlight_start_and_end_in_one_transaction ... ok
test reader_ui_import_commands::preview_upgrade_maps_scalar_positions_and_metadata_and_rolls_back_atomically ... ok
test reader_ui_replace_commands::only_replace_persist_is_classified_as_storage_mutation ... ok
test reader_ui_import_commands::stale_rollback_cross_kind_and_malformed_nested_payloads_fail_closed ... ok
test reader_ui_import_commands::replacement_rollback_restores_exact_preexisting_state_for_every_kind ... ok
test reader_ui_replace_commands::apply_uses_stored_enabled_rules_and_honors_chapter_title_targets ... ok
test reader_ui_import_commands::local_book_json_transport_rejects_unbounded_text_before_parsing ... ok
test reader_ui_replace_commands::persist_accepts_source_only_rule_and_undo_preserves_source_target ... ok
test reader_ui_replace_commands::persist_composes_canonical_create_update_delete_crud ... ok
test pagination::chapter_pagination_consumes_the_limit_page_and_rejects_incomplete_content ... ok
test reader_ui_replace_commands::persist_create_returns_versioned_token_and_undo_is_single_use ... ok
test pagination::toc_pagination_consumes_all_fetched_responses_and_rejects_truncation ... ok
test reader_ui_replace_commands::persist_rejects_invalid_rules_and_unknown_nested_fields ... ok
test reader_ui_rss_commands::all_reader_ui_rss_compatibility_commands_have_accurate_mutation_classification ... ok
test reader_ui_replace_commands::persist_update_and_delete_tokens_restore_exact_previous_state ... ok
test reader_ui_replace_commands::preview_rejects_unmaterialized_chapters_and_unbounded_excerpts ... ok
test reader_ui_replace_commands::preview_reads_raw_cached_chapter_and_applies_stored_rules_once ... ok
test reader_ui_rss_favorite_commands::favorite_commands_are_classified_as_durable_mutations ... ok
test reader_ui_replace_commands::reader_ui_replace_dtos_reject_missing_or_unknown_payload_fields ... ok
test reader_ui_replace_commands::validate_reports_blank_regex_and_unsupported_scope_without_silent_success ... ok
test reader_ui_rss_commands::persist_refresh_read_and_remove_reuse_the_canonical_rss_vertical ... ok
test reader_ui_rss_commands::reader_ui_rss_dtos_reject_missing_unknown_and_ambiguous_payloads ... ok
test reader_ui_rss_favorite_commands::favorite_commands_fail_closed_for_untrusted_or_unresolved_payloads ... ok
test reader_ui_rss_favorite_commands::canonical_favorite_list_sorts_filters_and_limits_without_live_subscription_lookup ... ok
test reader_ui_import_commands::preview_upgrade_refuses_repeated_anchors_missing_text_and_invalid_positions ... ok
test reader_ui_rss_favorite_commands::favorite_remove_is_idempotent_even_after_subscription_removal ... ok
test reader_ui_source_switch_commands::commit_and_rollback_restore_exact_shelf_progress_and_history_state ... ok
test reader_ui_source_switch_commands::crash_window_before_commit_leaves_no_pending_transaction ... ok
test reader_ui_rss_favorite_commands::favorite_persist_uses_core_cache_and_survives_snapshot_restore ... ok
test reader_ui_source_switch_commands::first_canonical_progress_atomically_finalizes_and_survives_recovery ... ok
test reader_ui_source_switch_commands::mutation_registry_includes_w3_but_unimplemented_w4_is_not_dispatched ... ok
test reader_ui_source_switch_commands::rollback_rejects_a_stale_token_without_overwriting_new_reader_progress ... ok
test reader_ui_source_switch_commands::crash_windows_after_commit_before_or_after_pagination_recover_exactly_once ... ok
test reading_progress_commands::get_rejects_missing_blank_or_unknown_params ... ok
test reading_progress_commands::get_returns_current_row_not_an_older_history_entry ... ok
test reading_progress_commands::get_returns_the_exact_persisted_canonical_row ... ok
test reading_progress_commands::get_without_source_id_uses_only_local_and_returns_explicit_empty_for_misses ... ok
test reading_progress_commands::same_chapter_page_updates_do_not_reparse_or_rewrite_the_cached_catalog ... ok
test reading_progress_commands::get_recovers_the_current_row_after_core_storage_snapshot_restore ... ok
test reading_progress_commands::update_atomically_resolves_and_persists_host_anchor ... ok
test reading_progress_commands::update_invalid_progress_returns_invalid_params_error ... ok
test reading_progress_commands::update_different_source_ids_coexist_independently ... ok
test reader_ui_source_switch_commands::commit_rejects_unknown_fields_empty_toc_negative_order_and_same_key ... ok
test reading_progress_commands::update_missing_book_id_returns_invalid_params_error ... ok
test reading_progress_commands::update_progress_boundaries_are_valid ... ok
test reading_progress_commands::update_rejects_unpaired_atomic_resolution_fields ... ok
test reading_progress_commands::update_same_composite_key_overwrites_previous_entry ... ok
test reading_progress_commands::update_unknown_field_returns_invalid_params_error ... ok
test reading_progress_commands::update_with_explicit_fields_round_trips ... ok
test reading_progress_commands::update_without_source_id_defaults_to_local ... ok
test reading_progress_commands::update_without_device_id_returns_null ... ok
test reading_progress_commands::update_without_updated_at_assigns_now ... ok
test replace_rule_commands::create_with_explicit_id_round_trips ... ok
test replace_rule_commands::create_without_id_assigns_monotonic_id ... ok
test replace_rule_commands::created_rule_round_trips_through_storage_and_matches_legado_shape ... ok
test replace_rule_commands::delete_existing_rule_returns_deleted_true ... ok
test replace_rule_commands::delete_unknown_id_is_idempotent_returns_deleted_false ... ok
test replace_rule_commands::list_returns_created_rules_sorted_by_order ... ok
test replace_rule_commands::list_with_enabled_only_filters_disabled_rules ... ok
test replace_rule_commands::update_applies_partial_changes_and_returns_updated_rule ... ok
test replace_rule_commands::update_unknown_id_returns_invalid_params_error ... ok
test rss_feed_parsing::rss_parse_decodes_real_atom_feed ... ok
test rss_feed_parsing::rss_parse_decodes_real_json_feed ... ok
test rss_feed_parsing::rss_parse_decodes_real_rss2_feed ... ok
test rss_feed_parsing::rss_parse_rejects_unsupported_format ... ok
test rss_list_item_read_commands::rss_item_read_idempotent_when_marking_unread_on_unread_article ... ok
test rss_list_item_read_commands::rss_item_read_marks_article_as_read_then_unread ... ok
test rss_list_item_read_commands::rss_item_read_rejects_empty_guid ... ok
test rss_list_item_read_commands::rss_item_read_remarks_read_state_persists_across_lists ... ok
test rss_list_item_read_commands::rss_item_read_shares_storage_with_rss_read_record_put ... ok
test rss_list_item_read_commands::rss_list_parses_feed_and_returns_items_with_read_state ... ok
test rss_list_item_read_commands::rss_list_rejects_empty_xml ... ok
test rss_list_item_read_commands::rss_list_unread_only_with_no_read_records_returns_all ... ok
test rss_list_item_read_commands::rss_list_with_limit_truncates_items_but_count_is_total ... ok
test rss_list_item_read_commands::rss_list_without_feed_url_still_parses ... ok
test rss_persistence_commands::invalid_rss_persistence_completion_restores_the_exact_snapshot ... ok
test reader_ui_import_commands::txt_filename_metadata_survives_preview_persist_and_shelf_projection ... ok
test rss_persistence_commands::reader_ui_read_and_favorite_failures_restore_the_refreshed_snapshot ... ok
test reader_ui_replace_commands::undo_rejects_invalid_ttl_corrupted_token_and_expired_token ... ok
test rss_persistence_commands::refresh_http_error_rolls_back_and_barrier_rejects_concurrent_writes ... ok
test rss_persistence_commands::refresh_put_failure_restores_subscription_cache_and_metadata_before_image ... ok
test rss_persistence_commands::rss_source_import_persist_and_rollback_failures_restore_exact_snapshots ... ok
test rss_persistence_commands::refresh_cancel_and_pending_put_shutdown_restore_the_before_image ... ok
test rss_read_record_commands::put_list_delete_round_trip_with_auto_increment_id ... ok
test rss_read_record_commands::put_rejects_empty_source_or_guid ... ok
test rss_persistence_commands::subscription_items_is_a_pure_projection_and_never_requests_persistence ... ok
test rss_real_source_smoke::rss_refresh_smoke_returns_decision_without_network ... ok
test rss_persistence_commands::rss_registration_failures_restore_local_and_pre_http_mutations ... ok
test rss_persistence_commands::canonical_local_rss_mutators_restore_the_exact_snapshot_on_put_failure ... ok
test rss_subscription_commands::add_rejects_blank_feed_url ... ok
test rss_source_commands::raw_legado_array_import_generates_stable_core_identity ... ok
test rss_subscription_commands::add_rejects_blank_subscription_id ... ok
test rss_subscription_commands::add_returns_subscription_with_defaults ... ok
test rss_subscription_commands::add_reuses_import_url_validation_and_normalizes_outer_whitespace ... ok
test rss_subscription_commands::add_upsert_overwrites_existing_subscription ... ok
test rss_subscription_commands::add_with_explicit_fields_preserves_them ... ok
test rss_source_commands::full_sources_sort_refresh_and_round_trip_bundle ... ok
test rss_subscription_commands::delete_clears_scoped_read_records_without_touching_other_subscriptions ... ok
test rss_subscription_commands::delete_is_idempotent_returns_false_when_missing ... ok
test rss_subscription_commands::delete_removes_subscription_and_returns_true ... ok
test rss_subscription_commands::full_crud_round_trip ... ok
test rss_subscription_commands::list_empty_returns_empty_array ... ok
test rss_subscription_commands::list_returns_all_subscriptions_sorted_by_title_then_id ... ok
test rss_subscription_commands::rename_and_toggle_preserve_read_records_but_feed_retarget_clears_them ... ok
test rss_subscription_commands::same_id_rebuild_clears_only_that_subscriptions_read_records ... ok
test rss_subscription_commands::update_merges_partial_fields ... ok
test rss_subscription_commands::update_preserves_core_managed_fields ... ok
test rss_subscription_commands::update_rejects_blank_subscription_id ... ok
test rss_subscription_commands::update_rejects_unknown_subscription_id ... ok
test rss_subscription_create_commands::canonical_create_generates_identity_and_is_url_idempotent ... ok
test rss_subscription_create_commands::canonical_create_rejects_caller_identity_site_url_and_invalid_urls ... ok
test rss_subscription_create_commands::canonical_create_returns_stable_existing_legacy_duplicate ... ok
test rss_subscription_refresh_commands::delete_then_same_id_same_url_rebuild_rejects_the_old_response ... ok
test rss_subscription_refresh_commands::newer_same_url_refresh_supersedes_an_older_completion ... ok
test rss_subscription_refresh_commands::disabled_subscription_skips_host_and_not_modified_reuses_cached_entries ... ok
test rss_subscription_refresh_commands::rename_and_toggle_preserve_cached_articles ... ok
test rss_subscription_refresh_commands::retargeting_a_subscription_discards_cache_and_rejects_stale_host_completion ... ok
test rule_bundle_commands::bundle_export_and_import_restore_all_four_rule_families_atomically ... ok
test rule_bundle_commands::dict_crud_round_trips_core_owned_fields ... ok
test rule_sub_commands::delete_idempotent ... ok
test rule_sub_commands::get_returns_null_for_missing_id ... ok
test rule_sub_commands::list_sorted_by_id_asc ... ok
test rule_sub_commands::put_get_round_trip ... ok
test rule_sub_commands::put_rejects_unset_id_via_deserialize_failure ... ok
test rss_subscription_refresh_commands::stored_subscription_refreshes_through_host_and_scopes_shared_guids ... ok
test rule_sub_commands::put_upsert_overwrites_existing_id ... ok
test search_book_commands::acquisition_verdicts_reject_old_rules_and_keep_last_success_on_failure ... ok
test search_book_commands::equal_acquisition_checked_at_is_deterministic_first_writer_wins ... ok
test search_book_commands::get_returns_null_for_missing_book_url ... ok
test search_book_commands::list_filter_by_origin ... ok
test search_book_commands::plain_upsert_updates_metadata_without_erasing_core_acquisition_facts ... ok
test search_book_commands::put_get_list_delete_round_trip ... ok
test search_book_commands::put_rejects_empty_book_url ... ok
test search_book_commands::scoped_search_dispatch_is_local_and_preserves_composite_identity ... ok
test search_book_commands::search_candidates_are_published_once_per_source_with_real_rule_version ... ok
test search_content_commands::dispatch_search_content_book_name_empty_when_not_on_shelf ... ok
test search_content_commands::dispatch_search_content_empty_keyword_returns_invalid_params_error ... ok
test search_content_commands::canonical_remote_cache_is_reprocessed_for_read_and_search_without_refetch ... ok
test search_content_commands::dispatch_search_content_filtered_by_book_id ... ok
test search_content_commands::dispatch_search_content_max_results_truncates ... ok
test search_content_commands::dispatch_search_content_missing_keyword_param_returns_invalid_params_error ... ok
test search_content_commands::dispatch_search_content_no_match_returns_empty_array ... ok
test search_content_commands::dispatch_search_content_offset_pages_stably_and_marks_terminal_page ... ok
test search_content_commands::dispatch_search_content_returns_every_occurrence_within_one_chapter ... ok
test search_content_commands::dispatch_search_content_returns_finished_with_results ... ok
test search_content_commands::dispatch_search_content_snippet_includes_keyword_and_context ... ok
test search_content_commands::dispatch_search_content_source_filter_keeps_duplicate_book_ids_unambiguous ... ok
test search_content_commands::legacy_chapter_cache_remains_readable_without_reexecuting_source_rules ... ok
test search_content_commands::scoped_replacement_uses_source_scoped_book_name ... ok
test search_continuation_variables::reading_assistant_real_search_response_preserves_headers_and_book_metadata ... ok
test search_continuation_variables::source_headers_survive_search_and_detail_completions_without_cross_source_leak ... ok
test search_cover_commands::search_cover_wire_types_round_trip ... ok
test search_cover_commands::search_cover_auto_builds_request_for_first_source ... ok
test search_cover_commands::search_cover_extracts_cover_url_from_single_source ... ok
test search_continuation_variables::toc_and_content_pagination_restore_source_variables_on_every_completion ... ok
test search_cover_commands::search_cover_iterates_multiple_sources_and_dedupes ... ok
test search_cover_commands::search_cover_rejects_empty_book_name ... ok
test search_cover_commands::search_cover_rejects_empty_source_ids ... ok
test search_cover_commands::search_cover_skips_missing_source_and_continues ... ok
test search_history_commands::add_existing_keyword_increments_usage_and_returns_added_false ... ok
test search_history_commands::add_list_clear_round_trip ... ok
test rss_real_source_smoke::rss_parse_smoke_10_real_sources ... ok
test search_history_commands::add_rejects_empty_keyword ... ok
test search_history_commands::clear_on_empty_returns_zero ... ok
test search_history_commands::list_sorts_by_last_use_time_desc ... ok
test search_history_commands::shares_storage_with_search_keyword_put ... ok
test search_history_commands::list_with_limit_truncates_but_count_is_total ... ok
test search_keyword_commands::get_returns_null_for_missing_word ... ok
test search_keyword_commands::list_sorted_by_word_asc ... ok
test search_keyword_commands::put_defaults_usage_to_one_when_omitted ... ok
test search_keyword_commands::put_get_list_delete_round_trip ... ok
test search_keyword_commands::put_rejects_empty_word ... ok
test shutdown_flag::drop_signals_sink_shutdown_before_joining_worker ... ok
test source_check_commands::missing_source_id_returns_unavailable ... ok
test source_check_commands::multi_source_check_mixed_results ... ok
test source_check_commands::single_source_check_all_levels_pass ... ok
test source_check_commands::single_source_check_l2_returns_zero_books_fails ... ok
test source_check_commands::single_source_check_l3_fails_returns_unavailable ... ok
test source_check_commands::source_check_accepts_keyword_and_timeout_ms ... ok
test source_check_commands::single_source_check_l5_short_content_fails ... ok
test source_check_commands::source_check_empty_levels_defaults_to_l1_l5 ... ok
test source_check_commands::source_check_empty_source_ids_returns_invalid_params ... ok
test source_check_commands::source_check_l4_fails_when_pending_pagination_yields_zero_chapters ... ok
test source_check_commands::source_check_l1_only_passes_when_source_exists ... ok
test source_check_commands::source_check_l4_passes_when_toc_returns_pending_pagination ... ok
test source_check_commands::source_check_l5_passes_when_content_returns_pending_pagination ... ok
test source_check_commands::source_check_rejects_unknown_params ... ok
test source_check_commands::source_check_unknown_level_returns_invalid_params ... ok
test source_check_run_commands::ordinary_book_search_descriptor_omits_source_diagnostic_metadata ... ok
test source_check_run_commands::source_check_run_empty_host_body_is_l2_failure_not_success ... ok
test source_check_run_commands::source_check_run_descriptors_are_traceable_for_l2_through_l5_without_leaking_body ... ok
test source_check_run_commands::source_check_run_host_error_is_l2_failure_not_success ... ok
test source_check_run_commands::source_check_run_prefers_source_check_keyword_over_global_fallback ... ok
test source_check_run_commands::source_check_run_executes_real_pipeline_and_materializes_source_scoped_chapter ... ok
test source_check_run_commands::source_check_run_pagination_descriptors_keep_l4_and_l5_recorder_stages ... ok
test source_check_run_commands::source_check_run_rejects_empty_batch_and_blank_keyword ... ok
test source_check_run_commands::source_check_run_runs_disabled_source_availability_check ... ok
test source_check_run_commands::source_check_run_uses_final_detail_url_when_toc_rule_omits_toc_url ... ok
test source_debug_structured::source_debug_disabled_source_l2_search_is_not_gated ... ok
test source_debug_structured::source_debug_l1_import_step_field_populated ... ok
test source_debug_structured::source_debug_l2_search_failure_populates_error_kind ... ok
test source_debug_structured::source_debug_l2_search_success_populates_step_and_count ... ok
test source_explore_commands::source_explore_auto_build_merges_source_header ... ok
test source_explore_commands::source_explore_auto_builds_get_request_from_url ... ok
test source_explore_commands::source_explore_auto_build_resolves_relative_url ... ok
test source_explore_commands::source_explore_empty_response_falls_through_to_url ... ok
test source_explore_commands::source_explore_empty_rule_falls_back_to_search_rule ... ok
test source_explore_commands::source_explore_pending_continuation_is_source_explore_variant ... ok
test source_explore_commands::source_explore_pending_to_complete_empty_page_returns_empty_array ... ok
test source_explore_commands::source_explore_pending_to_complete_parses_response ... ok
test source_explore_commands::source_explore_pending_to_complete_propagates_http_diagnostics ... ok
test source_explore_commands::source_explore_relative_url_prefers_raw_book_source_base_url ... ok
test source_explore_commands::source_explore_prefetched_response_returns_books_directly ... ok
test source_explore_commands::source_explore_without_response_or_url_or_request_errors ... ok
test source_export_commands::default_format_is_json_when_field_omitted ... ok
test source_export_commands::empty_storage_export_returns_empty_array ... ok
test source_export_commands::encrypted_json_format_round_trips_through_decryption ... ok
test source_export_commands::encrypted_json_with_empty_password_round_trips ... ok
test source_export_commands::encrypted_json_wrong_password_fails_decryption ... ok
test source_export_commands::full_export_returns_all_sources_when_source_ids_omitted ... ok
test source_export_commands::missing_source_id_returns_invalid_params_error ... ok
test source_export_commands::partial_missing_id_aborts_with_invalid_params_and_exports_nothing ... ok
test source_export_commands::multi_source_export_round_trips_through_import ... ok
test source_export_commands::single_source_export_round_trips_through_import ... ok
test source_export_commands::v1_only_source_falls_back_to_minimal_legado_object ... ok
test source_import_list_commands::source_import_persists_and_lists_normalized_legado_base_url ... ok
test source_import_list_commands::source_list_projects_legacy_empty_base_url_after_sqlite_restart ... ok
test source_import_replacement_commands::source_import_applies_source_rules_only_when_explicitly_enabled ... ok
test source_import_replacement_commands::source_import_replacement_fails_closed_and_does_not_persist_invalid_json ... ok
test source_import_replacement_commands::source_import_replacement_requires_raw_book_source_object ... ok
test source_update_commands::book_search_disabled_source_returns_empty_without_host_request ... ok
test source_update_commands::book_search_disabled_source_prefetched_response_is_also_gated ... ok
test source_update_commands::book_search_inline_source_is_not_gated ... ok
test source_update_commands::search_cover_skips_disabled_source ... ok
test source_update_commands::source_check_plain_disabled_source_with_response_is_not_gated ... ok
test source_update_commands::source_explore_disabled_source_returns_empty ... ok
test source_update_commands::source_update_blank_source_id_returns_invalid_params ... ok
test source_update_commands::source_update_flips_enabled_and_returns_entry ... ok
test source_update_commands::source_update_is_idempotent ... ok
test source_update_commands::source_update_preserves_rules_and_unknown_legado_fields ... ok
test source_update_commands::source_update_unknown_source_id_returns_invalid_params ... ok
test source_update_commands::source_update_v1_only_source_fails_closed ... ok
test source_update_persistence_commands::source_update_persistence_put_failure_rolls_back_enabled_toggle ... ok
test source_update_persistence_commands::source_update_persistence_put_invalid_completion_rolls_back_enabled_toggle ... ok
test sync_backup_auto_decision_commands::disabled_gate_stays_closed_after_interval_elapsed ... ok
test sync_backup_auto_decision_commands::first_backup_is_immediately_due_when_enabled ... ok
test sync_backup_commands::backup_dry_run_returns_all_entries_ignoring_filter ... ok
test sync_backup_commands::backup_duplicate_relative_paths_return_error ... ok
test sync_backup_commands::backup_full_restore_no_filter_returns_all_entries ... ok
test sync_backup_commands::backup_full_restore_with_selected_book_ids_filters_entries ... ok
test sync_backup_commands::backup_invalid_package_total_bytes_returns_error ... ok
test sync_backup_commands::backup_multi_file_manifest_with_directory_structure_round_trips ... ok
test sync_backup_commands::backup_multi_file_selective_filter_preserves_unfiltered_entries ... ok
test sync_backup_commands::backup_non_object_package_returns_invalid_params ... ok
test sync_backup_commands::backup_non_object_policy_returns_invalid_params ... ok
test sync_backup_auto_decision_commands::strict_daily_boundary_matches_legado_less_than_check ... ok
test sync_backup_commands::backup_result_entries_are_sorted_by_relative_path ... ok
test sync_backup_commands::backup_selective_restore_filters_entries ... ok
test sync_backup_commands::backup_selective_with_empty_selected_book_ids_returns_error ... ok
test sync_backup_commands::backup_selective_without_selected_book_ids_returns_error ... ok
test sync_backup_auto_decision_commands::invalid_epoch_missing_fields_and_unknown_fields_fail_closed ... ok
test reader_ui_import_commands::local_book_import_persist_rejects_a_journal_that_cannot_fit_the_rollback_token ... ok
test sync_backup_content_plan_commands::lan_plan_omits_sensitive_content_and_preferences ... ok
test sync_backup_content_plan_commands::local_plan_returns_canonical_files_and_media_flags ... ok
test sync_backup_restore_scope_plan_commands::cookie_restore_requires_configured_password ... ok
test sync_backup_restore_scope_plan_commands::lan_restore_plan_strips_sensitive_entries_and_preserves_book_variables ... ok
test sync_backup_restore_scope_plan_commands::local_restore_plan_filters_read_config_cookies_and_local_books ... ok
test sync_backup_retention_commands::retention_candidate_with_duplicate_backup_ids_independent_paths ... ok
test sync_backup_retention_commands::retention_candidate_with_invalid_remote_path_returns_error ... ok
test sync_backup_retention_commands::retention_combines_count_overflow_and_age_expiry ... ok
test sync_backup_content_plan_commands::local_or_webdav_cookie_export_requires_password ... ok
test sync_backup_retention_commands::retention_deletes_count_overflow_packages ... ok
test sync_backup_retention_commands::retention_deletes_expired_packages_by_max_age_days ... ok
test sync_conflict_detect_commands::conflict_detection_is_pure_and_not_a_storage_mutation ... ok
test sync_backup_retention_commands::retention_empty_candidates_yields_empty_plan ... ok
test sync_backup_retention_commands::retention_empty_preserving_backup_id_returns_error ... ok
test sync_backup_retention_commands::retention_invalid_config_max_backups_zero_returns_error ... ok
test sync_backup_retention_commands::retention_missing_preserving_backup_id_returns_invalid_params ... ok
test sync_backup_retention_commands::retention_never_deletes_preserving_backup_id ... ok
test sync_backup_retention_commands::retention_non_object_config_returns_invalid_params ... ok
test sync_backup_retention_commands::retention_paths_are_sorted_for_deterministic_execution ... ok
test sync_conflict_detect_commands::detect_requires_complete_snapshots_and_reuses_core_merge_conflicts ... ok
test sync_conflict_resolve_commands::sync_conflict_resolve_local_choice_overrides_lww_winner ... ok
test sync_conflict_resolve_commands::sync_conflict_resolve_merged_choice_uses_user_payload ... ok
test sync_backup_content_plan_commands::invalid_envelopes_and_duplicate_categories_fail_closed ... ok
test sync_conflict_resolve_commands::sync_conflict_resolve_merged_deleted_creates_tombstone ... ok
test sync_conflict_resolve_commands::sync_conflict_resolve_no_resolution_keeps_auto_winner ... ok
test sync_conflict_resolve_commands::sync_conflict_resolve_preserves_non_conflicting_records ... ok
test sync_conflict_resolve_commands::sync_conflict_resolve_rejects_local_not_object ... ok
test sync_conflict_resolve_commands::sync_conflict_resolve_rejects_merged_with_empty_payload_and_not_deleted ... ok
test sync_conflict_resolve_commands::sync_conflict_resolve_rejects_resolution_for_nonexistent_conflict ... ok
test sync_conflict_resolve_commands::sync_conflict_resolve_remote_choice_overrides_lww_winner ... ok
test sync_conflict_resolve_commands::sync_conflict_resolve_with_no_conflicts_returns_merged_snapshot ... ok
test sync_merge_commands::sync_merge_bookmark_lww_winner_preserved_across_progress_conflict ... ok
test sync_merge_commands::sync_merge_combines_disjoint_records_without_conflict ... ok
test sync_merge_commands::sync_merge_custom_collection_read_record_follows_lww_semantics ... ok
test sync_merge_commands::sync_merge_delete_vs_update_in_bookmark_collection_reports_correct_conflict ... ok
test sync_conflict_detect_commands::detect_rejects_missing_non_object_and_unknown_payload_fields ... ok
test sync_merge_commands::sync_merge_delete_vs_update_reports_conflict ... ok
test sync_merge_commands::sync_merge_later_update_wins_and_reports_payload_conflict ... ok
test sync_merge_commands::sync_merge_mixed_collections_combine_disjoint_keys_without_conflict ... ok
test sync_merge_commands::sync_merge_rejects_local_not_object ... ok
test sync_backup_restore_scope_plan_commands::unsafe_duplicates_unknown_fields_and_non_object_requests_fail_closed ... ok
test sync_merge_commands::sync_merge_same_record_id_different_collections_are_independent_keys ... ok
test sync_merge_commands::sync_merge_three_collection_mix_all_resolve_independently ... ok
test sync_merge_commands::sync_merge_tiebreak_equal_timestamp_reports_conflict ... ok
test sync_webdav_directory_commands::directory_list_plan_emits_only_depth_one_propfind ... ok
test sync_webdav_directory_commands::directory_list_plan_rejects_traversal_instead_of_retargeting_host_base ... ok
test sync_webdav_directory_commands::multistatus_parse_returns_safe_metadata_and_uses_binary_safe_body_path ... ok
test sync_webdav_plan_commands::sync_webdav_plan_injects_authorization_when_auth_provided ... ok
test sync_webdav_plan_commands::sync_webdav_plan_rejects_invalid_webdav_request_shape ... ok
test sync_webdav_plan_commands::sync_webdav_plan_rejects_blank_base_url ... ok
test sync_webdav_plan_commands::sync_webdav_plan_translates_multiple_requests_preserving_order ... ok
test sync_webdav_plan_commands::sync_webdav_plan_translates_propfind_to_host_http_get ... ok
test sync_webdav_product_commands::connection_test_needs_no_encryption_key_and_rejects_wrong_status ... ok
test sync_webdav_directory_commands::multistatus_parse_requires_207_and_rejects_control_metadata ... ok
test sync_webdav_product_commands::restore_accepts_multistatus_hrefs_beneath_a_base_url_path ... ok
test sync_webdav_product_commands::product_webdav_rejects_cleartext_base_url_before_attaching_authorization ... ok
test sync_webdav_progress_commands::merge_applies_last_write_wins_and_per_book_retention ... ok
test sync_webdav_progress_commands::merge_manual_conflict_fails_closed ... ok
test sync_webdav_progress_commands::push_plan_preserves_both_versions_for_keep_both_policy ... ok
test sync_webdav_progress_commands::push_plan_models_pull_resolve_push_and_last_write_wins ... ok
test sync_webdav_remote_book_commands::local_import_plan_derives_canonical_filename_media_type_and_source_metadata ... ok
test sync_webdav_remote_book_commands::commands_reject_non_object_and_unknown_nested_requests ... ok
test sync_webdav_remote_book_commands::plan_returns_sorted_candidates_and_exact_host_operation_order ... ok
test sync_webdav_remote_book_commands::result_sorts_imports_and_classifies_partial_failure ... ok
test sync_webdav_remote_book_commands::result_rejects_an_import_outside_the_planned_candidate_set ... ok
test sync_webdav_product_commands::host_config_rejects_definitions_secrets_invalid_modes_and_oversized_ids ... ok
test tts_config_commands::get_ignores_unexpected_params ... ok
test sync_webdav_progress_commands::commands_reject_invalid_records_config_and_unknown_fields ... ok
test tts_config_commands::get_returns_config_after_put ... ok
test tts_config_commands::get_returns_null_when_no_config_saved ... ok
test tts_config_commands::put_allows_omitted_engine ... ok
test tts_fake_host_smoke::tts_fake_host_full_lifecycle_slice_play_speak_done_next_completed ... ok
test tts_position_persistence_smoke::tts_position_persistence_smoke_serialize_resume_from_slice_2 ... ok
test sync_webdav_remote_book_commands::local_import_plan_rejects_unsupported_format_and_invalid_envelope ... ok
test tts_config_commands::put_applies_legado_defaults_when_fields_omitted ... ok
test tts_config_commands::put_persists_singleton_config_with_id_1 ... ok
test tts_config_commands::put_rejects_unknown_fields ... ok
test tts_config_commands::put_upserts_on_repeated_calls ... ok
test txt_toc_rule_commands::create_applies_defaults_when_optional_fields_omitted ... ok
test txt_toc_rule_commands::create_with_explicit_id_round_trips ... ok
test txt_toc_rule_commands::create_rejects_unknown_fields ... ok
test txt_toc_rule_commands::create_without_id_assigns_monotonic_id ... ok
test txt_toc_rule_commands::delete_existing_rule_returns_deleted_true ... ok
test txt_toc_rule_commands::delete_unknown_id_is_idempotent_returns_deleted_false ... ok
test txt_toc_rule_commands::list_empty_when_no_rules_created ... ok
test txt_toc_rule_commands::list_rejects_unknown_fields ... ok
test webdav_e2e_smoke::webdav_conflict_merge_smoke ... FAILED
test webdav_e2e_smoke::webdav_restore_smoke ... FAILED
test webdav_e2e_smoke::webdav_upload_download_round_trip_smoke ... FAILED
test txt_toc_rule_commands::list_returns_created_rules ... ok
test txt_toc_rule_commands::update_applies_partial_changes_and_returns_updated_rule ... ok
test txt_toc_rule_commands::list_with_enabled_only_filters_disabled_rules ... ok
test txt_toc_rule_commands::update_can_toggle_enable_field ... ok
test txt_toc_rule_commands::update_unknown_id_returns_invalid_params_error ... ok
test sync_webdav_product_commands::abort_discards_the_pending_transaction ... ok
test sync_webdav_product_commands::restore_commit_succeeds_only_after_live_storage_matches_candidate ... ok
test sync_webdav_product_commands::host_only_restore_conflict_is_manual_encrypted_and_requires_durable_receipt ... ok
test sync_webdav_product_commands::backup_restore_conflict_and_repeat_restore_stay_core_owned ... ok

failures:

---- webdav_e2e_smoke::webdav_conflict_merge_smoke stdout ----

thread 'webdav_e2e_smoke::webdav_conflict_merge_smoke' (72353297) panicked at crates/reader-runtime/tests/helpers/mock_webdav_server.rs:39:57:
bind mock webdav port: Os { code: 1, kind: PermissionDenied, message: "Operation not permitted" }
note: run with `RUST_BACKTRACE=1` environment variable to display a backtrace

---- webdav_e2e_smoke::webdav_restore_smoke stdout ----

thread 'webdav_e2e_smoke::webdav_restore_smoke' (72353298) panicked at crates/reader-runtime/tests/helpers/mock_webdav_server.rs:39:57:
bind mock webdav port: Os { code: 1, kind: PermissionDenied, message: "Operation not permitted" }

---- webdav_e2e_smoke::webdav_upload_download_round_trip_smoke stdout ----

thread 'webdav_e2e_smoke::webdav_upload_download_round_trip_smoke' (72353299) panicked at crates/reader-runtime/tests/helpers/mock_webdav_server.rs:39:57:
bind mock webdav port: Os { code: 1, kind: PermissionDenied, message: "Operation not permitted" }


failures:
    webdav_e2e_smoke::webdav_conflict_merge_smoke
    webdav_e2e_smoke::webdav_restore_smoke
    webdav_e2e_smoke::webdav_upload_download_round_trip_smoke

test result: FAILED. 639 passed; 3 failed; 0 ignored; 0 measured; 0 filtered out; finished in 37.09s

error: test failed, to rerun pass `-p reader-runtime --test runtime_integration`
