app shell safe geometry: PASS
(node:98557) ExperimentalWarning: stripTypeScriptTypes is an experimental feature and might change at any time
(Use `node --trace-warnings ...` to show where the warning was created)
PASS: ArkWeb document DNS pin plus same-host navigation/resource enforcement
PASS: ArkWeb queue and cookie capture retain their admitted session generation
PASS: ArkWeb cookie capture keeps exact admitted host scope
shared book acquisition lifecycle, identities, and scheduling: PASS
PH65 registry epoch: five mutation entries success/failure and late list deletion race PASS
(node:98565) ExperimentalWarning: stripTypeScriptTypes is an experimental feature and might change at any time
(Use `node --trace-warnings ...` to show where the warning was created)
shared metadata: identical 56/55 and transitive 74/73 URL/source sets, rename/remount, no network, synopsis presentation: PASS
book-source production import contract: PASS
(node:98567) ExperimentalWarning: stripTypeScriptTypes is an experimental feature and might change at any time
(Use `node --trace-warnings ...` to show where the warning was created)
bookshelf detail removal: PASS
PASS PH60 shelf filters: independent dimensions, real SDK live chips/toggles, shared order, legacy data and hidden batch-selection safety
(node:98571) ExperimentalWarning: stripTypeScriptTypes is an experimental feature and might change at any time
(Use `node --trace-warnings ...` to show where the warning was created)
bookshelf management Core ownership contract: PASS
(node:98605) ExperimentalWarning: stripTypeScriptTypes is an experimental feature and might change at any time
(Use `node --trace-warnings ...` to show where the warning was created)
{"name":"manual update bypasses prepared sessions and executes real Gateway detail/TOC","status":"PASS"}
{"name":"manual update also bypasses durable catalog cache after prepared eviction","status":"PASS"}
{"name":"manual request waits for a cache-only in-flight acquisition then refreshes","status":"PASS"}
{"name":"per-book failure/empty results preserve old records, settle flags and continue bounded batch","status":"PASS"}
{"name":"automatic checks retain 10-minute threshold and disabled/local/active-sweep exclusions","status":"PASS"}
{"name":"multiple force waiters share one refresh after the nonforce admission settles","status":"PASS"}
{"name":"force waiting revalidates cancel before new network work","status":"PASS"}
{"name":"force waiting revalidates close before new network work","status":"PASS"}
{"name":"force waiting revalidates source-delete before new network work","status":"PASS"}
PH60 real Index → Gateway → Coordinator manual catalog refresh and bounded failure recovery PASS
PASS PH60 More: four rows, bounded scrolling geometry, anchored pointer, live progress/theme, empty/background guards and once-only update
(node:98610) ExperimentalWarning: stripTypeScriptTypes is an experimental feature and might change at any time
(Use `node --trace-warnings ...` to show where the warning was created)
PASS TXT uses format identity without changing Core metadata
PASS default group retains empty and explicit default identities without mutating legacy groups
PASS real section settings callback opens the default selector without navigating to another settings surface
PASS PH61 progress/source retain equal left/right slots and live progress after row reuse
PASS day: detail metadata shares source typography, label and moving source action
PASS night: detail metadata shares source typography, label and moving source action
PASS PH46/47 original author typography and the entire five-line block align with the cover
PASS missing synopsis is explained without contaminating the metadata projection
PASS empty chapters expose status: 暂无章节信息
PASS empty chapters expose status: 正在读取本地目录…
PASS empty chapters expose status: 目录读取失败，请重试
PASS source name/category/URL remain distinct and login precedes detect (no login)
PASS source name/category/URL remain distinct and login precedes detect (login)
PASS single-book sheet matches cover frame and both layers have straight lower corners
PASS 44vp source SVG stays 44vp in the single-book more action
(node:98636) ExperimentalWarning: stripTypeScriptTypes is an experimental feature and might change at any time
(Use `node --trace-warnings ...` to show where the warning was created)
(node:98649) ExperimentalWarning: stripTypeScriptTypes is an experimental feature and might change at any time
(Use `node --trace-warnings ...` to show where the warning was created)
bookshelf reading entry: PASS (local/remote, info/search, back, cancellation, failure, retry/source switch)
Reader Info production chain: explicit navigation, serialized stop/record/progress, save failure/retry and layered Back PASS
(node:98697) ExperimentalWarning: stripTypeScriptTypes is an experimental feature and might change at any time
(Use `node --trace-warnings ...` to show where the warning was created)
PASS Core shelf-name DTO, cold source.list failure, rename/delete/source identity, legacy field compatibility and progress-preserving Host projection
bookshelf tablet navigation contract: PASS
PASS surface repair: production import lifecycle, serialized local mode migration/failure, shared projection, responsive sizing, history and spinner ownership
PASS bookshelf/import current approved surfaces: shared four-row typography, separate menus, cover-aligned sheet, measured results and bounded animation
(node:98706) ExperimentalWarning: stripTypeScriptTypes is an experimental feature and might change at any time
(Use `node --trace-warnings ...` to show where the warning was created)
PASS bookshelf route return: identity+item offset, list/filter/group state, reordered books, late callback isolation
(node:98729) ExperimentalWarning: stripTypeScriptTypes is an experimental feature and might change at any time
(Use `node --trace-warnings ...` to show where the warning was created)
build provenance embedded NAPI contract: PASS
bundled book-source import collection: PASS (1046 tested records, 919 unique identities)
cookie exact-host and HttpOnly script-isolation policy: PASS
core build identity startup contract: PASS
(node:98792) ExperimentalWarning: stripTypeScriptTypes is an experimental feature and might change at any time
(Use `node --trace-warnings ...` to show where the warning was created)
PASS: detail mutation settles after exit; stale window completion cannot load content
node:internal/modules/run_main:107
    triggerUncaughtException(
    ^

AssertionError [ERR_ASSERTION]: async openSearchSessionCacheFirst(
    at method (file:///Users/minliny/Documents/Reader/Reader-for-HarmonyOS/tools/test-demo-async-recovery.mjs:10:51)
    at file:///Users/minliny/Documents/Reader/Reader-for-HarmonyOS/tools/test-demo-async-recovery.mjs:43:20 {
  generatedMessage: false,
  code: 'ERR_ASSERTION',
  actual: false,
  expected: true,
  operator: '==',
  diff: 'simple'
}

Node.js v26.0.0
