(node:38749) ExperimentalWarning: stripTypeScriptTypes is an experimental feature and might change at any time
(Use `node --trace-warnings ...` to show where the warning was created)
bookshelf reading entry: PASS (local/remote, info/search, back, cancellation, failure, retry/source switch)
node:internal/modules/run_main:107
    triggerUncaughtException(
    ^

AssertionError [ERR_ASSERTION]: one explicit argument preserves new-book vs saved-offset semantics
+ actual - expected

  [
+   []
-   [
-     7
-   ]
  ]

    at file:///Users/minliny/Documents/Reader/Reader-for-HarmonyOS/tools/test-bookshelf-reading-entry.mjs:250:10 {
  generatedMessage: false,
  code: 'ERR_ASSERTION',
  actual: [ [] ],
  expected: [ [ 7 ] ],
  operator: 'deepStrictEqual',
  diff: 'simple'
}

Node.js v26.0.0
