   Compiling reader-runtime v0.1.0 (/Users/minliny/Documents/Reader/Reader-Core-Native/crates/reader-runtime)
   Compiling reader-ffi v0.1.0 (/Users/minliny/Documents/Reader/Reader-Core-Native/crates/reader-ffi)
    Finished `dev` profile [unoptimized + debuginfo] target(s) in 11.45s
{"status":"PASS","layer":"desktop real NAPI + Rust + SQLite","runtimes":4,"eventLoopTicks":78,"preparedExport":"registered","preparedDisk":"catalogMissing","preparedOwnedResults":132,"preparedAfterClose":"rejected","failedOpen":"rejected","doubleClose":"safe"}
PASS: event independence, nonblocking close contention, lease lifetime
   Compiling reader-runtime v0.1.0 (/Users/minliny/Documents/Reader/Reader-Core-Native/crates/reader-runtime)
   Compiling reader-storage v0.1.0 (/Users/minliny/Documents/Reader/Reader-Core-Native/crates/reader-storage)
   Compiling reader-ffi v0.1.0 (/Users/minliny/Documents/Reader/Reader-Core-Native/crates/reader-ffi)
    Finished `release` profile [optimized] target(s) in 2m 07s
built target/aarch64-unknown-linux-ohos/release/libreader_core.a
evidence target/aarch64-unknown-linux-ohos/release/ohos-build-evidence.txt
name=reader-core-native-ohos
target=aarch64-unknown-linux-ohos
artifact=target/aarch64-unknown-linux-ohos/release/libreader_core.a
artifact_sha256=47e830642bf8dc8a9d4f8245965485de81765aa7e206add0a7ead7e24ce67500
artifact_bytes=39942232
rustc=rustc 1.97.1 (8bab26f4f 2026-07-14)
cargo=cargo 1.97.1 (c980f4866 2026-06-30)
ohos_sdk_home=/Applications/DevEco-Studio.app/Contents/sdk/default
CC_aarch64_unknown_linux_ohos=/Applications/DevEco-Studio.app/Contents/sdk/default/openharmony/native/llvm/bin/aarch64-unknown-linux-ohos-clang
CXX_aarch64_unknown_linux_ohos=/Applications/DevEco-Studio.app/Contents/sdk/default/openharmony/native/llvm/bin/aarch64-unknown-linux-ohos-clang++
AR_aarch64_unknown_linux_ohos=/Applications/DevEco-Studio.app/Contents/sdk/default/openharmony/native/llvm/bin/llvm-ar
RANLIB_aarch64_unknown_linux_ohos=/Applications/DevEco-Studio.app/Contents/sdk/default/openharmony/native/llvm/bin/llvm-ranlib
CARGO_TARGET_AARCH64_UNKNOWN_LINUX_OHOS_LINKER=/Applications/DevEco-Studio.app/Contents/sdk/default/openharmony/native/llvm/bin/aarch64-unknown-linux-ohos-clang
libclang_path=/Library/Developer/CommandLineTools/usr/lib
-- Configuring done (0.0s)
-- Generating done (0.0s)
-- Build files have been written to: /Users/minliny/Documents/Reader/Reader-Core-Native/target/harmony-napi/arm64-v8a
[1/1] Linking CXX shared library libreader_core_napi.so
built target/harmony-napi/arm64-v8a/libreader_core_napi.so
evidence target/harmony-napi/arm64-v8a/harmony-napi-build-evidence.txt
name=reader-core-native-harmony-napi
target=aarch64-unknown-linux-ohos
ohos_arch=arm64-v8a
artifact=target/harmony-napi/arm64-v8a/libreader_core_napi.so
artifact_sha256=21cf667a642b027209867c7ce8a2f23b7ba019ddaf03cc97b3f46f86e80281c8
artifact_bytes=21182264
reader_core_static=target/aarch64-unknown-linux-ohos/release/libreader_core.a
reader_core_static_sha256=47e830642bf8dc8a9d4f8245965485de81765aa7e206add0a7ead7e24ce67500
reader_core_static_bytes=39942232
cmake=cmake version 3.28.2
ninja=1.12.0
toolchain=/Applications/DevEco-Studio.app/Contents/sdk/default/openharmony/native/build/cmake/ohos.toolchain.cmake
ohos_sdk_home=/Applications/DevEco-Studio.app/Contents/sdk/default
arkts_entry=bindings/harmony/Index.ets
ohpm_package=bindings/harmony/oh-package.json5
package_dir=target/harmony-napi/arm64-v8a/package
package_manifest=target/harmony-napi/arm64-v8a/harmony-package-manifest.sha256
package_manifest_sha256=3531326afe32f0257e4ed5e59e696cc485cd89f5482a2c48c0ef3b1309f61490
core_build_identity=target/harmony-napi/arm64-v8a/core-build-identity.json
core_build_identity_sha256=5a138350a6cc658821880249f624ba67f0d9ab0851eae37e49dc8de5ff3f33b0
exports=abiVersion,readEpubEntry,encodeText,createRuntime,createRuntimeAsync,releaseRuntime,sendCommand,readPreparedEntry,cancelRequest,readEvent,pendingEventCount,completeHostRequest,failHostRequest,pingSmoke,hostSmoke,lifecycleSmoke
sdk_smoke=pass
sdk_smoke_tests=bindings/harmony/sdk
sdk_smoke_output=target/harmony-napi/arm64-v8a/harmony-sdk-smoke.txt
sdk_smoke_output_sha256=c6ab27a5fc26bd78e5bdf595d89b2c1781da2cd1fca9e2741bcbeb9ad324d00d
sdk_smoke_raw_output=target/harmony-napi/arm64-v8a/harmony-sdk-smoke.raw.txt
symbols=target/harmony-napi/arm64-v8a/libreader_core_napi.symbols.txt
symbols_sha256=acff7793708c4bf23dcdb0606cd3d4275fa6441578aa6dc6607b19300e7b39e7
napi_symbols=target/harmony-napi/arm64-v8a/libreader_core_napi.napi-symbols.txt
napi_symbols_sha256=0a17609eefd6e8ad56837166ca77c5fc34f6d8cc9305f6b814e0d7d43f6d11e4
