   Compiling reader-contract v0.1.0 (/Users/minliny/Documents/Reader/Reader-Core-Native/crates/reader-contract)
    Finished `test` profile [unoptimized + debuginfo] target(s) in 6.45s
     Running unittests src/lib.rs (target/check/debug/deps/reader_contract-52ef3f22e1122ebd)

running 1 test
test host::tests::harmony_sdk_host_error_json_is_a_valid_core_error_envelope ... ok

test result: ok. 1 passed; 0 failed; 0 ignored; 0 measured; 229 filtered out; finished in 0.00s

     Running tests/cache_command_dto_round_trip.rs (target/check/debug/deps/cache_command_dto_round_trip-8eda41d5d83e7f10)

running 0 tests

test result: ok. 0 passed; 0 failed; 0 ignored; 0 measured; 5 filtered out; finished in 0.00s

     Running tests/host_capability_ios_adapter_coverage.rs (target/check/debug/deps/host_capability_ios_adapter_coverage-c1ddb85f38f37a54)

running 0 tests

test result: ok. 0 passed; 0 failed; 0 ignored; 0 measured; 7 filtered out; finished in 0.00s

     Running tests/host_capability_round_trip.rs (target/check/debug/deps/host_capability_round_trip-36a303a158763139)

running 0 tests

test result: ok. 0 passed; 0 failed; 0 ignored; 0 measured; 44 filtered out; finished in 0.00s

     Running tests/http_transport_conformance.rs (target/check/debug/deps/http_transport_conformance-3fe32133cacd0f0b)

running 0 tests

test result: ok. 0 passed; 0 failed; 0 ignored; 0 measured; 1 filtered out; finished in 0.00s

     Running tests/parse_result_round_trip.rs (target/check/debug/deps/parse_result_round_trip-78ce31572580914c)

running 0 tests

test result: ok. 0 passed; 0 failed; 0 ignored; 0 measured; 8 filtered out; finished in 0.00s

     Running tests/playback_dto_round_trip.rs (target/check/debug/deps/playback_dto_round_trip-4d47821b432f2a90)

running 0 tests

test result: ok. 0 passed; 0 failed; 0 ignored; 0 measured; 2 filtered out; finished in 0.00s

     Running tests/reader_ui_favorite_dto_round_trip.rs (target/check/debug/deps/reader_ui_favorite_dto_round_trip-42783c1c8679014b)

running 0 tests

test result: ok. 0 passed; 0 failed; 0 ignored; 0 measured; 3 filtered out; finished in 0.00s

     Running tests/reader_ui_import_dto_round_trip.rs (target/check/debug/deps/reader_ui_import_dto_round_trip-d11c1ce643afc849)

running 0 tests

test result: ok. 0 passed; 0 failed; 0 ignored; 0 measured; 5 filtered out; finished in 0.00s

     Running tests/remote_content_position_contract.rs (target/check/debug/deps/remote_content_position_contract-df80a052fb9d3a5d)

running 0 tests

test result: ok. 0 passed; 0 failed; 0 ignored; 0 measured; 5 filtered out; finished in 0.00s

     Running tests/remote_dto_round_trip.rs (target/check/debug/deps/remote_dto_round_trip-7dac10c560addbba)

running 0 tests

test result: ok. 0 passed; 0 failed; 0 ignored; 0 measured; 186 filtered out; finished in 0.00s

     Running tests/rss_subscription_create_dto.rs (target/check/debug/deps/rss_subscription_create_dto-c7b5bfd8acc3655c)

running 0 tests

test result: ok. 0 passed; 0 failed; 0 ignored; 0 measured; 3 filtered out; finished in 0.00s

     Running tests/tts_method_round_trip.rs (target/check/debug/deps/tts_method_round_trip-c501415e92bb805e)

running 0 tests

test result: ok. 0 passed; 0 failed; 0 ignored; 0 measured; 19 filtered out; finished in 0.00s

