   Compiling reader-domain v0.1.0 (/Users/minliny/Documents/Reader/Reader-Core-Native/crates/reader-domain)
   Compiling reader-contract v0.1.0 (/Users/minliny/Documents/Reader/Reader-Core-Native/crates/reader-contract)
   Compiling reader-rule v0.1.0 (/Users/minliny/Documents/Reader/Reader-Core-Native/crates/reader-rule)
   Compiling reader-js v0.1.0 (/Users/minliny/Documents/Reader/Reader-Core-Native/crates/reader-js)
   Compiling reader-content v0.1.0 (/Users/minliny/Documents/Reader/Reader-Core-Native/crates/reader-content)
    Finished `test` profile [unoptimized + debuginfo] target(s) in 5.75s
     Running tests/chapter_typed_admission.rs (target/debug/deps/chapter_typed_admission-126479112a9f5dad)

running 6 tests
test songhe_rejects_non_text_types_but_preserves_literal_text ... ok
test mandatory_search_list_js_failure_is_not_a_successful_empty_search ... ok
test configured_chapter_url_failure_is_distinct_from_an_empty_volume_url ... ok
test complete_66_rule_never_publishes_message_log_or_object_as_a_body ... ok
test required_body_js_keeps_intermediate_structure_and_rejects_terminal_non_text ... ok
test legacy_string_chapter_and_raw_fallback_share_typed_admission ... ok

test result: ok. 6 passed; 0 failed; 0 ignored; 0 measured; 0 filtered out; finished in 0.18s

     Running tests/remote_content_finalization.rs (target/debug/deps/remote_content_finalization-b0d6f6a940c36ec4)

running 7 tests
test replacement_templates_share_the_first_response_and_merged_result_context ... ok
test replacement_can_read_first_response_and_book_chapter_context ... ok
test json_and_html_layers_preserve_text_and_decode_only_their_own_syntax ... ok
test standalone_chapter_helper_passes_extracted_continuation_to_final_replacement ... ok
test image_descriptor_round_trip_preserves_url_options_and_scalar_anchors ... ok
test source_replacement_is_an_independent_complete_rule ... ok
test replacement_endpoint_is_required_text_with_structured_intermediates ... ok

test result: ok. 7 passed; 0 failed; 0 ignored; 0 measured; 0 filtered out; finished in 0.18s

